Archive member included to satisfy reference by file (symbol)

C:/ST/STM32CubeIDE_1.16.1/STM32CubeIDE/plugins/com.st.stm32cube.ide.mcu.externaltools.gnu-tools-for-stm32.13.3.rel1.win32_1.0.0.202411081344/tools/bin/../lib/gcc/arm-none-eabi/13.3.1/../../../../arm-none-eabi/lib/thumb/v7-m/nofp\libc_nano.a(libc_a-exit.o)
                              C:/ST/STM32CubeIDE_1.16.1/STM32CubeIDE/plugins/com.st.stm32cube.ide.mcu.externaltools.gnu-tools-for-stm32.13.3.rel1.win32_1.0.0.202411081344/tools/bin/../lib/gcc/arm-none-eabi/13.3.1/../../../../arm-none-eabi/lib/thumb/v7-m/nofp/crt0.o (exit)
C:/ST/STM32CubeIDE_1.16.1/STM32CubeIDE/plugins/com.st.stm32cube.ide.mcu.externaltools.gnu-tools-for-stm32.13.3.rel1.win32_1.0.0.202411081344/tools/bin/../lib/gcc/arm-none-eabi/13.3.1/../../../../arm-none-eabi/lib/thumb/v7-m/nofp\libc_nano.a(libc_a-findfp.o)
                              ./common/ThirdParty/FreeRTOS/tasks.o (__sf)
C:/ST/STM32CubeIDE_1.16.1/STM32CubeIDE/plugins/com.st.stm32cube.ide.mcu.externaltools.gnu-tools-for-stm32.13.3.rel1.win32_1.0.0.202411081344/tools/bin/../lib/gcc/arm-none-eabi/13.3.1/../../../../arm-none-eabi/lib/thumb/v7-m/nofp\libc_nano.a(libc_a-fwalk.o)
                              C:/ST/STM32CubeIDE_1.16.1/STM32CubeIDE/plugins/com.st.stm32cube.ide.mcu.externaltools.gnu-tools-for-stm32.13.3.rel1.win32_1.0.0.202411081344/tools/bin/../lib/gcc/arm-none-eabi/13.3.1/../../../../arm-none-eabi/lib/thumb/v7-m/nofp\libc_nano.a(libc_a-findfp.o) (_fwalk_sglue)
C:/ST/STM32CubeIDE_1.16.1/STM32CubeIDE/plugins/com.st.stm32cube.ide.mcu.externaltools.gnu-tools-for-stm32.13.3.rel1.win32_1.0.0.202411081344/tools/bin/../lib/gcc/arm-none-eabi/13.3.1/../../../../arm-none-eabi/lib/thumb/v7-m/nofp\libc_nano.a(libc_a-stdio.o)
                              C:/ST/STM32CubeIDE_1.16.1/STM32CubeIDE/plugins/com.st.stm32cube.ide.mcu.externaltools.gnu-tools-for-stm32.13.3.rel1.win32_1.0.0.202411081344/tools/bin/../lib/gcc/arm-none-eabi/13.3.1/../../../../arm-none-eabi/lib/thumb/v7-m/nofp\libc_nano.a(libc_a-findfp.o) (__sread)
C:/ST/STM32CubeIDE_1.16.1/STM32CubeIDE/plugins/com.st.stm32cube.ide.mcu.externaltools.gnu-tools-for-stm32.13.3.rel1.win32_1.0.0.202411081344/tools/bin/../lib/gcc/arm-none-eabi/13.3.1/../../../../arm-none-eabi/lib/thumb/v7-m/nofp\libc_nano.a(libc_a-memset.o)
                              C:/ST/STM32CubeIDE_1.16.1/STM32CubeIDE/plugins/com.st.stm32cube.ide.mcu.externaltools.gnu-tools-for-stm32.13.3.rel1.win32_1.0.0.202411081344/tools/bin/../lib/gcc/arm-none-eabi/13.3.1/../../../../arm-none-eabi/lib/thumb/v7-m/nofp/crt0.o (memset)
C:/ST/STM32CubeIDE_1.16.1/STM32CubeIDE/plugins/com.st.stm32cube.ide.mcu.externaltools.gnu-tools-for-stm32.13.3.rel1.win32_1.0.0.202411081344/tools/bin/../lib/gcc/arm-none-eabi/13.3.1/../../../../arm-none-eabi/lib/thumb/v7-m/nofp\libc_nano.a(libc_a-closer.o)
                              C:/ST/STM32CubeIDE_1.16.1/STM32CubeIDE/plugins/com.st.stm32cube.ide.mcu.externaltools.gnu-tools-for-stm32.13.3.rel1.win32_1.0.0.202411081344/tools/bin/../lib/gcc/arm-none-eabi/13.3.1/../../../../arm-none-eabi/lib/thumb/v7-m/nofp\libc_nano.a(libc_a-stdio.o) (_close_r)
C:/ST/STM32CubeIDE_1.16.1/STM32CubeIDE/plugins/com.st.stm32cube.ide.mcu.externaltools.gnu-tools-for-stm32.13.3.rel1.win32_1.0.0.202411081344/tools/bin/../lib/gcc/arm-none-eabi/13.3.1/../../../../arm-none-eabi/lib/thumb/v7-m/nofp\libc_nano.a(libc_a-reent.o)
                              ./common/ThirdParty/FreeRTOS/tasks.o (_reclaim_reent)
C:/ST/STM32CubeIDE_1.16.1/STM32CubeIDE/plugins/com.st.stm32cube.ide.mcu.externaltools.gnu-tools-for-stm32.13.3.rel1.win32_1.0.0.202411081344/tools/bin/../lib/gcc/arm-none-eabi/13.3.1/../../../../arm-none-eabi/lib/thumb/v7-m/nofp\libc_nano.a(libc_a-impure.o)
                              ./common/ThirdParty/FreeRTOS/tasks.o (_impure_ptr)
C:/ST/STM32CubeIDE_1.16.1/STM32CubeIDE/plugins/com.st.stm32cube.ide.mcu.externaltools.gnu-tools-for-stm32.13.3.rel1.win32_1.0.0.202411081344/tools/bin/../lib/gcc/arm-none-eabi/13.3.1/../../../../arm-none-eabi/lib/thumb/v7-m/nofp\libc_nano.a(libc_a-lseekr.o)
                              C:/ST/STM32CubeIDE_1.16.1/STM32CubeIDE/plugins/com.st.stm32cube.ide.mcu.externaltools.gnu-tools-for-stm32.13.3.rel1.win32_1.0.0.202411081344/tools/bin/../lib/gcc/arm-none-eabi/13.3.1/../../../../arm-none-eabi/lib/thumb/v7-m/nofp\libc_nano.a(libc_a-stdio.o) (_lseek_r)
C:/ST/STM32CubeIDE_1.16.1/STM32CubeIDE/plugins/com.st.stm32cube.ide.mcu.externaltools.gnu-tools-for-stm32.13.3.rel1.win32_1.0.0.202411081344/tools/bin/../lib/gcc/arm-none-eabi/13.3.1/../../../../arm-none-eabi/lib/thumb/v7-m/nofp\libc_nano.a(libc_a-readr.o)
                              C:/ST/STM32CubeIDE_1.16.1/STM32CubeIDE/plugins/com.st.stm32cube.ide.mcu.externaltools.gnu-tools-for-stm32.13.3.rel1.win32_1.0.0.202411081344/tools/bin/../lib/gcc/arm-none-eabi/13.3.1/../../../../arm-none-eabi/lib/thumb/v7-m/nofp\libc_nano.a(libc_a-stdio.o) (_read_r)
[...]
Memory Configuration

Name             Origin             Length             Attributes
RAM              0x20000000         0x00005000         xrw
FLASH            0x08000000         0x00010000         xr
*default*        0x00000000         0xffffffff

Linker script and memory map

LOAD C:/ST/STM32CubeIDE_1.16.1/STM32CubeIDE/plugins/com.st.stm32cube.ide.mcu.externaltools.gnu-tools-for-stm32.13.3.rel1.win32_1.0.0.202411081344/tools/bin/../lib/gcc/arm-none-eabi/13.3.1/thumb/v7-m/nofp/crti.o
LOAD C:/ST/STM32CubeIDE_1.16.1/STM32CubeIDE/plugins/com.st.stm32cube.ide.mcu.externaltools.gnu-tools-for-stm32.13.3.rel1.win32_1.0.0.202411081344/tools/bin/../lib/gcc/arm-none-eabi/13.3.1/thumb/v7-m/nofp/crtbegin.o
LOAD C:/ST/STM32CubeIDE_1.16.1/STM32CubeIDE/plugins/com.st.stm32cube.ide.mcu.externaltools.gnu-tools-for-stm32.13.3.rel1.win32_1.0.0.202411081344/tools/bin/../lib/gcc/arm-none-eabi/13.3.1/../../../../arm-none-eabi/lib/thumb/v7-m/nofp/crt0.o
LOAD ./Core/Src/keypad.o
LOAD ./Core/Src/lcd.o
LOAD ./Core/Src/main.o
LOAD ./Core/Src/stm32f1xx_hal_msp.o
LOAD ./Core/Src/stm32f1xx_hal_timebase_tim.o
LOAD ./Core/Src/stm32f1xx_it.o
LOAD ./Core/Src/syscalls.o
LOAD ./Core/Src/system_stm32f1xx.o
LOAD ./Core/Startup/startup_stm32f103c8tx.o
LOAD ./Drivers/STM32F1xx_HAL_Driver/Src/stm32f1xx_hal.o
LOAD ./Drivers/STM32F1xx_HAL_Driver/Src/stm32f1xx_hal_cortex.o
LOAD ./Drivers/STM32F1xx_HAL_Driver/Src/stm32f1xx_hal_dma.o
LOAD ./Drivers/STM32F1xx_HAL_Driver/Src/stm32f1xx_hal_exti.o
LOAD ./Drivers/STM32F1xx_HAL_Driver/Src/stm32f1xx_hal_flash.o
LOAD ./Drivers/STM32F1xx_HAL_Driver/Src/stm32f1xx_hal_flash_ex.o
LOAD ./Drivers/STM32F1xx_HAL_Driver/Src/stm32f1xx_hal_gpio.o
LOAD ./Drivers/STM32F1xx_HAL_Driver/Src/stm32f1xx_hal_gpio_ex.o
LOAD ./Drivers/STM32F1xx_HAL_Driver/Src/stm32f1xx_hal_i2c.o
LOAD ./Drivers/STM32F1xx_HAL_Driver/Src/stm32f1xx_hal_pwr.o
LOAD ./Drivers/STM32F1xx_HAL_Driver/Src/stm32f1xx_hal_rcc.o
LOAD ./Drivers/STM32F1xx_HAL_Driver/Src/stm32f1xx_hal_rcc_ex.o
LOAD ./Drivers/STM32F1xx_HAL_Driver/Src/stm32f1xx_hal_tim.o
LOAD ./Drivers/STM32F1xx_HAL_Driver/Src/stm32f1xx_hal_tim_ex.o
LOAD ./Drivers/STM32F1xx_HAL_Driver/Src/stm32f1xx_hal_uart.o
LOAD ./common/ThirdParty/FreeRTOS/croutine.o
LOAD ./common/ThirdParty/FreeRTOS/event_groups.o
LOAD ./common/ThirdParty/FreeRTOS/list.o
LOAD ./common/ThirdParty/FreeRTOS/queue.o
LOAD ./common/ThirdParty/FreeRTOS/stream_buffer.o
LOAD ./common/ThirdParty/FreeRTOS/tasks.o
LOAD ./common/ThirdParty/FreeRTOS/timers.o
LOAD ./common/ThirdParty/FreeRTOS/portable/GCC/ARM_CM3/port.o
LOAD ./common/ThirdParty/FreeRTOS/portable/MemMang/heap_4.o
START GROUP
LOAD C:/ST/STM32CubeIDE_1.16.1/STM32CubeIDE/plugins/com.st.stm32cube.ide.mcu.externaltools.gnu-tools-for-stm32.13.3.rel1.win32_1.0.0.202411081344/tools/bin/../lib/gcc/arm-none-eabi/13.3.1/../../../../arm-none-eabi/lib/thumb/v7-m/nofp\libc_nano.a
LOAD C:/ST/STM32CubeIDE_1.16.1/STM32CubeIDE/plugins/com.st.stm32cube.ide.mcu.externaltools.gnu-tools-for-stm32.13.3.rel1.win32_1.0.0.202411081344/tools/bin/../lib/gcc/arm-none-eabi/13.3.1/../../../../arm-none-eabi/lib/thumb/v7-m/nofp\libm.a
END GROUP
START GROUP
LOAD C:/ST/STM32CubeIDE_1.16.1/STM32CubeIDE/plugins/com.st.stm32cube.ide.mcu.externaltools.gnu-tools-for-stm32.13.3.rel1.win32_1.0.0.202411081344/tools/bin/../lib/gcc/arm-none-eabi/13.3.1/thumb/v7-m/nofp\libgcc.a
LOAD C:/ST/STM32CubeIDE_1.16.1/STM32CubeIDE/plugins/com.st.stm32cube.ide.mcu.externaltools.gnu-tools-for-stm32.13.3.rel1.win32_1.0.0.202411081344/tools/bin/../lib/gcc/arm-none-eabi/13.3.1/../../../../arm-none-eabi/lib/thumb/v7-m/nofp\libc_nano.a
END GROUP
START GROUP
LOAD C:/ST/STM32CubeIDE_1.16.1/STM32CubeIDE/plugins/com.st.stm32cube.ide.mcu.externaltools.gnu-tools-for-stm32.13.3.rel1.win32_1.0.0.202411081344/tools/bin/../lib/gcc/arm-none-eabi/13.3.1/thumb/v7-m/nofp\libgcc.a
LOAD C:/ST/STM32CubeIDE_1.16.1/STM32CubeIDE/plugins/com.st.stm32cube.ide.mcu.externaltools.gnu-tools-for-stm32.13.3.rel1.win32_1.0.0.202411081344/tools/bin/../lib/gcc/arm-none-eabi/13.3.1/../../../../arm-none-eabi/lib/thumb/v7-m/nofp\libc_nano.a
LOAD C:/ST/STM32CubeIDE_1.16.1/STM32CubeIDE/plugins/com.st.stm32cube.ide.mcu.externaltools.gnu-tools-for-stm32.13.3.rel1.win32_1.0.0.202411081344/tools/bin/../lib/gcc/arm-none-eabi/13.3.1/../../../../arm-none-eabi/lib/thumb/v7-m/nofp\libnosys.a
END GROUP
START GROUP
LOAD C:/ST/STM32CubeIDE_1.16.1/STM32CubeIDE/plugins/com.st.stm32cube.ide.mcu.externaltools.gnu-tools-for-stm32.13.3.rel1.win32_1.0.0.202411081344/tools/bin/../lib/gcc/arm-none-eabi/13.3.1/thumb/v7-m/nofp\libgcc.a
LOAD C:/ST/STM32CubeIDE_1.16.1/STM32CubeIDE/plugins/com.st.stm32cube.ide.mcu.externaltools.gnu-tools-for-stm32.13.3.rel1.win32_1.0.0.202411081344/tools/bin/../lib/gcc/arm-none-eabi/13.3.1/../../../../arm-none-eabi/lib/thumb/v7-m/nofp\libc_nano.a
LOAD C:/ST/STM32CubeIDE_1.16.1/STM32CubeIDE/plugins/com.st.stm32cube.ide.mcu.externaltools.gnu-tools-for-stm32.13.3.rel1.win32_1.0.0.202411081344/tools/bin/../lib/gcc/arm-none-eabi/13.3.1/../../../../arm-none-eabi/lib/thumb/v7-m/nofp\libnosys.a
END GROUP
LOAD C:/ST/STM32CubeIDE_1.16.1/STM32CubeIDE/plugins/com.st.stm32cube.ide.mcu.externaltools.gnu-tools-for-stm32.13.3.rel1.win32_1.0.0.202411081344/tools/bin/../lib/gcc/arm-none-eabi/13.3.1/thumb/v7-m/nofp/crtend.o
LOAD C:/ST/STM32CubeIDE_1.16.1/STM32CubeIDE/plugins/com.st.stm32cube.ide.mcu.externaltools.gnu-tools-for-stm32.13.3.rel1.win32_1.0.0.202411081344/tools/bin/../lib/gcc/arm-none-eabi/13.3.1/thumb/v7-m/nofp/crtn.o
                0x20005000                        _estack = (ORIGIN (RAM) + LENGTH (RAM))
                0x00000200                        _Min_Heap_Size = 0x200
                0x00000400                        _Min_Stack_Size = 0x400

.isr_vector     0x08000000      0x10c
                0x08000000                        . = ALIGN (0x4)
 *(.isr_vector)
 .isr_vector    0x08000000      0x10c ./Core/Startup/startup_stm32f103c8tx.o
                0x08000000                g_pfnVectors
                0x0800010c                        . = ALIGN (0x4)

.text           0x08000110     0x62b4
                0x08000110                        . = ALIGN (0x4)
 *(.text)
 .text          0x08000110       0x40 C:/ST/STM32CubeIDE_1.16.1/STM32CubeIDE/plugins/com.st.stm32cube.ide.mcu.externaltools.gnu-tools-for-stm32.13.3.rel1.win32_1.0.0.202411081344/tools/bin/../lib/gcc/arm-none-eabi/13.3.1/thumb/v7-m/nofp/crtbegin.o
 *(.text*)
 .text.button_pressed
                0x08000150       0x54 ./Core/Src/keypad.o
                0x08000150                button_pressed
 .text.whichkey
                0x080001a4       0xec ./Core/Src/keypad.o
                0x080001a4                whichkey
 .text.lcd_init
                0x08000290       0x64 ./Core/Src/lcd.o
                0x08000290                lcd_init
 .text.lcd_write_command8bitmode
                0x080002f4       0xac ./Core/Src/lcd.o
                0x080002f4                lcd_write_command8bitmode
 .text.lcd_write_command4bitmode
                0x080003a0      0x12c ./Core/Src/lcd.o
                0x080003a0                lcd_write_command4bitmode
 .text.lcd_write_data4bitmode
                0x080004cc      0x12c ./Core/Src/lcd.o
                0x080004cc                lcd_write_data4bitmode
 .text.main     0x080005f8      0x1a4 ./Core/Src/main.o
                0x080005f8                main
 .text.SystemClock_Config
                0x0800079c       0x76 ./Core/Src/main.o
                0x0800079c                SystemClock_Config
 *fill*         0x08000812        0x2 
 .text.MX_I2C1_Init
                0x08000814       0x5c ./Core/Src/main.o
 .text.MX_TIM3_Init
                0x08000870       0xec ./Core/Src/main.o
 .text.MX_USART1_UART_Init
                0x0800095c       0x54 ./Core/Src/main.o
 .text.MX_GPIO_Init
                0x080009b0       0xd8 ./Core/Src/main.o
 .text.keypad_handler
                0x08000a88      0x2b0 ./Core/Src/main.o
                0x08000a88                keypad_handler
 .text.pwm_handler
                0x08000d38       0x30 ./Core/Src/main.o
                0x08000d38                pwm_handler
 .text.uart_handler
                0x08000d68       0x9c ./Core/Src/main.o
                0x08000d68                uart_handler
 .text.lcd_handler
                0x08000e04       0xf4 ./Core/Src/main.o
                0x08000e04                lcd_handler
 .text.HAL_TIM_PeriodElapsedCallback
                0x08000ef8       0x24 ./Core/Src/main.o
                0x08000ef8                HAL_TIM_PeriodElapsedCallback
 .text.Error_Handler
                0x08000f1c        0xc ./Core/Src/main.o
                0x08000f1c                Error_Handler
 .text.HAL_MspInit
                0x08000f28       0x64 ./Core/Src/stm32f1xx_hal_msp.o
                0x08000f28                HAL_MspInit
 .text.HAL_I2C_MspInit
                0x08000f8c       0x7c ./Core/Src/stm32f1xx_hal_msp.o
                0x08000f8c                HAL_I2C_MspInit
 .text.HAL_TIM_Base_MspInit
                0x08001008       0x3c ./Core/Src/stm32f1xx_hal_msp.o
                0x08001008                HAL_TIM_Base_MspInit
 .text.HAL_TIM_MspPostInit
                0x08001044       0x64 ./Core/Src/stm32f1xx_hal_msp.o
                0x08001044                HAL_TIM_MspPostInit
 .text.HAL_UART_MspInit
                0x080010a8       0x98 ./Core/Src/stm32f1xx_hal_msp.o
                0x080010a8                HAL_UART_MspInit
 .text.HAL_InitTick
                0x08001140       0xfc ./Core/Src/stm32f1xx_hal_timebase_tim.o
                0x08001140                HAL_InitTick
 .text.NMI_Handler
                0x0800123c        0x8 ./Core/Src/stm32f1xx_it.o
                0x0800123c                NMI_Handler
 .text.HardFault_Handler
                0x08001244        0x8 ./Core/Src/stm32f1xx_it.o
                0x08001244                HardFault_Handler
 .text.MemManage_Handler
                0x0800124c        0x8 ./Core/Src/stm32f1xx_it.o
                0x0800124c                MemManage_Handler
 .text.BusFault_Handler
                0x08001254        0x8 ./Core/Src/stm32f1xx_it.o
                0x08001254                BusFault_Handler
 .text.UsageFault_Handler
                0x0800125c        0x8 ./Core/Src/stm32f1xx_it.o
                0x0800125c                UsageFault_Handler
 .text.DebugMon_Handler
                0x08001264        0xc ./Core/Src/stm32f1xx_it.o
                0x08001264                DebugMon_Handler
 .text.TIM4_IRQHandler
                0x08001270       0x14 ./Core/Src/stm32f1xx_it.o
                0x08001270                TIM4_IRQHandler
 .text.SystemInit
                0x08001284        0xc ./Core/Src/system_stm32f1xx.o
                0x08001284                SystemInit
 .text.Reset_Handler
                0x08001290       0x48 ./Core/Startup/startup_stm32f103c8tx.o
                0x08001290                Reset_Handler
 .text.Default_Handler
                0x080012d8        0x2 ./Core/Startup/startup_stm32f103c8tx.o
                0x080012d8                RTC_Alarm_IRQHandler
                0x080012d8                EXTI2_IRQHandler
                0x080012d8                TIM1_CC_IRQHandler
                0x080012d8                PVD_IRQHandler
                0x080012d8                EXTI3_IRQHandler
                0x080012d8                EXTI0_IRQHandler
                0x080012d8                I2C2_EV_IRQHandler
                0x080012d8                ADC1_2_IRQHandler
                0x080012d8                SPI1_IRQHandler
                0x080012d8                TAMPER_IRQHandler
                0x080012d8                DMA1_Channel4_IRQHandler
                0x080012d8                USART3_IRQHandler
                0x080012d8                RTC_IRQHandler
                0x080012d8                DMA1_Channel7_IRQHandler
                0x080012d8                CAN1_RX1_IRQHandler
                0x080012d8                I2C1_EV_IRQHandler
                0x080012d8                DMA1_Channel6_IRQHandler
                0x080012d8                TIM3_IRQHandler
                0x080012d8                RCC_IRQHandler
                0x080012d8                TIM1_TRG_COM_IRQHandler
                0x080012d8                DMA1_Channel1_IRQHandler
                0x080012d8                Default_Handler
                0x080012d8                EXTI15_10_IRQHandler
                0x080012d8                EXTI9_5_IRQHandler
                0x080012d8                SPI2_IRQHandler
                0x080012d8                DMA1_Channel5_IRQHandler
                0x080012d8                EXTI4_IRQHandler
                0x080012d8                USB_LP_CAN1_RX0_IRQHandler
                0x080012d8                USB_HP_CAN1_TX_IRQHandler
                0x080012d8                DMA1_Channel3_IRQHandler
                0x080012d8                TIM1_UP_IRQHandler
                0x080012d8                WWDG_IRQHandler
                0x080012d8                TIM2_IRQHandler
                0x080012d8                TIM1_BRK_IRQHandler
                0x080012d8                EXTI1_IRQHandler
                0x080012d8                USART2_IRQHandler
                0x080012d8                I2C2_ER_IRQHandler
                0x080012d8                DMA1_Channel2_IRQHandler
                0x080012d8                CAN1_SCE_IRQHandler
                0x080012d8                FLASH_IRQHandler
                0x080012d8                USART1_IRQHandler
                0x080012d8                I2C1_ER_IRQHandler
                0x080012d8                USBWakeUp_IRQHandler
 *fill*         0x080012da        0x2 
 .text.HAL_Init
                0x080012dc       0x2c ./Drivers/STM32F1xx_HAL_Driver/Src/stm32f1xx_hal.o
                0x080012dc                HAL_Init
 .text.HAL_IncTick
                0x08001308       0x24 ./Drivers/STM32F1xx_HAL_Driver/Src/stm32f1xx_hal.o
                0x08001308                HAL_IncTick
 .text.HAL_GetTick
                0x0800132c       0x14 ./Drivers/STM32F1xx_HAL_Driver/Src/stm32f1xx_hal.o
                0x0800132c                HAL_GetTick
 .text.HAL_Delay
                0x08001340       0x48 ./Drivers/STM32F1xx_HAL_Driver/Src/stm32f1xx_hal.o
                0x08001340                HAL_Delay
 .text.__NVIC_SetPriorityGrouping
                0x08001388       0x48 ./Drivers/STM32F1xx_HAL_Driver/Src/stm32f1xx_hal_cortex.o
 .text.__NVIC_GetPriorityGrouping
                0x080013d0       0x1c ./Drivers/STM32F1xx_HAL_Driver/Src/stm32f1xx_hal_cortex.o
 .text.__NVIC_EnableIRQ
                0x080013ec       0x38 ./Drivers/STM32F1xx_HAL_Driver/Src/stm32f1xx_hal_cortex.o
 .text.__NVIC_SetPriority
                0x08001424       0x54 ./Drivers/STM32F1xx_HAL_Driver/Src/stm32f1xx_hal_cortex.o
 .text.NVIC_EncodePriority
                0x08001478       0x64 ./Drivers/STM32F1xx_HAL_Driver/Src/stm32f1xx_hal_cortex.o
 .text.HAL_NVIC_SetPriorityGrouping
                0x080014dc       0x16 ./Drivers/STM32F1xx_HAL_Driver/Src/stm32f1xx_hal_cortex.o
                0x080014dc                HAL_NVIC_SetPriorityGrouping
 .text.HAL_NVIC_SetPriority
                0x080014f2       0x38 ./Drivers/STM32F1xx_HAL_Driver/Src/stm32f1xx_hal_cortex.o
                0x080014f2                HAL_NVIC_SetPriority
 .text.HAL_NVIC_EnableIRQ
                0x0800152a       0x1c ./Drivers/STM32F1xx_HAL_Driver/Src/stm32f1xx_hal_cortex.o
                0x0800152a                HAL_NVIC_EnableIRQ
 *fill*         0x08001546        0x2 
 .text.HAL_GPIO_Init
                0x08001548      0x308 ./Drivers/STM32F1xx_HAL_Driver/Src/stm32f1xx_hal_gpio.o
                0x08001548                HAL_GPIO_Init
 .text.HAL_GPIO_ReadPin
                0x08001850       0x2e ./Drivers/STM32F1xx_HAL_Driver/Src/stm32f1xx_hal_gpio.o
                0x08001850                HAL_GPIO_ReadPin
 .text.HAL_GPIO_WritePin
                0x0800187e       0x30 ./Drivers/STM32F1xx_HAL_Driver/Src/stm32f1xx_hal_gpio.o
                0x0800187e                HAL_GPIO_WritePin
 *fill*         0x080018ae        0x2 
 .text.HAL_I2C_Init
                0x080018b0      0x288 ./Drivers/STM32F1xx_HAL_Driver/Src/stm32f1xx_hal_i2c.o
                0x080018b0                HAL_I2C_Init
 .text.HAL_I2C_Master_Transmit
                0x08001b38      0x1fc ./Drivers/STM32F1xx_HAL_Driver/Src/stm32f1xx_hal_i2c.o
                0x08001b38                HAL_I2C_Master_Transmit
 .text.I2C_MasterRequestWrite
                0x08001d34      0x104 ./Drivers/STM32F1xx_HAL_Driver/Src/stm32f1xx_hal_i2c.o
 .text.I2C_WaitOnFlagUntilTimeout
                0x08001e38       0xf4 ./Drivers/STM32F1xx_HAL_Driver/Src/stm32f1xx_hal_i2c.o
 .text.I2C_WaitOnMasterAddressFlagUntilTimeout
                0x08001f2c      0x140 ./Drivers/STM32F1xx_HAL_Driver/Src/stm32f1xx_hal_i2c.o
 .text.I2C_WaitOnTXEFlagUntilTimeout
                0x0800206c       0x90 ./Drivers/STM32F1xx_HAL_Driver/Src/stm32f1xx_hal_i2c.o
 .text.I2C_WaitOnBTFFlagUntilTimeout
                0x080020fc       0x90 ./Drivers/STM32F1xx_HAL_Driver/Src/stm32f1xx_hal_i2c.o
 .text.I2C_IsAcknowledgeFailed
                0x0800218c       0x5c ./Drivers/STM32F1xx_HAL_Driver/Src/stm32f1xx_hal_i2c.o
 .text.HAL_RCC_OscConfig
                0x080021e8      0x504 ./Drivers/STM32F1xx_HAL_Driver/Src/stm32f1xx_hal_rcc.o
                0x080021e8                HAL_RCC_OscConfig
 .text.HAL_RCC_ClockConfig
                0x080026ec      0x1d4 ./Drivers/STM32F1xx_HAL_Driver/Src/stm32f1xx_hal_rcc.o
                0x080026ec                HAL_RCC_ClockConfig
 .text.HAL_RCC_GetSysClockFreq
                0x080028c0       0xa8 ./Drivers/STM32F1xx_HAL_Driver/Src/stm32f1xx_hal_rcc.o
                0x080028c0                HAL_RCC_GetSysClockFreq
 .text.HAL_RCC_GetHCLKFreq
                0x08002968       0x14 ./Drivers/STM32F1xx_HAL_Driver/Src/stm32f1xx_hal_rcc.o
                0x08002968                HAL_RCC_GetHCLKFreq
 .text.HAL_RCC_GetPCLK1Freq
                0x0800297c       0x28 ./Drivers/STM32F1xx_HAL_Driver/Src/stm32f1xx_hal_rcc.o
                0x0800297c                HAL_RCC_GetPCLK1Freq
 .text.HAL_RCC_GetPCLK2Freq
                0x080029a4       0x28 ./Drivers/STM32F1xx_HAL_Driver/Src/stm32f1xx_hal_rcc.o
                0x080029a4                HAL_RCC_GetPCLK2Freq
 .text.HAL_RCC_GetClockConfig
                0x080029cc       0x60 ./Drivers/STM32F1xx_HAL_Driver/Src/stm32f1xx_hal_rcc.o
                0x080029cc                HAL_RCC_GetClockConfig
 .text.RCC_Delay
                0x08002a2c       0x3c ./Drivers/STM32F1xx_HAL_Driver/Src/stm32f1xx_hal_rcc.o
 .text.HAL_TIM_Base_Init
                0x08002a68       0x9e ./Drivers/STM32F1xx_HAL_Driver/Src/stm32f1xx_hal_tim.o
                0x08002a68                HAL_TIM_Base_Init
 *fill*         0x08002b06        0x2 
 .text.HAL_TIM_Base_Start_IT
                0x08002b08       0xa4 ./Drivers/STM32F1xx_HAL_Driver/Src/stm32f1xx_hal_tim.o
                0x08002b08                HAL_TIM_Base_Start_IT
 .text.HAL_TIM_PWM_Init
                0x08002bac       0x9e ./Drivers/STM32F1xx_HAL_Driver/Src/stm32f1xx_hal_tim.o
                0x08002bac                HAL_TIM_PWM_Init
 .text.HAL_TIM_PWM_MspInit
                0x08002c4a       0x12 ./Drivers/STM32F1xx_HAL_Driver/Src/stm32f1xx_hal_tim.o
                0x08002c4a                HAL_TIM_PWM_MspInit
 .text.HAL_TIM_PWM_Start
                0x08002c5c      0x144 ./Drivers/STM32F1xx_HAL_Driver/Src/stm32f1xx_hal_tim.o
                0x08002c5c                HAL_TIM_PWM_Start
 .text.HAL_TIM_IRQHandler
                0x08002da0      0x1e0 ./Drivers/STM32F1xx_HAL_Driver/Src/stm32f1xx_hal_tim.o
                0x08002da0                HAL_TIM_IRQHandler
 .text.HAL_TIM_PWM_ConfigChannel
                0x08002f80      0x184 ./Drivers/STM32F1xx_HAL_Driver/Src/stm32f1xx_hal_tim.o
                0x08002f80                HAL_TIM_PWM_ConfigChannel
 .text.HAL_TIM_ConfigClockSource
                0x08003104      0x18e ./Drivers/STM32F1xx_HAL_Driver/Src/stm32f1xx_hal_tim.o
                0x08003104                HAL_TIM_ConfigClockSource
 .text.HAL_TIM_OC_DelayElapsedCallback
                0x08003292       0x12 ./Drivers/STM32F1xx_HAL_Driver/Src/stm32f1xx_hal_tim.o
                0x08003292                HAL_TIM_OC_DelayElapsedCallback
 .text.HAL_TIM_IC_CaptureCallback
                0x080032a4       0x12 ./Drivers/STM32F1xx_HAL_Driver/Src/stm32f1xx_hal_tim.o
                0x080032a4                HAL_TIM_IC_CaptureCallback
 .text.HAL_TIM_PWM_PulseFinishedCallback
                0x080032b6       0x12 ./Drivers/STM32F1xx_HAL_Driver/Src/stm32f1xx_hal_tim.o
                0x080032b6                HAL_TIM_PWM_PulseFinishedCallback
 .text.HAL_TIM_TriggerCallback
                0x080032c8       0x12 ./Drivers/STM32F1xx_HAL_Driver/Src/stm32f1xx_hal_tim.o
                0x080032c8                HAL_TIM_TriggerCallback
 *fill*         0x080032da        0x2 
 .text.TIM_Base_SetConfig
                0x080032dc       0xdc ./Drivers/STM32F1xx_HAL_Driver/Src/stm32f1xx_hal_tim.o
                0x080032dc                TIM_Base_SetConfig
 .text.TIM_OC1_SetConfig
                0x080033b8       0xcc ./Drivers/STM32F1xx_HAL_Driver/Src/stm32f1xx_hal_tim.o
 .text.TIM_OC2_SetConfig
                0x08003484       0xd4 ./Drivers/STM32F1xx_HAL_Driver/Src/stm32f1xx_hal_tim.o
                0x08003484                TIM_OC2_SetConfig
 .text.TIM_OC3_SetConfig
                0x08003558       0xd4 ./Drivers/STM32F1xx_HAL_Driver/Src/stm32f1xx_hal_tim.o
 .text.TIM_OC4_SetConfig
                0x0800362c       0x9c ./Drivers/STM32F1xx_HAL_Driver/Src/stm32f1xx_hal_tim.o
 .text.TIM_TI1_ConfigInputStage
                0x080036c8       0x5c ./Drivers/STM32F1xx_HAL_Driver/Src/stm32f1xx_hal_tim.o
 .text.TIM_TI2_ConfigInputStage
                0x08003724       0x5e ./Drivers/STM32F1xx_HAL_Driver/Src/stm32f1xx_hal_tim.o
 .text.TIM_ITRx_SetConfig
                0x08003782       0x34 ./Drivers/STM32F1xx_HAL_Driver/Src/stm32f1xx_hal_tim.o
 .text.TIM_ETR_SetConfig
                0x080037b6       0x3e ./Drivers/STM32F1xx_HAL_Driver/Src/stm32f1xx_hal_tim.o
                0x080037b6                TIM_ETR_SetConfig
 .text.TIM_CCxChannelCmd
                0x080037f4       0x48 ./Drivers/STM32F1xx_HAL_Driver/Src/stm32f1xx_hal_tim.o
                0x080037f4                TIM_CCxChannelCmd
 .text.HAL_TIMEx_MasterConfigSynchronization
                0x0800383c       0xbc ./Drivers/STM32F1xx_HAL_Driver/Src/stm32f1xx_hal_tim_ex.o
                0x0800383c                HAL_TIMEx_MasterConfigSynchronization
 .text.HAL_TIMEx_CommutCallback
                0x080038f8       0x12 ./Drivers/STM32F1xx_HAL_Driver/Src/stm32f1xx_hal_tim_ex.o
                0x080038f8                HAL_TIMEx_CommutCallback
 .text.HAL_TIMEx_BreakCallback
                0x0800390a       0x12 ./Drivers/STM32F1xx_HAL_Driver/Src/stm32f1xx_hal_tim_ex.o
                0x0800390a                HAL_TIMEx_BreakCallback
 .text.HAL_UART_Init
                0x0800391c       0xa0 ./Drivers/STM32F1xx_HAL_Driver/Src/stm32f1xx_hal_uart.o
                0x0800391c                HAL_UART_Init
 .text.HAL_UART_Transmit
                0x080039bc      0x116 ./Drivers/STM32F1xx_HAL_Driver/Src/stm32f1xx_hal_uart.o
                0x080039bc                HAL_UART_Transmit
 .text.UART_WaitOnFlagUntilTimeout
                0x08003ad2       0xb2 ./Drivers/STM32F1xx_HAL_Driver/Src/stm32f1xx_hal_uart.o
 .text.UART_EndRxTransfer
                0x08003b84       0xc4 ./Drivers/STM32F1xx_HAL_Driver/Src/stm32f1xx_hal_uart.o
 .text.UART_SetConfig
                0x08003c48      0x11c ./Drivers/STM32F1xx_HAL_Driver/Src/stm32f1xx_hal_uart.o
 .text.vListInitialise
                0x08003d64       0x3e ./common/ThirdParty/FreeRTOS/list.o
                0x08003d64                vListInitialise
 .text.vListInitialiseItem
                0x08003da2       0x18 ./common/ThirdParty/FreeRTOS/list.o
                0x08003da2                vListInitialiseItem
 .text.vListInsertEnd
                0x08003dba       0x46 ./common/ThirdParty/FreeRTOS/list.o
                0x08003dba                vListInsertEnd
 .text.vListInsert
                0x08003e00       0x70 ./common/ThirdParty/FreeRTOS/list.o
                0x08003e00                vListInsert
 .text.uxListRemove
                0x08003e70       0x52 ./common/ThirdParty/FreeRTOS/list.o
                0x08003e70                uxListRemove
 *fill*         0x08003ec2        0x2 
 .text.xQueueGenericReset
                0x08003ec4       0xd4 ./common/ThirdParty/FreeRTOS/queue.o
                0x08003ec4                xQueueGenericReset
 .text.xQueueGenericCreate
                0x08003f98       0xc4 ./common/ThirdParty/FreeRTOS/queue.o
                0x08003f98                xQueueGenericCreate
 .text.prvInitialiseNewQueue
                0x0800405c       0x3e ./common/ThirdParty/FreeRTOS/queue.o
 .text.prvInitialiseMutex
                0x0800409a       0x34 ./common/ThirdParty/FreeRTOS/queue.o
 .text.xQueueCreateMutex
                0x080040ce       0x30 ./common/ThirdParty/FreeRTOS/queue.o
                0x080040ce                xQueueCreateMutex
 *fill*         0x080040fe        0x2 
 .text.xQueueGenericSend
                0x08004100      0x204 ./common/ThirdParty/FreeRTOS/queue.o
                0x08004100                xQueueGenericSend
 .text.xQueueReceive
                0x08004304      0x1c4 ./common/ThirdParty/FreeRTOS/queue.o
                0x08004304                xQueueReceive
 .text.xQueueSemaphoreTake
                0x080044c8      0x220 ./common/ThirdParty/FreeRTOS/queue.o
                0x080044c8                xQueueSemaphoreTake
 .text.prvGetDisinheritPriorityAfterTimeout
                0x080046e8       0x2e ./common/ThirdParty/FreeRTOS/queue.o
 .text.prvCopyDataToQueue
                0x08004716       0xd4 ./common/ThirdParty/FreeRTOS/queue.o
 .text.prvCopyDataFromQueue
                0x080047ea       0x4c ./common/ThirdParty/FreeRTOS/queue.o
 .text.prvUnlockQueue
                0x08004836       0xa4 ./common/ThirdParty/FreeRTOS/queue.o
 .text.prvIsQueueEmpty
                0x080048da       0x2c ./common/ThirdParty/FreeRTOS/queue.o
 .text.prvIsQueueFull
                0x08004906       0x30 ./common/ThirdParty/FreeRTOS/queue.o
 .text.xTaskCreate
                0x08004936       0x82 ./common/ThirdParty/FreeRTOS/tasks.o
                0x08004936                xTaskCreate
 .text.prvInitialiseNewTask
                0x080049b8      0x14c ./common/ThirdParty/FreeRTOS/tasks.o
 .text.prvAddNewTaskToReadyList
                0x08004b04       0xd4 ./common/ThirdParty/FreeRTOS/tasks.o
 .text.vTaskDelay
                0x08004bd8       0x6c ./common/ThirdParty/FreeRTOS/tasks.o
                0x08004bd8                vTaskDelay
 .text.vTaskStartScheduler
                0x08004c44       0xac ./common/ThirdParty/FreeRTOS/tasks.o
                0x08004c44                vTaskStartScheduler
 .text.vTaskSuspendAll
                0x08004cf0       0x1c ./common/ThirdParty/FreeRTOS/tasks.o
                0x08004cf0                vTaskSuspendAll
 .text.xTaskResumeAll
                0x08004d0c      0x13c ./common/ThirdParty/FreeRTOS/tasks.o
                0x08004d0c                xTaskResumeAll
 .text.xTaskIncrementTick
                0x08004e48      0x158 ./common/ThirdParty/FreeRTOS/tasks.o
                0x08004e48                xTaskIncrementTick
 .text.vTaskSwitchContext
                0x08004fa0       0xc4 ./common/ThirdParty/FreeRTOS/tasks.o
                0x08004fa0                vTaskSwitchContext
 .text.vTaskPlaceOnEventList
                0x08005064       0x4c ./common/ThirdParty/FreeRTOS/tasks.o
                0x08005064                vTaskPlaceOnEventList
 .text.xTaskRemoveFromEventList
                0x080050b0       0xc8 ./common/ThirdParty/FreeRTOS/tasks.o
                0x080050b0                xTaskRemoveFromEventList
 .text.vTaskInternalSetTimeOutState
                0x08005178       0x2c ./common/ThirdParty/FreeRTOS/tasks.o
                0x08005178                vTaskInternalSetTimeOutState
 .text.xTaskCheckForTimeOut
                0x080051a4       0xd0 ./common/ThirdParty/FreeRTOS/tasks.o
                0x080051a4                xTaskCheckForTimeOut
 .text.vTaskMissedYield
                0x08005274       0x18 ./common/ThirdParty/FreeRTOS/tasks.o
                0x08005274                vTaskMissedYield
 .text.prvIdleTask
                0x0800528c       0x30 ./common/ThirdParty/FreeRTOS/tasks.o
 .text.prvInitialiseTaskLists
                0x080052bc       0x80 ./common/ThirdParty/FreeRTOS/tasks.o
 .text.prvCheckTasksWaitingTermination
                0x0800533c       0x5c ./common/ThirdParty/FreeRTOS/tasks.o
 .text.prvDeleteTCB
                0x08005398       0x2a ./common/ThirdParty/FreeRTOS/tasks.o
 *fill*         0x080053c2        0x2 
 .text.prvResetNextTaskUnblockTime
                0x080053c4       0x34 ./common/ThirdParty/FreeRTOS/tasks.o
 .text.xTaskGetSchedulerState
                0x080053f8       0x3c ./common/ThirdParty/FreeRTOS/tasks.o
                0x080053f8                xTaskGetSchedulerState
 .text.xTaskPriorityInherit
                0x08005434       0xec ./common/ThirdParty/FreeRTOS/tasks.o
                0x08005434                xTaskPriorityInherit
 .text.xTaskPriorityDisinherit
                0x08005520       0xf8 ./common/ThirdParty/FreeRTOS/tasks.o
                0x08005520                xTaskPriorityDisinherit
 .text.vTaskPriorityDisinheritAfterTimeout
                0x08005618      0x120 ./common/ThirdParty/FreeRTOS/tasks.o
                0x08005618                vTaskPriorityDisinheritAfterTimeout
 .text.pvTaskIncrementMutexHeldCount
                0x08005738       0x28 ./common/ThirdParty/FreeRTOS/tasks.o
                0x08005738                pvTaskIncrementMutexHeldCount
 .text.xTaskGenericNotifyWait
                0x08005760      0x100 ./common/ThirdParty/FreeRTOS/tasks.o
                0x08005760                xTaskGenericNotifyWait
 .text.xTaskGenericNotify
                0x08005860      0x1c8 ./common/ThirdParty/FreeRTOS/tasks.o
                0x08005860                xTaskGenericNotify
 .text.prvAddCurrentTaskToDelayedList
                0x08005a28       0xcc ./common/ThirdParty/FreeRTOS/tasks.o
 .text.pxPortInitialiseStack
                0x08005af4       0x58 ./common/ThirdParty/FreeRTOS/portable/GCC/ARM_CM3/port.o
                0x08005af4                pxPortInitialiseStack
 .text.prvTaskExitError
                0x08005b4c       0x58 ./common/ThirdParty/FreeRTOS/portable/GCC/ARM_CM3/port.o
 *fill*         0x08005ba4        0xc 
 .text.SVC_Handler
                0x08005bb0       0x28 ./common/ThirdParty/FreeRTOS/portable/GCC/ARM_CM3/port.o
                0x08005bb0                SVC_Handler
 .text.prvPortStartFirstTask
                0x08005bd8       0x34 ./common/ThirdParty/FreeRTOS/portable/GCC/ARM_CM3/port.o
 .text.xPortStartScheduler
                0x08005c0c       0x40 ./common/ThirdParty/FreeRTOS/portable/GCC/ARM_CM3/port.o
                0x08005c0c                xPortStartScheduler
 .text.vPortEnterCritical
                0x08005c4c       0x60 ./common/ThirdParty/FreeRTOS/portable/GCC/ARM_CM3/port.o
                0x08005c4c                vPortEnterCritical
 .text.vPortExitCritical
                0x08005cac       0x54 ./common/ThirdParty/FreeRTOS/portable/GCC/ARM_CM3/port.o
                0x08005cac                vPortExitCritical
 .text.PendSV_Handler
                0x08005d00       0x48 ./common/ThirdParty/FreeRTOS/portable/GCC/ARM_CM3/port.o
                0x08005d00                PendSV_Handler
 .text.SysTick_Handler
                0x08005d48       0x44 ./common/ThirdParty/FreeRTOS/portable/GCC/ARM_CM3/port.o
                0x08005d48                SysTick_Handler
 .text.vPortSetupTimerInterrupt
                0x08005d8c       0x44 ./common/ThirdParty/FreeRTOS/portable/GCC/ARM_CM3/port.o
                0x08005d8c                vPortSetupTimerInterrupt
 .text.pvPortMalloc
                0x08005dd0      0x1c4 ./common/ThirdParty/FreeRTOS/portable/MemMang/heap_4.o
                0x08005dd0                pvPortMalloc
 .text.vPortFree
                0x08005f94       0xc8 ./common/ThirdParty/FreeRTOS/portable/MemMang/heap_4.o
                0x08005f94                vPortFree
 .text.prvHeapInit
                0x0800605c       0xc4 ./common/ThirdParty/FreeRTOS/portable/MemMang/heap_4.o
 .text.prvInsertBlockIntoFreeList
                0x08006120       0xb0 ./common/ThirdParty/FreeRTOS/portable/MemMang/heap_4.o
 .text.memset   0x080061d0       0x10 C:/ST/STM32CubeIDE_1.16.1/STM32CubeIDE/plugins/com.st.stm32cube.ide.mcu.externaltools.gnu-tools-for-stm32.13.3.rel1.win32_1.0.0.202411081344/tools/bin/../lib/gcc/arm-none-eabi/13.3.1/../../../../arm-none-eabi/lib/thumb/v7-m/nofp\libc_nano.a(libc_a-memset.o)
                0x080061d0                memset
 .text._reclaim_reent
                0x080061e0       0xbc C:/ST/STM32CubeIDE_1.16.1/STM32CubeIDE/plugins/com.st.stm32cube.ide.mcu.externaltools.gnu-tools-for-stm32.13.3.rel1.win32_1.0.0.202411081344/tools/bin/../lib/gcc/arm-none-eabi/13.3.1/../../../../arm-none-eabi/lib/thumb/v7-m/nofp\libc_nano.a(libc_a-reent.o)
                0x080061e0                _reclaim_reent
 .text.__libc_init_array
                0x0800629c       0x48 C:/ST/STM32CubeIDE_1.16.1/STM32CubeIDE/plugins/com.st.stm32cube.ide.mcu.externaltools.gnu-tools-for-stm32.13.3.rel1.win32_1.0.0.202411081344/tools/bin/../lib/gcc/arm-none-eabi/13.3.1/../../../../arm-none-eabi/lib/thumb/v7-m/nofp\libc_nano.a(libc_a-init.o)
                0x0800629c                __libc_init_array
 .text.__retarget_lock_acquire_recursive
                0x080062e4        0x2 C:/ST/STM32CubeIDE_1.16.1/STM32CubeIDE/plugins/com.st.stm32cube.ide.mcu.externaltools.gnu-tools-for-stm32.13.3.rel1.win32_1.0.0.202411081344/tools/bin/../lib/gcc/arm-none-eabi/13.3.1/../../../../arm-none-eabi/lib/thumb/v7-m/nofp\libc_nano.a(libc_a-lock.o)
                0x080062e4                __retarget_lock_acquire_recursive
 .text.__retarget_lock_release_recursive
                0x080062e6        0x2 C:/ST/STM32CubeIDE_1.16.1/STM32CubeIDE/plugins/com.st.stm32cube.ide.mcu.externaltools.gnu-tools-for-stm32.13.3.rel1.win32_1.0.0.202411081344/tools/bin/../lib/gcc/arm-none-eabi/13.3.1/../../../../arm-none-eabi/lib/thumb/v7-m/nofp\libc_nano.a(libc_a-lock.o)
                0x080062e6                __retarget_lock_release_recursive
 .text.memcpy   0x080062e8       0x1c C:/ST/STM32CubeIDE_1.16.1/STM32CubeIDE/plugins/com.st.stm32cube.ide.mcu.externaltools.gnu-tools-for-stm32.13.3.rel1.win32_1.0.0.202411081344/tools/bin/../lib/gcc/arm-none-eabi/13.3.1/../../../../arm-none-eabi/lib/thumb/v7-m/nofp\libc_nano.a(libc_a-memcpy-stub.o)
                0x080062e8                memcpy
 .text._free_r  0x08006304       0x90 C:/ST/STM32CubeIDE_1.16.1/STM32CubeIDE/plugins/com.st.stm32cube.ide.mcu.externaltools.gnu-tools-for-stm32.13.3.rel1.win32_1.0.0.202411081344/tools/bin/../lib/gcc/arm-none-eabi/13.3.1/../../../../arm-none-eabi/lib/thumb/v7-m/nofp\libc_nano.a(libc_a-freer.o)
                0x08006304                _free_r
 .text.__malloc_lock
                0x08006394        0xc C:/ST/STM32CubeIDE_1.16.1/STM32CubeIDE/plugins/com.st.stm32cube.ide.mcu.externaltools.gnu-tools-for-stm32.13.3.rel1.win32_1.0.0.202411081344/tools/bin/../lib/gcc/arm-none-eabi/13.3.1/../../../../arm-none-eabi/lib/thumb/v7-m/nofp\libc_nano.a(libc_a-mlock.o)
                0x08006394                __malloc_lock
 .text.__malloc_unlock
                0x080063a0        0xc C:/ST/STM32CubeIDE_1.16.1/STM32CubeIDE/plugins/com.st.stm32cube.ide.mcu.externaltools.gnu-tools-for-stm32.13.3.rel1.win32_1.0.0.202411081344/tools/bin/../lib/gcc/arm-none-eabi/13.3.1/../../../../arm-none-eabi/lib/thumb/v7-m/nofp\libc_nano.a(libc_a-mlock.o)
                0x080063a0                __malloc_unlock
 *(.glue_7)
 .glue_7        0x080063ac        0x0 linker stubs
 *(.glue_7t)
 .glue_7t       0x080063ac        0x0 linker stubs
 *(.eh_frame)
 .eh_frame      0x080063ac        0x0 C:/ST/STM32CubeIDE_1.16.1/STM32CubeIDE/plugins/com.st.stm32cube.ide.mcu.externaltools.gnu-tools-for-stm32.13.3.rel1.win32_1.0.0.202411081344/tools/bin/../lib/gcc/arm-none-eabi/13.3.1/thumb/v7-m/nofp/crtbegin.o
 *(.init)
 .init          0x080063ac        0x4 C:/ST/STM32CubeIDE_1.16.1/STM32CubeIDE/plugins/com.st.stm32cube.ide.mcu.externaltools.gnu-tools-for-stm32.13.3.rel1.win32_1.0.0.202411081344/tools/bin/../lib/gcc/arm-none-eabi/13.3.1/thumb/v7-m/nofp/crti.o
                0x080063ac                _init
 .init          0x080063b0        0x8 C:/ST/STM32CubeIDE_1.16.1/STM32CubeIDE/plugins/com.st.stm32cube.ide.mcu.externaltools.gnu-tools-for-stm32.13.3.rel1.win32_1.0.0.202411081344/tools/bin/../lib/gcc/arm-none-eabi/13.3.1/thumb/v7-m/nofp/crtn.o
 *(.fini)
 .fini          0x080063b8        0x4 C:/ST/STM32CubeIDE_1.16.1/STM32CubeIDE/plugins/com.st.stm32cube.ide.mcu.externaltools.gnu-tools-for-stm32.13.3.rel1.win32_1.0.0.202411081344/tools/bin/../lib/gcc/arm-none-eabi/13.3.1/thumb/v7-m/nofp/crti.o
                0x080063b8                _fini
 .fini          0x080063bc        0x8 C:/ST/STM32CubeIDE_1.16.1/STM32CubeIDE/plugins/com.st.stm32cube.ide.mcu.externaltools.gnu-tools-for-stm32.13.3.rel1.win32_1.0.0.202411081344/tools/bin/../lib/gcc/arm-none-eabi/13.3.1/thumb/v7-m/nofp/crtn.o
                0x080063c4                        . = ALIGN (0x4)
                0x080063c4                        _etext = .

.vfp11_veneer   0x080063c4        0x0
 .vfp11_veneer  0x080063c4        0x0 linker stubs

.v4_bx          0x080063c4        0x0
 .v4_bx         0x080063c4        0x0 linker stubs

.iplt           0x080063c4        0x0
 .iplt          0x080063c4        0x0 C:/ST/STM32CubeIDE_1.16.1/STM32CubeIDE/plugins/com.st.stm32cube.ide.mcu.externaltools.gnu-tools-for-stm32.13.3.rel1.win32_1.0.0.202411081344/tools/bin/../lib/gcc/arm-none-eabi/13.3.1/thumb/v7-m/nofp/crtbegin.o

.rodata         0x080063c4       0x6c
                0x080063c4                        . = ALIGN (0x4)
 *(.rodata)
 .rodata        0x080063c4       0x33 ./Core/Src/main.o
 *fill*         0x080063f7        0x1 
 .rodata        0x080063f8        0x5 ./common/ThirdParty/FreeRTOS/tasks.o
 *(.rodata*)
 *fill*         0x080063fd        0x3 
 .rodata.AHBPrescTable
                0x08006400       0x10 ./Core/Src/system_stm32f1xx.o
                0x08006400                AHBPrescTable
 .rodata.APBPrescTable
                0x08006410        0x8 ./Core/Src/system_stm32f1xx.o
                0x08006410                APBPrescTable
 .rodata.aPLLMULFactorTable.1
                0x08006418       0x10 ./Drivers/STM32F1xx_HAL_Driver/Src/stm32f1xx_hal_rcc.o
 .rodata.aPredivFactorTable.0
                0x08006428        0x2 ./Drivers/STM32F1xx_HAL_Driver/Src/stm32f1xx_hal_rcc.o
 *fill*         0x0800642a        0x2 
 .rodata.uxTopUsedPriority
                0x0800642c        0x4 ./common/ThirdParty/FreeRTOS/tasks.o
                0x0800642c                uxTopUsedPriority
                0x08006430                        . = ALIGN (0x4)

.ARM.extab      0x08006430        0x0
                0x08006430                        . = ALIGN (0x4)
 *(.ARM.extab* .gnu.linkonce.armextab.*)
                0x08006430                        . = ALIGN (0x4)

.ARM            0x08006430        0x0
                0x08006430                        . = ALIGN (0x4)
                0x08006430                        __exidx_start = .
 *(.ARM.exidx*)
                0x08006430                        __exidx_end = .
                0x08006430                        . = ALIGN (0x4)

.preinit_array  0x08006430        0x0
                0x08006430                        . = ALIGN (0x4)
                0x08006430                        PROVIDE (__preinit_array_start = .)
 *(.preinit_array*)
                0x08006430                        PROVIDE (__preinit_array_end = .)
                0x08006430                        . = ALIGN (0x4)

.init_array     0x08006430        0x4
                0x08006430                        . = ALIGN (0x4)
                0x08006430                        PROVIDE (__init_array_start = .)
 *(SORT_BY_NAME(.init_array.*))
 *(.init_array*)
 .init_array    0x08006430        0x4 C:/ST/STM32CubeIDE_1.16.1/STM32CubeIDE/plugins/com.st.stm32cube.ide.mcu.externaltools.gnu-tools-for-stm32.13.3.rel1.win32_1.0.0.202411081344/tools/bin/../lib/gcc/arm-none-eabi/13.3.1/thumb/v7-m/nofp/crtbegin.o
                0x08006434                        PROVIDE (__init_array_end = .)
                0x08006434                        . = ALIGN (0x4)

.fini_array     0x08006434        0x4
                0x08006434                        . = ALIGN (0x4)
                [!provide]                        PROVIDE (__fini_array_start = .)
 *(SORT_BY_NAME(.fini_array.*))
 *(.fini_array*)
 .fini_array    0x08006434        0x4 C:/ST/STM32CubeIDE_1.16.1/STM32CubeIDE/plugins/com.st.stm32cube.ide.mcu.externaltools.gnu-tools-for-stm32.13.3.rel1.win32_1.0.0.202411081344/tools/bin/../lib/gcc/arm-none-eabi/13.3.1/thumb/v7-m/nofp/crtbegin.o
                [!provide]                        PROVIDE (__fini_array_end = .)
                0x08006438                        . = ALIGN (0x4)
                0x08006438                        _sidata = LOADADDR (.data)

.rel.dyn        0x08006438        0x0
 .rel.iplt      0x08006438        0x0 C:/ST/STM32CubeIDE_1.16.1/STM32CubeIDE/plugins/com.st.stm32cube.ide.mcu.externaltools.gnu-tools-for-stm32.13.3.rel1.win32_1.0.0.202411081344/tools/bin/../lib/gcc/arm-none-eabi/13.3.1/thumb/v7-m/nofp/crtbegin.o

.data           0x20000000       0x84 load address 0x08006438
                0x20000000                        . = ALIGN (0x4)
                0x20000000                        _sdata = .
 *(.data)
 *(.data*)
 .data.keys     0x20000000       0x10 ./Core/Src/keypad.o
 .data.command1
                0x20000010        0x5 ./Core/Src/lcd.o
 *fill*         0x20000015        0x3 
 .data.command  0x20000018        0x6 ./Core/Src/lcd.o
 *fill*         0x2000001e        0x2 
 .data.speed    0x20000020        0x3 ./Core/Src/main.o
                0x20000020                speed
 *fill*         0x20000023        0x1 
 .data.SystemCoreClock
                0x20000024        0x4 ./Core/Src/system_stm32f1xx.o
                0x20000024                SystemCoreClock
 .data.uwTickPrio
                0x20000028        0x4 ./Drivers/STM32F1xx_HAL_Driver/Src/stm32f1xx_hal.o
                0x20000028                uwTickPrio
 .data.uwTickFreq
                0x2000002c        0x1 ./Drivers/STM32F1xx_HAL_Driver/Src/stm32f1xx_hal.o
                0x2000002c                uwTickFreq
 *fill*         0x2000002d        0x3 
 .data.uxCriticalNesting
                0x20000030        0x4 ./common/ThirdParty/FreeRTOS/portable/GCC/ARM_CM3/port.o
 .data._impure_ptr
                0x20000034        0x4 C:/ST/STM32CubeIDE_1.16.1/STM32CubeIDE/plugins/com.st.stm32cube.ide.mcu.externaltools.gnu-tools-for-stm32.13.3.rel1.win32_1.0.0.202411081344/tools/bin/../lib/gcc/arm-none-eabi/13.3.1/../../../../arm-none-eabi/lib/thumb/v7-m/nofp\libc_nano.a(libc_a-impure.o)
                0x20000034                _impure_ptr
 .data._impure_data
                0x20000038       0x4c C:/ST/STM32CubeIDE_1.16.1/STM32CubeIDE/plugins/com.st.stm32cube.ide.mcu.externaltools.gnu-tools-for-stm32.13.3.rel1.win32_1.0.0.202411081344/tools/bin/../lib/gcc/arm-none-eabi/13.3.1/../../../../arm-none-eabi/lib/thumb/v7-m/nofp\libc_nano.a(libc_a-impure.o)
                0x20000038                _impure_data
 *(.RamFunc)
 *(.RamFunc*)
                0x20000084                        . = ALIGN (0x4)
                0x20000084                        _edata = .

.igot.plt       0x20000084        0x0 load address 0x080064bc
 .igot.plt      0x20000084        0x0 C:/ST/STM32CubeIDE_1.16.1/STM32CubeIDE/plugins/com.st.stm32cube.ide.mcu.externaltools.gnu-tools-for-stm32.13.3.rel1.win32_1.0.0.202411081344/tools/bin/../lib/gcc/arm-none-eabi/13.3.1/thumb/v7-m/nofp/crtbegin.o
                0x20000084                        . = ALIGN (0x4)

.bss            0x20000084     0x2bfc load address 0x080064bc
                0x20000084                        _sbss = .
                0x20000084                        __bss_start__ = _sbss
 *(.bss)
 .bss           0x20000084       0x1c C:/ST/STM32CubeIDE_1.16.1/STM32CubeIDE/plugins/com.st.stm32cube.ide.mcu.externaltools.gnu-tools-for-stm32.13.3.rel1.win32_1.0.0.202411081344/tools/bin/../lib/gcc/arm-none-eabi/13.3.1/thumb/v7-m/nofp/crtbegin.o
 *(.bss*)
 .bss.hi2c1     0x200000a0       0x54 ./Core/Src/main.o
                0x200000a0                hi2c1
 .bss.htim3     0x200000f4       0x48 ./Core/Src/main.o
                0x200000f4                htim3
 .bss.huart1    0x2000013c       0x48 ./Core/Src/main.o
                0x2000013c                huart1
 .bss.keypad_handle
                0x20000184        0x4 ./Core/Src/main.o
                0x20000184                keypad_handle
 .bss.pwm_handle
                0x20000188        0x4 ./Core/Src/main.o
                0x20000188                pwm_handle
 .bss.uart_handle
                0x2000018c        0x4 ./Core/Src/main.o
                0x2000018c                uart_handle
 .bss.lcd_handle
                0x20000190        0x4 ./Core/Src/main.o
                0x20000190                lcd_handle
 .bss.lcdData_handle
                0x20000194        0x4 ./Core/Src/main.o
                0x20000194                lcdData_handle
 .bss.sema_keypad
                0x20000198        0x4 ./Core/Src/main.o
                0x20000198                sema_keypad
 .bss.mutex_speed
                0x2000019c        0x4 ./Core/Src/main.o
                0x2000019c                mutex_speed
 .bss.percentage
                0x200001a0        0x4 ./Core/Src/main.o
                0x200001a0                percentage
 .bss.LCD_DC    0x200001a4        0x1 ./Core/Src/main.o
                0x200001a4                LCD_DC
 *fill*         0x200001a5        0x3 
 .bss.htim4     0x200001a8       0x48 ./Core/Src/stm32f1xx_hal_timebase_tim.o
                0x200001a8                htim4
 .bss.uwTick    0x200001f0        0x4 ./Drivers/STM32F1xx_HAL_Driver/Src/stm32f1xx_hal.o
                0x200001f0                uwTick
 .bss.pxCurrentTCB
                0x200001f4        0x4 ./common/ThirdParty/FreeRTOS/tasks.o
                0x200001f4                pxCurrentTCB
 .bss.pxReadyTasksLists
                0x200001f8       0x8c ./common/ThirdParty/FreeRTOS/tasks.o
 .bss.xDelayedTaskList1
                0x20000284       0x14 ./common/ThirdParty/FreeRTOS/tasks.o
 .bss.xDelayedTaskList2
                0x20000298       0x14 ./common/ThirdParty/FreeRTOS/tasks.o
 .bss.pxDelayedTaskList
                0x200002ac        0x4 ./common/ThirdParty/FreeRTOS/tasks.o
 .bss.pxOverflowDelayedTaskList
                0x200002b0        0x4 ./common/ThirdParty/FreeRTOS/tasks.o
 .bss.xPendingReadyList
                0x200002b4       0x14 ./common/ThirdParty/FreeRTOS/tasks.o
 .bss.xTasksWaitingTermination
                0x200002c8       0x14 ./common/ThirdParty/FreeRTOS/tasks.o
 .bss.uxDeletedTasksWaitingCleanUp
                0x200002dc        0x4 ./common/ThirdParty/FreeRTOS/tasks.o
 .bss.xSuspendedTaskList
                0x200002e0       0x14 ./common/ThirdParty/FreeRTOS/tasks.o
 .bss.uxCurrentNumberOfTasks
                0x200002f4        0x4 ./common/ThirdParty/FreeRTOS/tasks.o
 .bss.xTickCount
                0x200002f8        0x4 ./common/ThirdParty/FreeRTOS/tasks.o
 .bss.uxTopReadyPriority
                0x200002fc        0x4 ./common/ThirdParty/FreeRTOS/tasks.o
 .bss.xSchedulerRunning
                0x20000300        0x4 ./common/ThirdParty/FreeRTOS/tasks.o
 .bss.xPendedTicks
                0x20000304        0x4 ./common/ThirdParty/FreeRTOS/tasks.o
 .bss.xYieldPending
                0x20000308        0x4 ./common/ThirdParty/FreeRTOS/tasks.o
 .bss.xNumOfOverflows
                0x2000030c        0x4 ./common/ThirdParty/FreeRTOS/tasks.o
 .bss.uxTaskNumber
                0x20000310        0x4 ./common/ThirdParty/FreeRTOS/tasks.o
 .bss.xNextTaskUnblockTime
                0x20000314        0x4 ./common/ThirdParty/FreeRTOS/tasks.o
 .bss.xIdleTaskHandle
                0x20000318        0x4 ./common/ThirdParty/FreeRTOS/tasks.o
 .bss.uxSchedulerSuspended
                0x2000031c        0x4 ./common/ThirdParty/FreeRTOS/tasks.o
 .bss.ucHeap    0x20000320     0x2800 ./common/ThirdParty/FreeRTOS/portable/MemMang/heap_4.o
 .bss.xStart    0x20002b20        0x8 ./common/ThirdParty/FreeRTOS/portable/MemMang/heap_4.o
 .bss.pxEnd     0x20002b28        0x4 ./common/ThirdParty/FreeRTOS/portable/MemMang/heap_4.o
 .bss.xFreeBytesRemaining
                0x20002b2c        0x4 ./common/ThirdParty/FreeRTOS/portable/MemMang/heap_4.o
 .bss.xMinimumEverFreeBytesRemaining
                0x20002b30        0x4 ./common/ThirdParty/FreeRTOS/portable/MemMang/heap_4.o
 .bss.xNumberOfSuccessfulAllocations
                0x20002b34        0x4 ./common/ThirdParty/FreeRTOS/portable/MemMang/heap_4.o
 .bss.xNumberOfSuccessfulFrees
                0x20002b38        0x4 ./common/ThirdParty/FreeRTOS/portable/MemMang/heap_4.o
 .bss.xBlockAllocatedBit
                0x20002b3c        0x4 ./common/ThirdParty/FreeRTOS/portable/MemMang/heap_4.o
 .bss.__sf      0x20002b40      0x138 C:/ST/STM32CubeIDE_1.16.1/STM32CubeIDE/plugins/com.st.stm32cube.ide.mcu.externaltools.gnu-tools-for-stm32.13.3.rel1.win32_1.0.0.202411081344/tools/bin/../lib/gcc/arm-none-eabi/13.3.1/../../../../arm-none-eabi/lib/thumb/v7-m/nofp\libc_nano.a(libc_a-findfp.o)
                0x20002b40                __sf
 .bss.__lock___malloc_recursive_mutex
                0x20002c78        0x1 C:/ST/STM32CubeIDE_1.16.1/STM32CubeIDE/plugins/com.st.stm32cube.ide.mcu.externaltools.gnu-tools-for-stm32.13.3.rel1.win32_1.0.0.202411081344/tools/bin/../lib/gcc/arm-none-eabi/13.3.1/../../../../arm-none-eabi/lib/thumb/v7-m/nofp\libc_nano.a(libc_a-lock.o)
                0x20002c78                __lock___malloc_recursive_mutex
 *fill*         0x20002c79        0x3 
 .bss.__malloc_free_list
                0x20002c7c        0x4 C:/ST/STM32CubeIDE_1.16.1/STM32CubeIDE/plugins/com.st.stm32cube.ide.mcu.externaltools.gnu-tools-for-stm32.13.3.rel1.win32_1.0.0.202411081344/tools/bin/../lib/gcc/arm-none-eabi/13.3.1/../../../../arm-none-eabi/lib/thumb/v7-m/nofp\libc_nano.a(libc_a-mallocr.o)
                0x20002c7c                __malloc_free_list
 *(COMMON)
                0x20002c80                        . = ALIGN (0x4)
                0x20002c80                        _ebss = .
                0x20002c80                        __bss_end__ = _ebss

._user_heap_stack
                0x20002c80      0x600 load address 0x080064bc
                0x20002c80                        . = ALIGN (0x8)
                0x20002c80                        PROVIDE (end = .)
                [!provide]                        PROVIDE (_end = .)
                0x20002e80                        . = (. + _Min_Heap_Size)
 *fill*         0x20002c80      0x200 
                0x20003280                        . = (. + _Min_Stack_Size)
 *fill*         0x20002e80      0x400 
                0x20003280                        . = ALIGN (0x8)

/DISCARD/
 libc.a(*)
 libm.a(*)
 libgcc.a(*)

.ARM.attributes
                0x00000000       0x29
 *(.ARM.attributes)
 .ARM.attributes
                0x00000000       0x1d C:/ST/STM32CubeIDE_1.16.1/STM32CubeIDE/plugins/com.st.stm32cube.ide.mcu.externaltools.gnu-tools-for-stm32.13.3.rel1.win32_1.0.0.202411081344/tools/bin/../lib/gcc/arm-none-eabi/13.3.1/thumb/v7-m/nofp/crti.o
 .ARM.attributes
                0x0000001d       0x2d C:/ST/STM32CubeIDE_1.16.1/STM32CubeIDE/plugins/com.st.stm32cube.ide.mcu.externaltools.gnu-tools-for-stm32.13.3.rel1.win32_1.0.0.202411081344/tools/bin/../lib/gcc/arm-none-eabi/13.3.1/thumb/v7-m/nofp/crtbegin.o
 .ARM.attributes
                0x0000004a       0x2d ./Core/Src/keypad.o
 .ARM.attributes
                0x00000077       0x2d ./Core/Src/lcd.o
 .ARM.attributes
                0x000000a4       0x2d ./Core/Src/main.o
 .ARM.attributes
                0x000000d1       0x2d ./Core/Src/stm32f1xx_hal_msp.o
 .ARM.attributes
                0x000000fe       0x2d ./Core/Src/stm32f1xx_hal_timebase_tim.o
 .ARM.attributes
                0x0000012b       0x2d ./Core/Src/stm32f1xx_it.o
 .ARM.attributes
                0x00000158       0x2d ./Core/Src/system_stm32f1xx.o
 .ARM.attributes
                0x00000185       0x21 ./Core/Startup/startup_stm32f103c8tx.o
 .ARM.attributes
                0x000001a6       0x2d ./Drivers/STM32F1xx_HAL_Driver/Src/stm32f1xx_hal.o
 .ARM.attributes
                0x000001d3       0x2d ./Drivers/STM32F1xx_HAL_Driver/Src/stm32f1xx_hal_cortex.o
 .ARM.attributes
                0x00000200       0x2d ./Drivers/STM32F1xx_HAL_Driver/Src/stm32f1xx_hal_gpio.o
 .ARM.attributes
                0x0000022d       0x2d ./Drivers/STM32F1xx_HAL_Driver/Src/stm32f1xx_hal_i2c.o
 .ARM.attributes
                0x0000025a       0x2d ./Drivers/STM32F1xx_HAL_Driver/Src/stm32f1xx_hal_rcc.o
 .ARM.attributes
                0x00000287       0x2d ./Drivers/STM32F1xx_HAL_Driver/Src/stm32f1xx_hal_tim.o
 .ARM.attributes
                0x000002b4       0x2d ./Drivers/STM32F1xx_HAL_Driver/Src/stm32f1xx_hal_tim_ex.o
 .ARM.attributes
                0x000002e1       0x2d ./Drivers/STM32F1xx_HAL_Driver/Src/stm32f1xx_hal_uart.o
 .ARM.attributes
                0x0000030e       0x2d ./common/ThirdParty/FreeRTOS/list.o
 .ARM.attributes
                0x0000033b       0x2d ./common/ThirdParty/FreeRTOS/queue.o
 .ARM.attributes
                0x00000368       0x2d ./common/ThirdParty/FreeRTOS/tasks.o
 .ARM.attributes
                0x00000395       0x2d ./common/ThirdParty/FreeRTOS/portable/GCC/ARM_CM3/port.o
 .ARM.attributes
                0x000003c2       0x2d ./common/ThirdParty/FreeRTOS/portable/MemMang/heap_4.o
 .ARM.attributes
                0x000003ef       0x2d C:/ST/STM32CubeIDE_1.16.1/STM32CubeIDE/plugins/com.st.stm32cube.ide.mcu.externaltools.gnu-tools-for-stm32.13.3.rel1.win32_1.0.0.202411081344/tools/bin/../lib/gcc/arm-none-eabi/13.3.1/../../../../arm-none-eabi/lib/thumb/v7-m/nofp\libc_nano.a(libc_a-findfp.o)
 .ARM.attributes
                0x0000041c       0x2d C:/ST/STM32CubeIDE_1.16.1/STM32CubeIDE/plugins/com.st.stm32cube.ide.mcu.externaltools.gnu-tools-for-stm32.13.3.rel1.win32_1.0.0.202411081344/tools/bin/../lib/gcc/arm-none-eabi/13.3.1/../../../../arm-none-eabi/lib/thumb/v7-m/nofp\libc_nano.a(libc_a-memset.o)
 .ARM.attributes
                0x00000449       0x2d C:/ST/STM32CubeIDE_1.16.1/STM32CubeIDE/plugins/com.st.stm32cube.ide.mcu.externaltools.gnu-tools-for-stm32.13.3.rel1.win32_1.0.0.202411081344/tools/bin/../lib/gcc/arm-none-eabi/13.3.1/../../../../arm-none-eabi/lib/thumb/v7-m/nofp\libc_nano.a(libc_a-reent.o)
 .ARM.attributes
                0x00000476       0x2d C:/ST/STM32CubeIDE_1.16.1/STM32CubeIDE/plugins/com.st.stm32cube.ide.mcu.externaltools.gnu-tools-for-stm32.13.3.rel1.win32_1.0.0.202411081344/tools/bin/../lib/gcc/arm-none-eabi/13.3.1/../../../../arm-none-eabi/lib/thumb/v7-m/nofp\libc_nano.a(libc_a-impure.o)
 .ARM.attributes
                0x000004a3       0x2d C:/ST/STM32CubeIDE_1.16.1/STM32CubeIDE/plugins/com.st.stm32cube.ide.mcu.externaltools.gnu-tools-for-stm32.13.3.rel1.win32_1.0.0.202411081344/tools/bin/../lib/gcc/arm-none-eabi/13.3.1/../../../../arm-none-eabi/lib/thumb/v7-m/nofp\libc_nano.a(libc_a-init.o)
 .ARM.attributes
                0x000004d0       0x2d C:/ST/STM32CubeIDE_1.16.1/STM32CubeIDE/plugins/com.st.stm32cube.ide.mcu.externaltools.gnu-tools-for-stm32.13.3.rel1.win32_1.0.0.202411081344/tools/bin/../lib/gcc/arm-none-eabi/13.3.1/../../../../arm-none-eabi/lib/thumb/v7-m/nofp\libc_nano.a(libc_a-lock.o)
 .ARM.attributes
                0x000004fd       0x2d C:/ST/STM32CubeIDE_1.16.1/STM32CubeIDE/plugins/com.st.stm32cube.ide.mcu.externaltools.gnu-tools-for-stm32.13.3.rel1.win32_1.0.0.202411081344/tools/bin/../lib/gcc/arm-none-eabi/13.3.1/../../../../arm-none-eabi/lib/thumb/v7-m/nofp\libc_nano.a(libc_a-memcpy-stub.o)
 .ARM.attributes
                0x0000052a       0x2d C:/ST/STM32CubeIDE_1.16.1/STM32CubeIDE/plugins/com.st.stm32cube.ide.mcu.externaltools.gnu-tools-for-stm32.13.3.rel1.win32_1.0.0.202411081344/tools/bin/../lib/gcc/arm-none-eabi/13.3.1/../../../../arm-none-eabi/lib/thumb/v7-m/nofp\libc_nano.a(libc_a-freer.o)
 .ARM.attributes
                0x00000557       0x2d C:/ST/STM32CubeIDE_1.16.1/STM32CubeIDE/plugins/com.st.stm32cube.ide.mcu.externaltools.gnu-tools-for-stm32.13.3.rel1.win32_1.0.0.202411081344/tools/bin/../lib/gcc/arm-none-eabi/13.3.1/../../../../arm-none-eabi/lib/thumb/v7-m/nofp\libc_nano.a(libc_a-mallocr.o)
 .ARM.attributes
                0x00000584       0x2d C:/ST/STM32CubeIDE_1.16.1/STM32CubeIDE/plugins/com.st.stm32cube.ide.mcu.externaltools.gnu-tools-for-stm32.13.3.rel1.win32_1.0.0.202411081344/tools/bin/../lib/gcc/arm-none-eabi/13.3.1/../../../../arm-none-eabi/lib/thumb/v7-m/nofp\libc_nano.a(libc_a-mlock.o)
 .ARM.attributes
                0x000005b1       0x1d C:/ST/STM32CubeIDE_1.16.1/STM32CubeIDE/plugins/com.st.stm32cube.ide.mcu.externaltools.gnu-tools-for-stm32.13.3.rel1.win32_1.0.0.202411081344/tools/bin/../lib/gcc/arm-none-eabi/13.3.1/thumb/v7-m/nofp/crtn.o
OUTPUT(rtos_MotorControl.elf elf32-littlearm)
LOAD linker stubs
LOAD C:/ST/STM32CubeIDE_1.16.1/STM32CubeIDE/plugins/com.st.stm32cube.ide.mcu.externaltools.gnu-tools-for-stm32.13.3.rel1.win32_1.0.0.202411081344/tools/bin/../lib/gcc/arm-none-eabi/13.3.1/../../../../arm-none-eabi/lib/thumb/v7-m/nofp\libc.a
LOAD C:/ST/STM32CubeIDE_1.16.1/STM32CubeIDE/plugins/com.st.stm32cube.ide.mcu.externaltools.gnu-tools-for-stm32.13.3.rel1.win32_1.0.0.202411081344/tools/bin/../lib/gcc/arm-none-eabi/13.3.1/../../../../arm-none-eabi/lib/thumb/v7-m/nofp\libm.a
LOAD C:/ST/STM32CubeIDE_1.16.1/STM32CubeIDE/plugins/com.st.stm32cube.ide.mcu.externaltools.gnu-tools-for-stm32.13.3.rel1.win32_1.0.0.202411081344/tools/bin/../lib/gcc/arm-none-eabi/13.3.1/thumb/v7-m/nofp\libgcc.a

.debug_info     0x00000000    0x13763
 .debug_info    0x00000000      0x202 ./Core/Src/keypad.o
 .debug_info    0x00000202      0x7d5 ./Core/Src/lcd.o
 .debug_info    0x000009d7     0x1703 ./Core/Src/main.o
 .debug_info    0x000020da      0xf07 ./Core/Src/stm32f1xx_hal_msp.o
 .debug_info    0x00002fe1      0x9a8 ./Core/Src/stm32f1xx_hal_timebase_tim.o
 .debug_info    0x00003989      0x66a ./Core/Src/stm32f1xx_it.o
 .debug_info    0x00003ff3      0x222 ./Core/Src/system_stm32f1xx.o
 .debug_info    0x00004215       0x30 ./Core/Startup/startup_stm32f103c8tx.o
 .debug_info    0x00004245      0x704 ./Drivers/STM32F1xx_HAL_Driver/Src/stm32f1xx_hal.o
 .debug_info    0x00004949      0xa87 ./Drivers/STM32F1xx_HAL_Driver/Src/stm32f1xx_hal_cortex.o
 .debug_info    0x000053d0      0x5ab ./Drivers/STM32F1xx_HAL_Driver/Src/stm32f1xx_hal_gpio.o
 .debug_info    0x0000597b     0x2524 ./Drivers/STM32F1xx_HAL_Driver/Src/stm32f1xx_hal_i2c.o
 .debug_info    0x00007e9f      0x7d5 ./Drivers/STM32F1xx_HAL_Driver/Src/stm32f1xx_hal_rcc.o
 .debug_info    0x00008674     0x2959 ./Drivers/STM32F1xx_HAL_Driver/Src/stm32f1xx_hal_tim.o
 .debug_info    0x0000afcd     0x149b ./Drivers/STM32F1xx_HAL_Driver/Src/stm32f1xx_hal_tim_ex.o
 .debug_info    0x0000c468     0x2eed ./Drivers/STM32F1xx_HAL_Driver/Src/stm32f1xx_hal_uart.o
 .debug_info    0x0000f355      0x2af ./common/ThirdParty/FreeRTOS/list.o
 .debug_info    0x0000f604     0x156e ./common/ThirdParty/FreeRTOS/queue.o
 .debug_info    0x00010b72     0x22ef ./common/ThirdParty/FreeRTOS/tasks.o
 .debug_info    0x00012e61      0x42f ./common/ThirdParty/FreeRTOS/portable/GCC/ARM_CM3/port.o
 .debug_info    0x00013290      0x4d3 ./common/ThirdParty/FreeRTOS/portable/MemMang/heap_4.o

.debug_abbrev   0x00000000     0x2e5f
 .debug_abbrev  0x00000000      0x14d ./Core/Src/keypad.o
 .debug_abbrev  0x0000014d      0x1ba ./Core/Src/lcd.o
 .debug_abbrev  0x00000307      0x3c4 ./Core/Src/main.o
 .debug_abbrev  0x000006cb      0x207 ./Core/Src/stm32f1xx_hal_msp.o
 .debug_abbrev  0x000008d2      0x1f3 ./Core/Src/stm32f1xx_hal_timebase_tim.o
 .debug_abbrev  0x00000ac5      0x17c ./Core/Src/stm32f1xx_it.o
 .debug_abbrev  0x00000c41      0x13f ./Core/Src/system_stm32f1xx.o
 .debug_abbrev  0x00000d80       0x24 ./Core/Startup/startup_stm32f103c8tx.o
 .debug_abbrev  0x00000da4      0x201 ./Drivers/STM32F1xx_HAL_Driver/Src/stm32f1xx_hal.o
 .debug_abbrev  0x00000fa5      0x2f8 ./Drivers/STM32F1xx_HAL_Driver/Src/stm32f1xx_hal_cortex.o
 .debug_abbrev  0x0000129d      0x1ca ./Drivers/STM32F1xx_HAL_Driver/Src/stm32f1xx_hal_gpio.o
 .debug_abbrev  0x00001467      0x2a3 ./Drivers/STM32F1xx_HAL_Driver/Src/stm32f1xx_hal_i2c.o
 .debug_abbrev  0x0000170a      0x2b3 ./Drivers/STM32F1xx_HAL_Driver/Src/stm32f1xx_hal_rcc.o
 .debug_abbrev  0x000019bd      0x277 ./Drivers/STM32F1xx_HAL_Driver/Src/stm32f1xx_hal_tim.o
 .debug_abbrev  0x00001c34      0x282 ./Drivers/STM32F1xx_HAL_Driver/Src/stm32f1xx_hal_tim_ex.o
 .debug_abbrev  0x00001eb6      0x2f8 ./Drivers/STM32F1xx_HAL_Driver/Src/stm32f1xx_hal_uart.o
 .debug_abbrev  0x000021ae       0xf5 ./common/ThirdParty/FreeRTOS/list.o
 .debug_abbrev  0x000022a3      0x322 ./common/ThirdParty/FreeRTOS/queue.o
 .debug_abbrev  0x000025c5      0x3d3 ./common/ThirdParty/FreeRTOS/tasks.o
 .debug_abbrev  0x00002998      0x2a9 ./common/ThirdParty/FreeRTOS/portable/GCC/ARM_CM3/port.o
 .debug_abbrev  0x00002c41      0x21e ./common/ThirdParty/FreeRTOS/portable/MemMang/heap_4.o

.debug_aranges  0x00000000     0x1268
 .debug_aranges
                0x00000000       0x28 ./Core/Src/keypad.o
 .debug_aranges
                0x00000028       0x38 ./Core/Src/lcd.o
 .debug_aranges
                0x00000060       0x78 ./Core/Src/main.o
 .debug_aranges
                0x000000d8       0x58 ./Core/Src/stm32f1xx_hal_msp.o
 .debug_aranges
                0x00000130       0x30 ./Core/Src/stm32f1xx_hal_timebase_tim.o
 .debug_aranges
                0x00000160       0x50 ./Core/Src/stm32f1xx_it.o
 .debug_aranges
                0x000001b0       0x28 ./Core/Src/system_stm32f1xx.o
 .debug_aranges
                0x000001d8       0x28 ./Core/Startup/startup_stm32f103c8tx.o
 .debug_aranges
                0x00000200       0xe0 ./Drivers/STM32F1xx_HAL_Driver/Src/stm32f1xx_hal.o
 .debug_aranges
                0x000002e0      0x100 ./Drivers/STM32F1xx_HAL_Driver/Src/stm32f1xx_hal_cortex.o
 .debug_aranges
                0x000003e0       0x58 ./Drivers/STM32F1xx_HAL_Driver/Src/stm32f1xx_hal_gpio.o
 .debug_aranges
                0x00000438      0x2a8 ./Drivers/STM32F1xx_HAL_Driver/Src/stm32f1xx_hal_i2c.o
 .debug_aranges
                0x000006e0       0x90 ./Drivers/STM32F1xx_HAL_Driver/Src/stm32f1xx_hal_rcc.o
 .debug_aranges
                0x00000770      0x3d0 ./Drivers/STM32F1xx_HAL_Driver/Src/stm32f1xx_hal_tim.o
 .debug_aranges
                0x00000b40      0x168 ./Drivers/STM32F1xx_HAL_Driver/Src/stm32f1xx_hal_tim_ex.o
 .debug_aranges
                0x00000ca8      0x208 ./Drivers/STM32F1xx_HAL_Driver/Src/stm32f1xx_hal_uart.o
 .debug_aranges
                0x00000eb0       0x40 ./common/ThirdParty/FreeRTOS/list.o
 .debug_aranges
                0x00000ef0       0xf8 ./common/ThirdParty/FreeRTOS/queue.o
 .debug_aranges
                0x00000fe8      0x1b8 ./common/ThirdParty/FreeRTOS/tasks.o
 .debug_aranges
                0x000011a0       0x70 ./common/ThirdParty/FreeRTOS/portable/GCC/ARM_CM3/port.o
 .debug_aranges
                0x00001210       0x58 ./common/ThirdParty/FreeRTOS/portable/MemMang/heap_4.o

.debug_rnglists
                0x00000000      0xe81
 .debug_rnglists
                0x00000000       0x1a ./Core/Src/keypad.o
 .debug_rnglists
                0x0000001a       0x28 ./Core/Src/lcd.o
 .debug_rnglists
                0x00000042       0x5b ./Core/Src/main.o
 .debug_rnglists
                0x0000009d       0x3e ./Core/Src/stm32f1xx_hal_msp.o
 .debug_rnglists
                0x000000db       0x20 ./Core/Src/stm32f1xx_hal_timebase_tim.o
 .debug_rnglists
                0x000000fb       0x37 ./Core/Src/stm32f1xx_it.o
 .debug_rnglists
                0x00000132       0x1a ./Core/Src/system_stm32f1xx.o
 .debug_rnglists
                0x0000014c       0x19 ./Core/Startup/startup_stm32f103c8tx.o
 .debug_rnglists
                0x00000165       0xa3 ./Drivers/STM32F1xx_HAL_Driver/Src/stm32f1xx_hal.o
 .debug_rnglists
                0x00000208       0xbb ./Drivers/STM32F1xx_HAL_Driver/Src/stm32f1xx_hal_cortex.o
 .debug_rnglists
                0x000002c3       0x3f ./Drivers/STM32F1xx_HAL_Driver/Src/stm32f1xx_hal_gpio.o
 .debug_rnglists
                0x00000302      0x23c ./Drivers/STM32F1xx_HAL_Driver/Src/stm32f1xx_hal_i2c.o
 .debug_rnglists
                0x0000053e       0x6c ./Drivers/STM32F1xx_HAL_Driver/Src/stm32f1xx_hal_rcc.o
 .debug_rnglists
                0x000005aa      0x31a ./Drivers/STM32F1xx_HAL_Driver/Src/stm32f1xx_hal_tim.o
 .debug_rnglists
                0x000008c4      0x125 ./Drivers/STM32F1xx_HAL_Driver/Src/stm32f1xx_hal_tim_ex.o
 .debug_rnglists
                0x000009e9      0x1bc ./Drivers/STM32F1xx_HAL_Driver/Src/stm32f1xx_hal_uart.o
 .debug_rnglists
                0x00000ba5       0x2b ./common/ThirdParty/FreeRTOS/list.o
 .debug_rnglists
                0x00000bd0       0xc1 ./common/ThirdParty/FreeRTOS/queue.o
 .debug_rnglists
                0x00000c91      0x15f ./common/ThirdParty/FreeRTOS/tasks.o
 .debug_rnglists
                0x00000df0       0x4f ./common/ThirdParty/FreeRTOS/portable/GCC/ARM_CM3/port.o
 .debug_rnglists
                0x00000e3f       0x42 ./common/ThirdParty/FreeRTOS/portable/MemMang/heap_4.o

.debug_macro    0x00000000    0x19590
 .debug_macro   0x00000000      0x1c1 ./Core/Src/keypad.o
 .debug_macro   0x000001c1      0xacc ./Core/Src/keypad.o
 .debug_macro   0x00000c8d      0x221 ./Core/Src/keypad.o
 .debug_macro   0x00000eae       0x2e ./Core/Src/keypad.o
 .debug_macro   0x00000edc       0x22 ./Core/Src/keypad.o
 .debug_macro   0x00000efe       0x22 ./Core/Src/keypad.o
 .debug_macro   0x00000f20       0x8e ./Core/Src/keypad.o
 .debug_macro   0x00000fae       0x51 ./Core/Src/keypad.o
 .debug_macro   0x00000fff      0x103 ./Core/Src/keypad.o
 .debug_macro   0x00001102       0x6a ./Core/Src/keypad.o
 .debug_macro   0x0000116c      0x1df ./Core/Src/keypad.o
 .debug_macro   0x0000134b       0x1c ./Core/Src/keypad.o
 .debug_macro   0x00001367       0x22 ./Core/Src/keypad.o
 .debug_macro   0x00001389       0xbd ./Core/Src/keypad.o
 .debug_macro   0x00001446      0xd23 ./Core/Src/keypad.o
 .debug_macro   0x00002169     0xe09e ./Core/Src/keypad.o
 .debug_macro   0x00010207       0x6d ./Core/Src/keypad.o
 .debug_macro   0x00010274     0x34a2 ./Core/Src/keypad.o
 .debug_macro   0x00013716      0x190 ./Core/Src/keypad.o
 .debug_macro   0x000138a6       0x5c ./Core/Src/keypad.o
 .debug_macro   0x00013902      0x5bc ./Core/Src/keypad.o
 .debug_macro   0x00013ebe      0x289 ./Core/Src/keypad.o
 .debug_macro   0x00014147      0x1cb ./Core/Src/keypad.o
 .debug_macro   0x00014312      0x114 ./Core/Src/keypad.o
 .debug_macro   0x00014426      0x1b2 ./Core/Src/keypad.o
 .debug_macro   0x000145d8       0x27 ./Core/Src/keypad.o
 .debug_macro   0x000145ff      0x136 ./Core/Src/keypad.o
 .debug_macro   0x00014735      0x1bc ./Core/Src/keypad.o
 .debug_macro   0x000148f1       0x34 ./Core/Src/keypad.o
 .debug_macro   0x00014925       0x3c ./Core/Src/keypad.o
 .debug_macro   0x00014961       0x57 ./Core/Src/keypad.o
 .debug_macro   0x000149b8       0x87 ./Core/Src/keypad.o
 .debug_macro   0x00014a3f      0x240 ./Core/Src/keypad.o
 .debug_macro   0x00014c7f      0x287 ./Core/Src/keypad.o
 .debug_macro   0x00014f06      0x140 ./Core/Src/keypad.o
 .debug_macro   0x00015046      0x8ed ./Core/Src/keypad.o
 .debug_macro   0x00015933      0x28e ./Core/Src/keypad.o
 .debug_macro   0x00015bc1       0x83 ./Core/Src/keypad.o
 .debug_macro   0x00015c44      0x1c7 ./Core/Src/lcd.o
 .debug_macro   0x00015e0b      0x313 ./Core/Src/main.o
 .debug_macro   0x0001611e      0x104 ./Core/Src/main.o
 .debug_macro   0x00016222      0x15a ./Core/Src/main.o
 .debug_macro   0x0001637c       0xe4 ./Core/Src/main.o
 .debug_macro   0x00016460       0x1c ./Core/Src/main.o
 .debug_macro   0x0001647c       0x26 ./Core/Src/main.o
 .debug_macro   0x000164a2       0x61 ./Core/Src/main.o
 .debug_macro   0x00016503       0x24 ./Core/Src/main.o
 .debug_macro   0x00016527       0x43 ./Core/Src/main.o
 .debug_macro   0x0001656a       0x34 ./Core/Src/main.o
 .debug_macro   0x0001659e      0x370 ./Core/Src/main.o
 .debug_macro   0x0001690e       0x16 ./Core/Src/main.o
 .debug_macro   0x00016924       0x4a ./Core/Src/main.o
 .debug_macro   0x0001696e       0x34 ./Core/Src/main.o
 .debug_macro   0x000169a2       0x10 ./Core/Src/main.o
 .debug_macro   0x000169b2       0x58 ./Core/Src/main.o
 .debug_macro   0x00016a0a       0x8e ./Core/Src/main.o
 .debug_macro   0x00016a98       0x1c ./Core/Src/main.o
 .debug_macro   0x00016ab4      0x185 ./Core/Src/main.o
 .debug_macro   0x00016c39       0x10 ./Core/Src/main.o
 .debug_macro   0x00016c49       0x3c ./Core/Src/main.o
 .debug_macro   0x00016c85      0x4f7 ./Core/Src/main.o
 .debug_macro   0x0001717c       0xb5 ./Core/Src/main.o
 .debug_macro   0x00017231      0x120 ./Core/Src/main.o
 .debug_macro   0x00017351       0x80 ./Core/Src/main.o
 .debug_macro   0x000173d1       0x69 ./Core/Src/main.o
 .debug_macro   0x0001743a      0x1b7 ./Core/Src/stm32f1xx_hal_msp.o
 .debug_macro   0x000175f1      0x1ad ./Core/Src/stm32f1xx_hal_timebase_tim.o
 .debug_macro   0x0001779e      0x1c1 ./Core/Src/stm32f1xx_it.o
 .debug_macro   0x0001795f      0x1ad ./Core/Src/system_stm32f1xx.o
 .debug_macro   0x00017b0c      0x1d1 ./Drivers/STM32F1xx_HAL_Driver/Src/stm32f1xx_hal.o
 .debug_macro   0x00017cdd      0x1ad ./Drivers/STM32F1xx_HAL_Driver/Src/stm32f1xx_hal_cortex.o
 .debug_macro   0x00017e8a      0x218 ./Drivers/STM32F1xx_HAL_Driver/Src/stm32f1xx_hal_gpio.o
 .debug_macro   0x000180a2      0x1fb ./Drivers/STM32F1xx_HAL_Driver/Src/stm32f1xx_hal_i2c.o
 .debug_macro   0x0001829d      0x1bf ./Drivers/STM32F1xx_HAL_Driver/Src/stm32f1xx_hal_rcc.o
 .debug_macro   0x0001845c      0x1ae ./Drivers/STM32F1xx_HAL_Driver/Src/stm32f1xx_hal_tim.o
 .debug_macro   0x0001860a      0x1ad ./Drivers/STM32F1xx_HAL_Driver/Src/stm32f1xx_hal_tim_ex.o
 .debug_macro   0x000187b7      0x1ae ./Drivers/STM32F1xx_HAL_Driver/Src/stm32f1xx_hal_uart.o
 .debug_macro   0x00018965      0x1a5 ./common/ThirdParty/FreeRTOS/list.o
 .debug_macro   0x00018b0a      0x22e ./common/ThirdParty/FreeRTOS/queue.o
 .debug_macro   0x00018d38       0x16 ./common/ThirdParty/FreeRTOS/queue.o
 .debug_macro   0x00018d4e       0x20 ./common/ThirdParty/FreeRTOS/queue.o
 .debug_macro   0x00018d6e      0x28b ./common/ThirdParty/FreeRTOS/tasks.o
 .debug_macro   0x00018ff9       0x10 ./common/ThirdParty/FreeRTOS/tasks.o
 .debug_macro   0x00019009      0x371 ./common/ThirdParty/FreeRTOS/portable/GCC/ARM_CM3/port.o
 .debug_macro   0x0001937a       0x56 ./common/ThirdParty/FreeRTOS/portable/GCC/ARM_CM3/port.o
 .debug_macro   0x000193d0      0x1c0 ./common/ThirdParty/FreeRTOS/portable/MemMang/heap_4.o

.debug_line     0x00000000    0x164d3
 .debug_line    0x00000000      0x805 ./Core/Src/keypad.o
 .debug_line    0x00000805      0x7fd ./Core/Src/lcd.o
 .debug_line    0x00001002      0xdb8 ./Core/Src/main.o
 .debug_line    0x00001dba      0x815 ./Core/Src/stm32f1xx_hal_msp.o
 .debug_line    0x000025cf      0x792 ./Core/Src/stm32f1xx_hal_timebase_tim.o
 .debug_line    0x00002d61      0x79c ./Core/Src/stm32f1xx_it.o
 .debug_line    0x000034fd      0x792 ./Core/Src/system_stm32f1xx.o
 .debug_line    0x00003c8f       0x78 ./Core/Startup/startup_stm32f103c8tx.o
 .debug_line    0x00003d07      0x9c3 ./Drivers/STM32F1xx_HAL_Driver/Src/stm32f1xx_hal.o
 .debug_line    0x000046ca      0xb8d ./Drivers/STM32F1xx_HAL_Driver/Src/stm32f1xx_hal_cortex.o
 .debug_line    0x00005257      0xa20 ./Drivers/STM32F1xx_HAL_Driver/Src/stm32f1xx_hal_gpio.o
 .debug_line    0x00005c77     0x3bc0 ./Drivers/STM32F1xx_HAL_Driver/Src/stm32f1xx_hal_i2c.o
 .debug_line    0x00009837      0xe7c ./Drivers/STM32F1xx_HAL_Driver/Src/stm32f1xx_hal_rcc.o
 .debug_line    0x0000a6b3     0x34b1 ./Drivers/STM32F1xx_HAL_Driver/Src/stm32f1xx_hal_tim.o
 .debug_line    0x0000db64     0x1887 ./Drivers/STM32F1xx_HAL_Driver/Src/stm32f1xx_hal_tim_ex.o
 .debug_line    0x0000f3eb     0x24df ./Drivers/STM32F1xx_HAL_Driver/Src/stm32f1xx_hal_uart.o
 .debug_line    0x000118ca      0x7f7 ./common/ThirdParty/FreeRTOS/list.o
 .debug_line    0x000120c1     0x14d9 ./common/ThirdParty/FreeRTOS/queue.o
 .debug_line    0x0001359a     0x198d ./common/ThirdParty/FreeRTOS/tasks.o
 .debug_line    0x00014f27      0xb82 ./common/ThirdParty/FreeRTOS/portable/GCC/ARM_CM3/port.o
 .debug_line    0x00015aa9      0xa2a ./common/ThirdParty/FreeRTOS/portable/MemMang/heap_4.o

.debug_str      0x00000000    0x94b50
 .debug_str     0x00000000    0x94b50 ./Core/Src/keypad.o
                              0x8509a (size before relaxing)
 .debug_str     0x00094b50    0x85584 ./Core/Src/lcd.o
 .debug_str     0x00094b50    0x8eaab ./Core/Src/main.o
 .debug_str     0x00094b50    0x85abd ./Core/Src/stm32f1xx_hal_msp.o
 .debug_str     0x00094b50    0x85967 ./Core/Src/stm32f1xx_hal_timebase_tim.o
 .debug_str     0x00094b50    0x85543 ./Core/Src/stm32f1xx_it.o
 .debug_str     0x00094b50    0x8509f ./Core/Src/system_stm32f1xx.o
 .debug_str     0x00094b50       0x94 ./Core/Startup/startup_stm32f103c8tx.o
 .debug_str     0x00094b50    0x857d2 ./Drivers/STM32F1xx_HAL_Driver/Src/stm32f1xx_hal.o
 .debug_str     0x00094b50    0x8571e ./Drivers/STM32F1xx_HAL_Driver/Src/stm32f1xx_hal_cortex.o
 .debug_str     0x00094b50    0x85425 ./Drivers/STM32F1xx_HAL_Driver/Src/stm32f1xx_hal_gpio.o
 .debug_str     0x00094b50    0x86166 ./Drivers/STM32F1xx_HAL_Driver/Src/stm32f1xx_hal_i2c.o
 .debug_str     0x00094b50    0x854ce ./Drivers/STM32F1xx_HAL_Driver/Src/stm32f1xx_hal_rcc.o
 .debug_str     0x00094b50    0x864d0 ./Drivers/STM32F1xx_HAL_Driver/Src/stm32f1xx_hal_tim.o
 .debug_str     0x00094b50    0x85cdc ./Drivers/STM32F1xx_HAL_Driver/Src/stm32f1xx_hal_tim_ex.o
 .debug_str     0x00094b50    0x85b3f ./Drivers/STM32F1xx_HAL_Driver/Src/stm32f1xx_hal_uart.o
 .debug_str     0x00094b50     0xad73 ./common/ThirdParty/FreeRTOS/list.o
 .debug_str     0x00094b50     0xd0cd ./common/ThirdParty/FreeRTOS/queue.o
 .debug_str     0x00094b50     0xdf15 ./common/ThirdParty/FreeRTOS/tasks.o
 .debug_str     0x00094b50    0x8d396 ./common/ThirdParty/FreeRTOS/portable/GCC/ARM_CM3/port.o
 .debug_str     0x00094b50     0xc23c ./common/ThirdParty/FreeRTOS/portable/MemMang/heap_4.o

.comment        0x00000000       0x43
 .comment       0x00000000       0x43 ./Core/Src/keypad.o
                                 0x44 (size before relaxing)
 .comment       0x00000043       0x44 ./Core/Src/lcd.o
 .comment       0x00000043       0x44 ./Core/Src/main.o
 .comment       0x00000043       0x44 ./Core/Src/stm32f1xx_hal_msp.o
 .comment       0x00000043       0x44 ./Core/Src/stm32f1xx_hal_timebase_tim.o
 .comment       0x00000043       0x44 ./Core/Src/stm32f1xx_it.o
 .comment       0x00000043       0x44 ./Core/Src/system_stm32f1xx.o
 .comment       0x00000043       0x44 ./Drivers/STM32F1xx_HAL_Driver/Src/stm32f1xx_hal.o
 .comment       0x00000043       0x44 ./Drivers/STM32F1xx_HAL_Driver/Src/stm32f1xx_hal_cortex.o
 .comment       0x00000043       0x44 ./Drivers/STM32F1xx_HAL_Driver/Src/stm32f1xx_hal_gpio.o
 .comment       0x00000043       0x44 ./Drivers/STM32F1xx_HAL_Driver/Src/stm32f1xx_hal_i2c.o
 .comment       0x00000043       0x44 ./Drivers/STM32F1xx_HAL_Driver/Src/stm32f1xx_hal_rcc.o
 .comment       0x00000043       0x44 ./Drivers/STM32F1xx_HAL_Driver/Src/stm32f1xx_hal_tim.o
 .comment       0x00000043       0x44 ./Drivers/STM32F1xx_HAL_Driver/Src/stm32f1xx_hal_tim_ex.o
 .comment       0x00000043       0x44 ./Drivers/STM32F1xx_HAL_Driver/Src/stm32f1xx_hal_uart.o
 .comment       0x00000043       0x44 ./common/ThirdParty/FreeRTOS/list.o
 .comment       0x00000043       0x44 ./common/ThirdParty/FreeRTOS/queue.o
 .comment       0x00000043       0x44 ./common/ThirdParty/FreeRTOS/tasks.o
 .comment       0x00000043       0x44 ./common/ThirdParty/FreeRTOS/portable/GCC/ARM_CM3/port.o
 .comment       0x00000043       0x44 ./common/ThirdParty/FreeRTOS/portable/MemMang/heap_4.o

.debug_frame    0x00000000     0x5020
 .debug_frame   0x00000000       0x50 ./Core/Src/keypad.o
 .debug_frame   0x00000050       0xac ./Core/Src/lcd.o
 .debug_frame   0x000000fc      0x190 ./Core/Src/main.o
 .debug_frame   0x0000028c      0x13c ./Core/Src/stm32f1xx_hal_msp.o
 .debug_frame   0x000003c8       0x74 ./Core/Src/stm32f1xx_hal_timebase_tim.o
 .debug_frame   0x0000043c       0xc4 ./Core/Src/stm32f1xx_it.o
 .debug_frame   0x00000500       0x58 ./Core/Src/system_stm32f1xx.o
 .debug_frame   0x00000558      0x334 ./Drivers/STM32F1xx_HAL_Driver/Src/stm32f1xx_hal.o
 .debug_frame   0x0000088c      0x428 ./Drivers/STM32F1xx_HAL_Driver/Src/stm32f1xx_hal_cortex.o
 .debug_frame   0x00000cb4      0x14c ./Drivers/STM32F1xx_HAL_Driver/Src/stm32f1xx_hal_gpio.o
 .debug_frame   0x00000e00      0xc84 ./Drivers/STM32F1xx_HAL_Driver/Src/stm32f1xx_hal_i2c.o
 .debug_frame   0x00001a84      0x218 ./Drivers/STM32F1xx_HAL_Driver/Src/stm32f1xx_hal_rcc.o
 .debug_frame   0x00001c9c     0x11b8 ./Drivers/STM32F1xx_HAL_Driver/Src/stm32f1xx_hal_tim.o
 .debug_frame   0x00002e54      0x638 ./Drivers/STM32F1xx_HAL_Driver/Src/stm32f1xx_hal_tim_ex.o
 .debug_frame   0x0000348c      0x944 ./Drivers/STM32F1xx_HAL_Driver/Src/stm32f1xx_hal_uart.o
 .debug_frame   0x00003dd0       0xd8 ./common/ThirdParty/FreeRTOS/list.o
 .debug_frame   0x00003ea8      0x424 ./common/ThirdParty/FreeRTOS/queue.o
 .debug_frame   0x000042cc      0x768 ./common/ThirdParty/FreeRTOS/tasks.o
 .debug_frame   0x00004a34      0x168 ./common/ThirdParty/FreeRTOS/portable/GCC/ARM_CM3/port.o
 .debug_frame   0x00004b9c      0x12c ./common/ThirdParty/FreeRTOS/portable/MemMang/heap_4.o
 .debug_frame   0x00004cc8      0x144 C:/ST/STM32CubeIDE_1.16.1/STM32CubeIDE/plugins/com.st.stm32cube.ide.mcu.externaltools.gnu-tools-for-stm32.13.3.rel1.win32_1.0.0.202411081344/tools/bin/../lib/gcc/arm-none-eabi/13.3.1/../../../../arm-none-eabi/lib/thumb/v7-m/nofp\libc_nano.a(libc_a-findfp.o)
 .debug_frame   0x00004e0c       0x20 C:/ST/STM32CubeIDE_1.16.1/STM32CubeIDE/plugins/com.st.stm32cube.ide.mcu.externaltools.gnu-tools-for-stm32.13.3.rel1.win32_1.0.0.202411081344/tools/bin/../lib/gcc/arm-none-eabi/13.3.1/../../../../arm-none-eabi/lib/thumb/v7-m/nofp\libc_nano.a(libc_a-memset.o)
 .debug_frame   0x00004e2c       0x38 C:/ST/STM32CubeIDE_1.16.1/STM32CubeIDE/plugins/com.st.stm32cube.ide.mcu.externaltools.gnu-tools-for-stm32.13.3.rel1.win32_1.0.0.202411081344/tools/bin/../lib/gcc/arm-none-eabi/13.3.1/../../../../arm-none-eabi/lib/thumb/v7-m/nofp\libc_nano.a(libc_a-reent.o)
 .debug_frame   0x00004e64       0x2c C:/ST/STM32CubeIDE_1.16.1/STM32CubeIDE/plugins/com.st.stm32cube.ide.mcu.externaltools.gnu-tools-for-stm32.13.3.rel1.win32_1.0.0.202411081344/tools/bin/../lib/gcc/arm-none-eabi/13.3.1/../../../../arm-none-eabi/lib/thumb/v7-m/nofp\libc_nano.a(libc_a-init.o)
 .debug_frame   0x00004e90       0xb0 C:/ST/STM32CubeIDE_1.16.1/STM32CubeIDE/plugins/com.st.stm32cube.ide.mcu.externaltools.gnu-tools-for-stm32.13.3.rel1.win32_1.0.0.202411081344/tools/bin/../lib/gcc/arm-none-eabi/13.3.1/../../../../arm-none-eabi/lib/thumb/v7-m/nofp\libc_nano.a(libc_a-lock.o)
 .debug_frame   0x00004f40       0x28 C:/ST/STM32CubeIDE_1.16.1/STM32CubeIDE/plugins/com.st.stm32cube.ide.mcu.externaltools.gnu-tools-for-stm32.13.3.rel1.win32_1.0.0.202411081344/tools/bin/../lib/gcc/arm-none-eabi/13.3.1/../../../../arm-none-eabi/lib/thumb/v7-m/nofp\libc_nano.a(libc_a-memcpy-stub.o)
 .debug_frame   0x00004f68       0x38 C:/ST/STM32CubeIDE_1.16.1/STM32CubeIDE/plugins/com.st.stm32cube.ide.mcu.externaltools.gnu-tools-for-stm32.13.3.rel1.win32_1.0.0.202411081344/tools/bin/../lib/gcc/arm-none-eabi/13.3.1/../../../../arm-none-eabi/lib/thumb/v7-m/nofp\libc_nano.a(libc_a-freer.o)
 .debug_frame   0x00004fa0       0x50 C:/ST/STM32CubeIDE_1.16.1/STM32CubeIDE/plugins/com.st.stm32cube.ide.mcu.externaltools.gnu-tools-for-stm32.13.3.rel1.win32_1.0.0.202411081344/tools/bin/../lib/gcc/arm-none-eabi/13.3.1/../../../../arm-none-eabi/lib/thumb/v7-m/nofp\libc_nano.a(libc_a-mallocr.o)
 .debug_frame   0x00004ff0       0x30 C:/ST/STM32CubeIDE_1.16.1/STM32CubeIDE/plugins/com.st.stm32cube.ide.mcu.externaltools.gnu-tools-for-stm32.13.3.rel1.win32_1.0.0.202411081344/tools/bin/../lib/gcc/arm-none-eabi/13.3.1/../../../../arm-none-eabi/lib/thumb/v7-m/nofp\libc_nano.a(libc_a-mlock.o)

.debug_line_str
                0x00000000       0x78
 .debug_line_str
                0x00000000       0x78 ./Core/Startup/startup_stm32f103c8tx.o
