../Core/Src/main.c:94:5:main	32	static,ignoring_inline_asm
../Core/Src/main.c:157:6:SystemClock_Config	88	static
../Core/Src/main.c:202:13:MX_I2C1_Init	8	static
../Core/Src/main.c:236:13:MX_RTC_Init	16	static
../Core/Src/main.c:294:13:MX_USART1_UART_Init	8	static
../Core/Src/main.c:327:13:MX_GPIO_Init	40	static
../Core/Src/main.c:371:6:RTC_handler	32	static
../Core/Src/main.c:383:6:RTC_ProceesData_handler	32	static
../Core/Src/main.c:408:6:Uart_handler	24	static
../Core/Src/main.c:419:6:Lcd_handler	24	static
../Core/Src/main.c:437:6:HAL_TIM_PeriodElapsedCallback	16	static
../Core/Src/main.c:455:6:Error_Handler	4	static,ignoring_inline_asm
