../Core/Src/main.c:98:5:main	40	static,ignoring_inline_asm
../Core/Src/main.c:173:6:SystemClock_Config	72	static
../Core/Src/main.c:210:13:MX_I2C1_Init	8	static
../Core/Src/main.c:244:13:MX_TIM3_Init	64	static
../Core/Src/main.c:303:13:MX_USART1_UART_Init	8	static
../Core/Src/main.c:336:13:MX_GPIO_Init	40	static
../Core/Src/main.c:393:6:keypad_handler	32	static
../Core/Src/main.c:501:6:pwm_handler	24	static
../Core/Src/main.c:513:6:uart_handler	32	static
../Core/Src/main.c:532:6:lcd_handler	32	static
../Core/Src/main.c:586:6:HAL_TIM_PeriodElapsedCallback	16	static
../Core/Src/main.c:604:6:Error_Handler	4	static,ignoring_inline_asm
