../Core/Src/main.c:73:5:main	32	static,ignoring_inline_asm
../Core/Src/main.c:136:6:SystemClock_Config	72	static
../Core/Src/main.c:173:13:MX_USART1_UART_Init	8	static
../Core/Src/main.c:206:13:MX_GPIO_Init	32	static
../Core/Src/main.c:260:6:UartSend_handler	16	static
../Core/Src/main.c:272:6:Print1_handler	24	static
../Core/Src/main.c:289:6:Print2_handler	24	static
../Core/Src/main.c:312:6:HAL_TIM_PeriodElapsedCallback	16	static
../Core/Src/main.c:330:6:Error_Handler	4	static,ignoring_inline_asm
