../Core/Src/main.c:73:5:main	24	static,ignoring_inline_asm
../Core/Src/main.c:126:6:SystemClock_Config	72	static
../Core/Src/main.c:163:13:MX_USART1_UART_Init	8	static
../Core/Src/main.c:196:13:MX_GPIO_Init	32	static
../Core/Src/main.c:262:6:ledisr_handler	24	static
../Core/Src/main.c:285:6:HAL_GPIO_EXTI_Callback	32	static,ignoring_inline_asm
../Core/Src/main.c:300:6:delay	24	static
../Core/Src/main.c:306:9:inttostr	40	static
../Core/Src/main.c:338:6:vApplicationStackOverflowHook	16	static
../Core/Src/main.c:352:6:HAL_TIM_PeriodElapsedCallback	16	static
../Core/Src/main.c:370:6:Error_Handler	4	static,ignoring_inline_asm
