Archive member included to satisfy reference by file (symbol)

C:/ST/STM32CubeIDE_1.16.1/STM32CubeIDE/plugins/com.st.stm32cube.ide.mcu.externaltools.gnu-tools-for-stm32.13.3.rel1.win32_1.0.0.202411081344/tools/bin/../lib/gcc/arm-none-eabi/13.3.1/../../../../arm-none-eabi/lib/thumb/v7-m/nofp\libc_nano.a(libc_a-exit.o)
                              C:/ST/STM32CubeIDE_1.16.1/STM32CubeIDE/plugins/com.st.stm32cube.ide.mcu.externaltools.gnu-tools-for-stm32.13.3.rel1.win32_1.0.0.202411081344/tools/bin/../lib/gcc/arm-none-eabi/13.3.1/../../../../arm-none-eabi/lib/thumb/v7-m/nofp/crt0.o (exit)
C:/ST/STM32CubeIDE_1.16.1/STM32CubeIDE/plugins/com.st.stm32cube.ide.mcu.externaltools.gnu-tools-for-stm32.13.3.rel1.win32_1.0.0.202411081344/tools/bin/../lib/gcc/arm-none-eabi/13.3.1/../../../../arm-none-eabi/lib/thumb/v7-m/nofp\libc_nano.a(libc_a-findfp.o)
                              ./common/ThirdParty/FreeRTOS/tasks.o (__sf)
C:/ST/STM32CubeIDE_1.16.1/STM32CubeIDE/plugins/com.st.stm32cube.ide.mcu.externaltools.gnu-tools-for-stm32.13.3.rel1.win32_1.0.0.202411081344/tools/bin/../lib/gcc/arm-none-eabi/13.3.1/../../../../arm-none-eabi/lib/thumb/v7-m/nofp\libc_nano.a(libc_a-fwalk.o)
                              C:/ST/STM32CubeIDE_1.16.1/STM32CubeIDE/plugins/com.st.stm32cube.ide.mcu.externaltools.gnu-tools-for-stm32.13.3.rel1.win32_1.0.0.202411081344/tools/bin/../lib/gcc/arm-none-eabi/13.3.1/../../../../arm-none-eabi/lib/thumb/v7-m/nofp\libc_nano.a(libc_a-findfp.o) (_fwalk_sglue)
C:/ST/STM32CubeIDE_1.16.1/STM32CubeIDE/plugins/com.st.stm32cube.ide.mcu.externaltools.gnu-tools-for-stm32.13.3.rel1.win32_1.0.0.202411081344/tools/bin/../lib/gcc/arm-none-eabi/13.3.1/../../../../arm-none-eabi/lib/thumb/v7-m/nofp\libc_nano.a(libc_a-stdio.o)
                              C:/ST/STM32CubeIDE_1.16.1/STM32CubeIDE/plugins/com.st.stm32cube.ide.mcu.externaltools.gnu-tools-for-stm32.13.3.rel1.win32_1.0.0.202411081344/tools/bin/../lib/gcc/arm-none-eabi/13.3.1/../../../../arm-none-eabi/lib/thumb/v7-m/nofp\libc_nano.a(libc_a-findfp.o) (__sread)
C:/ST/STM32CubeIDE_1.16.1/STM32CubeIDE/plugins/com.st.stm32cube.ide.mcu.externaltools.gnu-tools-for-stm32.13.3.rel1.win32_1.0.0.202411081344/tools/bin/../lib/gcc/arm-none-eabi/13.3.1/../../../../arm-none-eabi/lib/thumb/v7-m/nofp\libc_nano.a(libc_a-memset.o)
                              C:/ST/STM32CubeIDE_1.16.1/STM32CubeIDE/plugins/com.st.stm32cube.ide.mcu.externaltools.gnu-tools-for-stm32.13.3.rel1.win32_1.0.0.202411081344/tools/bin/../lib/gcc/arm-none-eabi/13.3.1/../../../../arm-none-eabi/lib/thumb/v7-m/nofp/crt0.o (memset)
C:/ST/STM32CubeIDE_1.16.1/STM32CubeIDE/plugins/com.st.stm32cube.ide.mcu.externaltools.gnu-tools-for-stm32.13.3.rel1.win32_1.0.0.202411081344/tools/bin/../lib/gcc/arm-none-eabi/13.3.1/../../../../arm-none-eabi/lib/thumb/v7-m/nofp\libc_nano.a(libc_a-closer.o)
                              C:/ST/STM32CubeIDE_1.16.1/STM32CubeIDE/plugins/com.st.stm32cube.ide.mcu.externaltools.gnu-tools-for-stm32.13.3.rel1.win32_1.0.0.202411081344/tools/bin/../lib/gcc/arm-none-eabi/13.3.1/../../../../arm-none-eabi/lib/thumb/v7-m/nofp\libc_nano.a(libc_a-stdio.o) (_close_r)
C:/ST/STM32CubeIDE_1.16.1/STM32CubeIDE/plugins/com.st.stm32cube.ide.mcu.externaltools.gnu-tools-for-stm32.13.3.rel1.win32_1.0.0.202411081344/tools/bin/../lib/gcc/arm-none-eabi/13.3.1/../../../../arm-none-eabi/lib/thumb/v7-m/nofp\libc_nano.a(libc_a-reent.o)
                              ./common/ThirdParty/FreeRTOS/tasks.o (_reclaim_reent)
C:/ST/STM32CubeIDE_1.16.1/STM32CubeIDE/plugins/com.st.stm32cube.ide.mcu.externaltools.gnu-tools-for-stm32.13.3.rel1.win32_1.0.0.202411081344/tools/bin/../lib/gcc/arm-none-eabi/13.3.1/../../../../arm-none-eabi/lib/thumb/v7-m/nofp\libc_nano.a(libc_a-impure.o)
                              ./common/ThirdParty/FreeRTOS/tasks.o (_impure_ptr)
C:/ST/STM32CubeIDE_1.16.1/STM32CubeIDE/plugins/com.st.stm32cube.ide.mcu.externaltools.gnu-tools-for-stm32.13.3.rel1.win32_1.0.0.202411081344/tools/bin/../lib/gcc/arm-none-eabi/13.3.1/../../../../arm-none-eabi/lib/thumb/v7-m/nofp\libc_nano.a(libc_a-lseekr.o)
                              C:/ST/STM32CubeIDE_1.16.1/STM32CubeIDE/plugins/com.st.stm32cube.ide.mcu.externaltools.gnu-tools-for-stm32.13.3.rel1.win32_1.0.0.202411081344/tools/bin/../lib/gcc/arm-none-eabi/13.3.1/../../../../arm-none-eabi/lib/thumb/v7-m/nofp\libc_nano.a(libc_a-stdio.o) (_lseek_r)
C:/ST/STM32CubeIDE_1.16.1/STM32CubeIDE/plugins/com.st.stm32cube.ide.mcu.externaltools.gnu-tools-for-stm32.13.3.rel1.win32_1.0.0.202411081344/tools/bin/../lib/gcc/arm-none-eabi/13.3.1/../../../../arm-none-eabi/lib/thumb/v7-m/nofp\libc_nano.a(libc_a-readr.o)
                              C:/ST/STM32CubeIDE_1.16.1/STM32CubeIDE/plugins/com.st.stm32cube.ide.mcu.externaltools.gnu-tools-for-stm32.13.3.rel1.win32_1.0.0.202411081344/tools/bin/../lib/gcc/arm-none-eabi/13.3.1/../../../../arm-none-eabi/lib/thumb/v7-m/nofp\libc_nano.a(libc_a-stdio.o) (_read_r)
[...]
Memory Configuration

Name             Origin             Length             Attributes
RAM              0x20000000         0x00005000         xrw
FLASH            0x08000000         0x00010000         xr
*default*        0x00000000         0xffffffff

Linker script and memory map

LOAD C:/ST/STM32CubeIDE_1.16.1/STM32CubeIDE/plugins/com.st.stm32cube.ide.mcu.externaltools.gnu-tools-for-stm32.13.3.rel1.win32_1.0.0.202411081344/tools/bin/../lib/gcc/arm-none-eabi/13.3.1/thumb/v7-m/nofp/crti.o
LOAD C:/ST/STM32CubeIDE_1.16.1/STM32CubeIDE/plugins/com.st.stm32cube.ide.mcu.externaltools.gnu-tools-for-stm32.13.3.rel1.win32_1.0.0.202411081344/tools/bin/../lib/gcc/arm-none-eabi/13.3.1/thumb/v7-m/nofp/crtbegin.o
LOAD C:/ST/STM32CubeIDE_1.16.1/STM32CubeIDE/plugins/com.st.stm32cube.ide.mcu.externaltools.gnu-tools-for-stm32.13.3.rel1.win32_1.0.0.202411081344/tools/bin/../lib/gcc/arm-none-eabi/13.3.1/../../../../arm-none-eabi/lib/thumb/v7-m/nofp/crt0.o
LOAD ./Core/Src/lcd.o
LOAD ./Core/Src/main.o
LOAD ./Core/Src/stm32f1xx_hal_msp.o
LOAD ./Core/Src/stm32f1xx_hal_timebase_tim.o
LOAD ./Core/Src/stm32f1xx_it.o
LOAD ./Core/Src/syscalls.o
LOAD ./Core/Src/system_stm32f1xx.o
LOAD ./Core/Startup/startup_stm32f103c8tx.o
LOAD ./Drivers/STM32F1xx_HAL_Driver/Src/stm32f1xx_hal.o
LOAD ./Drivers/STM32F1xx_HAL_Driver/Src/stm32f1xx_hal_cortex.o
LOAD ./Drivers/STM32F1xx_HAL_Driver/Src/stm32f1xx_hal_dma.o
LOAD ./Drivers/STM32F1xx_HAL_Driver/Src/stm32f1xx_hal_exti.o
LOAD ./Drivers/STM32F1xx_HAL_Driver/Src/stm32f1xx_hal_flash.o
LOAD ./Drivers/STM32F1xx_HAL_Driver/Src/stm32f1xx_hal_flash_ex.o
LOAD ./Drivers/STM32F1xx_HAL_Driver/Src/stm32f1xx_hal_gpio.o
LOAD ./Drivers/STM32F1xx_HAL_Driver/Src/stm32f1xx_hal_gpio_ex.o
LOAD ./Drivers/STM32F1xx_HAL_Driver/Src/stm32f1xx_hal_i2c.o
LOAD ./Drivers/STM32F1xx_HAL_Driver/Src/stm32f1xx_hal_pwr.o
LOAD ./Drivers/STM32F1xx_HAL_Driver/Src/stm32f1xx_hal_rcc.o
LOAD ./Drivers/STM32F1xx_HAL_Driver/Src/stm32f1xx_hal_rcc_ex.o
LOAD ./Drivers/STM32F1xx_HAL_Driver/Src/stm32f1xx_hal_rtc.o
LOAD ./Drivers/STM32F1xx_HAL_Driver/Src/stm32f1xx_hal_rtc_ex.o
LOAD ./Drivers/STM32F1xx_HAL_Driver/Src/stm32f1xx_hal_tim.o
LOAD ./Drivers/STM32F1xx_HAL_Driver/Src/stm32f1xx_hal_tim_ex.o
LOAD ./Drivers/STM32F1xx_HAL_Driver/Src/stm32f1xx_hal_uart.o
LOAD ./common/ThirdParty/FreeRTOS/croutine.o
LOAD ./common/ThirdParty/FreeRTOS/event_groups.o
LOAD ./common/ThirdParty/FreeRTOS/list.o
LOAD ./common/ThirdParty/FreeRTOS/queue.o
LOAD ./common/ThirdParty/FreeRTOS/stream_buffer.o
LOAD ./common/ThirdParty/FreeRTOS/tasks.o
LOAD ./common/ThirdParty/FreeRTOS/timers.o
LOAD ./common/ThirdParty/FreeRTOS/portable/GCC/ARM_CM3/port.o
LOAD ./common/ThirdParty/FreeRTOS/portable/MemMang/heap_4.o
START GROUP
LOAD C:/ST/STM32CubeIDE_1.16.1/STM32CubeIDE/plugins/com.st.stm32cube.ide.mcu.externaltools.gnu-tools-for-stm32.13.3.rel1.win32_1.0.0.202411081344/tools/bin/../lib/gcc/arm-none-eabi/13.3.1/../../../../arm-none-eabi/lib/thumb/v7-m/nofp\libc_nano.a
LOAD C:/ST/STM32CubeIDE_1.16.1/STM32CubeIDE/plugins/com.st.stm32cube.ide.mcu.externaltools.gnu-tools-for-stm32.13.3.rel1.win32_1.0.0.202411081344/tools/bin/../lib/gcc/arm-none-eabi/13.3.1/../../../../arm-none-eabi/lib/thumb/v7-m/nofp\libm.a
END GROUP
START GROUP
LOAD C:/ST/STM32CubeIDE_1.16.1/STM32CubeIDE/plugins/com.st.stm32cube.ide.mcu.externaltools.gnu-tools-for-stm32.13.3.rel1.win32_1.0.0.202411081344/tools/bin/../lib/gcc/arm-none-eabi/13.3.1/thumb/v7-m/nofp\libgcc.a
LOAD C:/ST/STM32CubeIDE_1.16.1/STM32CubeIDE/plugins/com.st.stm32cube.ide.mcu.externaltools.gnu-tools-for-stm32.13.3.rel1.win32_1.0.0.202411081344/tools/bin/../lib/gcc/arm-none-eabi/13.3.1/../../../../arm-none-eabi/lib/thumb/v7-m/nofp\libc_nano.a
END GROUP
START GROUP
LOAD C:/ST/STM32CubeIDE_1.16.1/STM32CubeIDE/plugins/com.st.stm32cube.ide.mcu.externaltools.gnu-tools-for-stm32.13.3.rel1.win32_1.0.0.202411081344/tools/bin/../lib/gcc/arm-none-eabi/13.3.1/thumb/v7-m/nofp\libgcc.a
LOAD C:/ST/STM32CubeIDE_1.16.1/STM32CubeIDE/plugins/com.st.stm32cube.ide.mcu.externaltools.gnu-tools-for-stm32.13.3.rel1.win32_1.0.0.202411081344/tools/bin/../lib/gcc/arm-none-eabi/13.3.1/../../../../arm-none-eabi/lib/thumb/v7-m/nofp\libc_nano.a
LOAD C:/ST/STM32CubeIDE_1.16.1/STM32CubeIDE/plugins/com.st.stm32cube.ide.mcu.externaltools.gnu-tools-for-stm32.13.3.rel1.win32_1.0.0.202411081344/tools/bin/../lib/gcc/arm-none-eabi/13.3.1/../../../../arm-none-eabi/lib/thumb/v7-m/nofp\libnosys.a
END GROUP
START GROUP
LOAD C:/ST/STM32CubeIDE_1.16.1/STM32CubeIDE/plugins/com.st.stm32cube.ide.mcu.externaltools.gnu-tools-for-stm32.13.3.rel1.win32_1.0.0.202411081344/tools/bin/../lib/gcc/arm-none-eabi/13.3.1/thumb/v7-m/nofp\libgcc.a
LOAD C:/ST/STM32CubeIDE_1.16.1/STM32CubeIDE/plugins/com.st.stm32cube.ide.mcu.externaltools.gnu-tools-for-stm32.13.3.rel1.win32_1.0.0.202411081344/tools/bin/../lib/gcc/arm-none-eabi/13.3.1/../../../../arm-none-eabi/lib/thumb/v7-m/nofp\libc_nano.a
LOAD C:/ST/STM32CubeIDE_1.16.1/STM32CubeIDE/plugins/com.st.stm32cube.ide.mcu.externaltools.gnu-tools-for-stm32.13.3.rel1.win32_1.0.0.202411081344/tools/bin/../lib/gcc/arm-none-eabi/13.3.1/../../../../arm-none-eabi/lib/thumb/v7-m/nofp\libnosys.a
END GROUP
LOAD C:/ST/STM32CubeIDE_1.16.1/STM32CubeIDE/plugins/com.st.stm32cube.ide.mcu.externaltools.gnu-tools-for-stm32.13.3.rel1.win32_1.0.0.202411081344/tools/bin/../lib/gcc/arm-none-eabi/13.3.1/thumb/v7-m/nofp/crtend.o
LOAD C:/ST/STM32CubeIDE_1.16.1/STM32CubeIDE/plugins/com.st.stm32cube.ide.mcu.externaltools.gnu-tools-for-stm32.13.3.rel1.win32_1.0.0.202411081344/tools/bin/../lib/gcc/arm-none-eabi/13.3.1/thumb/v7-m/nofp/crtn.o
                0x20005000                        _estack = (ORIGIN (RAM) + LENGTH (RAM))
                0x00000200                        _Min_Heap_Size = 0x200
                0x00000400                        _Min_Stack_Size = 0x400

.isr_vector     0x08000000      0x10c
                0x08000000                        . = ALIGN (0x4)
 *(.isr_vector)
 .isr_vector    0x08000000      0x10c ./Core/Startup/startup_stm32f103c8tx.o
                0x08000000                g_pfnVectors
                0x0800010c                        . = ALIGN (0x4)

.text           0x08000110     0x6a84
                0x08000110                        . = ALIGN (0x4)
 *(.text)
 .text          0x08000110       0x40 C:/ST/STM32CubeIDE_1.16.1/STM32CubeIDE/plugins/com.st.stm32cube.ide.mcu.externaltools.gnu-tools-for-stm32.13.3.rel1.win32_1.0.0.202411081344/tools/bin/../lib/gcc/arm-none-eabi/13.3.1/thumb/v7-m/nofp/crtbegin.o
 *(.text*)
 .text.lcd_init
                0x08000150       0x64 ./Core/Src/lcd.o
                0x08000150                lcd_init
 .text.lcd_write_command8bitmode
                0x080001b4       0xac ./Core/Src/lcd.o
                0x080001b4                lcd_write_command8bitmode
 .text.lcd_write_command4bitmode
                0x08000260      0x12c ./Core/Src/lcd.o
                0x08000260                lcd_write_command4bitmode
 .text.lcd_write_data4bitmode
                0x0800038c      0x144 ./Core/Src/lcd.o
                0x0800038c                lcd_write_data4bitmode
 .text.main     0x080004d0      0x15c ./Core/Src/main.o
                0x080004d0                main
 .text.SystemClock_Config
                0x0800062c       0xa6 ./Core/Src/main.o
                0x0800062c                SystemClock_Config
 *fill*         0x080006d2        0x2 
 .text.MX_I2C1_Init
                0x080006d4       0x5c ./Core/Src/main.o
 .text.MX_RTC_Init
                0x08000730       0x94 ./Core/Src/main.o
 .text.MX_USART1_UART_Init
                0x080007c4       0x54 ./Core/Src/main.o
 .text.MX_GPIO_Init
                0x08000818      0x104 ./Core/Src/main.o
 .text.RTC_handler
                0x0800091c       0x80 ./Core/Src/main.o
                0x0800091c                RTC_handler
 .text.RTC_ProceesData_handler
                0x0800099c      0x11c ./Core/Src/main.o
                0x0800099c                RTC_ProceesData_handler
 .text.Uart_handler
                0x08000ab8       0x74 ./Core/Src/main.o
                0x08000ab8                Uart_handler
 .text.Lcd_handler
                0x08000b2c       0x64 ./Core/Src/main.o
                0x08000b2c                Lcd_handler
 .text.HAL_TIM_PeriodElapsedCallback
                0x08000b90       0x24 ./Core/Src/main.o
                0x08000b90                HAL_TIM_PeriodElapsedCallback
 .text.Error_Handler
                0x08000bb4        0xc ./Core/Src/main.o
                0x08000bb4                Error_Handler
 .text.HAL_MspInit
                0x08000bc0       0x64 ./Core/Src/stm32f1xx_hal_msp.o
                0x08000bc0                HAL_MspInit
 .text.HAL_I2C_MspInit
                0x08000c24       0x7c ./Core/Src/stm32f1xx_hal_msp.o
                0x08000c24                HAL_I2C_MspInit
 .text.HAL_RTC_MspInit
                0x08000ca0       0x48 ./Core/Src/stm32f1xx_hal_msp.o
                0x08000ca0                HAL_RTC_MspInit
 .text.HAL_UART_MspInit
                0x08000ce8       0xa8 ./Core/Src/stm32f1xx_hal_msp.o
                0x08000ce8                HAL_UART_MspInit
 .text.HAL_InitTick
                0x08000d90       0xfc ./Core/Src/stm32f1xx_hal_timebase_tim.o
                0x08000d90                HAL_InitTick
 .text.NMI_Handler
                0x08000e8c        0x8 ./Core/Src/stm32f1xx_it.o
                0x08000e8c                NMI_Handler
 .text.HardFault_Handler
                0x08000e94        0x8 ./Core/Src/stm32f1xx_it.o
                0x08000e94                HardFault_Handler
 .text.MemManage_Handler
                0x08000e9c        0x8 ./Core/Src/stm32f1xx_it.o
                0x08000e9c                MemManage_Handler
 .text.BusFault_Handler
                0x08000ea4        0x8 ./Core/Src/stm32f1xx_it.o
                0x08000ea4                BusFault_Handler
 .text.UsageFault_Handler
                0x08000eac        0x8 ./Core/Src/stm32f1xx_it.o
                0x08000eac                UsageFault_Handler
 .text.DebugMon_Handler
                0x08000eb4        0xc ./Core/Src/stm32f1xx_it.o
                0x08000eb4                DebugMon_Handler
 .text.EXTI4_IRQHandler
                0x08000ec0        0xe ./Core/Src/stm32f1xx_it.o
                0x08000ec0                EXTI4_IRQHandler
 *fill*         0x08000ece        0x2 
 .text.TIM4_IRQHandler
                0x08000ed0       0x14 ./Core/Src/stm32f1xx_it.o
                0x08000ed0                TIM4_IRQHandler
 .text.USART1_IRQHandler
                0x08000ee4       0x14 ./Core/Src/stm32f1xx_it.o
                0x08000ee4                USART1_IRQHandler
 .text.SystemInit
                0x08000ef8        0xc ./Core/Src/system_stm32f1xx.o
                0x08000ef8                SystemInit
 .text.Reset_Handler
                0x08000f04       0x48 ./Core/Startup/startup_stm32f103c8tx.o
                0x08000f04                Reset_Handler
 .text.Default_Handler
                0x08000f4c        0x2 ./Core/Startup/startup_stm32f103c8tx.o
                0x08000f4c                RTC_Alarm_IRQHandler
                0x08000f4c                EXTI2_IRQHandler
                0x08000f4c                TIM1_CC_IRQHandler
                0x08000f4c                PVD_IRQHandler
                0x08000f4c                EXTI3_IRQHandler
                0x08000f4c                EXTI0_IRQHandler
                0x08000f4c                I2C2_EV_IRQHandler
                0x08000f4c                ADC1_2_IRQHandler
                0x08000f4c                SPI1_IRQHandler
                0x08000f4c                TAMPER_IRQHandler
                0x08000f4c                DMA1_Channel4_IRQHandler
                0x08000f4c                USART3_IRQHandler
                0x08000f4c                RTC_IRQHandler
                0x08000f4c                DMA1_Channel7_IRQHandler
                0x08000f4c                CAN1_RX1_IRQHandler
                0x08000f4c                I2C1_EV_IRQHandler
                0x08000f4c                DMA1_Channel6_IRQHandler
                0x08000f4c                TIM3_IRQHandler
                0x08000f4c                RCC_IRQHandler
                0x08000f4c                TIM1_TRG_COM_IRQHandler
                0x08000f4c                DMA1_Channel1_IRQHandler
                0x08000f4c                Default_Handler
                0x08000f4c                EXTI15_10_IRQHandler
                0x08000f4c                EXTI9_5_IRQHandler
                0x08000f4c                SPI2_IRQHandler
                0x08000f4c                DMA1_Channel5_IRQHandler
                0x08000f4c                USB_LP_CAN1_RX0_IRQHandler
                0x08000f4c                USB_HP_CAN1_TX_IRQHandler
                0x08000f4c                DMA1_Channel3_IRQHandler
                0x08000f4c                TIM1_UP_IRQHandler
                0x08000f4c                WWDG_IRQHandler
                0x08000f4c                TIM2_IRQHandler
                0x08000f4c                TIM1_BRK_IRQHandler
                0x08000f4c                EXTI1_IRQHandler
                0x08000f4c                USART2_IRQHandler
                0x08000f4c                I2C2_ER_IRQHandler
                0x08000f4c                DMA1_Channel2_IRQHandler
                0x08000f4c                CAN1_SCE_IRQHandler
                0x08000f4c                FLASH_IRQHandler
                0x08000f4c                I2C1_ER_IRQHandler
                0x08000f4c                USBWakeUp_IRQHandler
 *fill*         0x08000f4e        0x2 
 .text.HAL_Init
                0x08000f50       0x2c ./Drivers/STM32F1xx_HAL_Driver/Src/stm32f1xx_hal.o
                0x08000f50                HAL_Init
 .text.HAL_IncTick
                0x08000f7c       0x24 ./Drivers/STM32F1xx_HAL_Driver/Src/stm32f1xx_hal.o
                0x08000f7c                HAL_IncTick
 .text.HAL_GetTick
                0x08000fa0       0x14 ./Drivers/STM32F1xx_HAL_Driver/Src/stm32f1xx_hal.o
                0x08000fa0                HAL_GetTick
 .text.HAL_Delay
                0x08000fb4       0x48 ./Drivers/STM32F1xx_HAL_Driver/Src/stm32f1xx_hal.o
                0x08000fb4                HAL_Delay
 .text.__NVIC_SetPriorityGrouping
                0x08000ffc       0x48 ./Drivers/STM32F1xx_HAL_Driver/Src/stm32f1xx_hal_cortex.o
 .text.__NVIC_GetPriorityGrouping
                0x08001044       0x1c ./Drivers/STM32F1xx_HAL_Driver/Src/stm32f1xx_hal_cortex.o
 .text.__NVIC_EnableIRQ
                0x08001060       0x38 ./Drivers/STM32F1xx_HAL_Driver/Src/stm32f1xx_hal_cortex.o
 .text.__NVIC_SetPriority
                0x08001098       0x54 ./Drivers/STM32F1xx_HAL_Driver/Src/stm32f1xx_hal_cortex.o
 .text.NVIC_EncodePriority
                0x080010ec       0x64 ./Drivers/STM32F1xx_HAL_Driver/Src/stm32f1xx_hal_cortex.o
 .text.HAL_NVIC_SetPriorityGrouping
                0x08001150       0x16 ./Drivers/STM32F1xx_HAL_Driver/Src/stm32f1xx_hal_cortex.o
                0x08001150                HAL_NVIC_SetPriorityGrouping
 .text.HAL_NVIC_SetPriority
                0x08001166       0x38 ./Drivers/STM32F1xx_HAL_Driver/Src/stm32f1xx_hal_cortex.o
                0x08001166                HAL_NVIC_SetPriority
 .text.HAL_NVIC_EnableIRQ
                0x0800119e       0x1c ./Drivers/STM32F1xx_HAL_Driver/Src/stm32f1xx_hal_cortex.o
                0x0800119e                HAL_NVIC_EnableIRQ
 .text.HAL_DMA_Abort
                0x080011ba       0x76 ./Drivers/STM32F1xx_HAL_Driver/Src/stm32f1xx_hal_dma.o
                0x080011ba                HAL_DMA_Abort
 .text.HAL_DMA_Abort_IT
                0x08001230       0xf0 ./Drivers/STM32F1xx_HAL_Driver/Src/stm32f1xx_hal_dma.o
                0x08001230                HAL_DMA_Abort_IT
 .text.HAL_GPIO_Init
                0x08001320      0x308 ./Drivers/STM32F1xx_HAL_Driver/Src/stm32f1xx_hal_gpio.o
                0x08001320                HAL_GPIO_Init
 .text.HAL_GPIO_WritePin
                0x08001628       0x30 ./Drivers/STM32F1xx_HAL_Driver/Src/stm32f1xx_hal_gpio.o
                0x08001628                HAL_GPIO_WritePin
 .text.HAL_GPIO_EXTI_IRQHandler
                0x08001658       0x30 ./Drivers/STM32F1xx_HAL_Driver/Src/stm32f1xx_hal_gpio.o
                0x08001658                HAL_GPIO_EXTI_IRQHandler
 .text.HAL_GPIO_EXTI_Callback
                0x08001688       0x14 ./Drivers/STM32F1xx_HAL_Driver/Src/stm32f1xx_hal_gpio.o
                0x08001688                HAL_GPIO_EXTI_Callback
 .text.HAL_I2C_Init
                0x0800169c      0x288 ./Drivers/STM32F1xx_HAL_Driver/Src/stm32f1xx_hal_i2c.o
                0x0800169c                HAL_I2C_Init
 .text.HAL_I2C_Master_Transmit
                0x08001924      0x1fc ./Drivers/STM32F1xx_HAL_Driver/Src/stm32f1xx_hal_i2c.o
                0x08001924                HAL_I2C_Master_Transmit
 .text.I2C_MasterRequestWrite
                0x08001b20      0x104 ./Drivers/STM32F1xx_HAL_Driver/Src/stm32f1xx_hal_i2c.o
 .text.I2C_WaitOnFlagUntilTimeout
                0x08001c24       0xf4 ./Drivers/STM32F1xx_HAL_Driver/Src/stm32f1xx_hal_i2c.o
 .text.I2C_WaitOnMasterAddressFlagUntilTimeout
                0x08001d18      0x140 ./Drivers/STM32F1xx_HAL_Driver/Src/stm32f1xx_hal_i2c.o
 .text.I2C_WaitOnTXEFlagUntilTimeout
                0x08001e58       0x90 ./Drivers/STM32F1xx_HAL_Driver/Src/stm32f1xx_hal_i2c.o
 .text.I2C_WaitOnBTFFlagUntilTimeout
                0x08001ee8       0x90 ./Drivers/STM32F1xx_HAL_Driver/Src/stm32f1xx_hal_i2c.o
 .text.I2C_IsAcknowledgeFailed
                0x08001f78       0x5c ./Drivers/STM32F1xx_HAL_Driver/Src/stm32f1xx_hal_i2c.o
 .text.HAL_PWR_EnableBkUpAccess
                0x08001fd4       0x18 ./Drivers/STM32F1xx_HAL_Driver/Src/stm32f1xx_hal_pwr.o
                0x08001fd4                HAL_PWR_EnableBkUpAccess
 .text.HAL_RCC_OscConfig
                0x08001fec      0x504 ./Drivers/STM32F1xx_HAL_Driver/Src/stm32f1xx_hal_rcc.o
                0x08001fec                HAL_RCC_OscConfig
 .text.HAL_RCC_ClockConfig
                0x080024f0      0x1d4 ./Drivers/STM32F1xx_HAL_Driver/Src/stm32f1xx_hal_rcc.o
                0x080024f0                HAL_RCC_ClockConfig
 .text.HAL_RCC_GetSysClockFreq
                0x080026c4       0xa8 ./Drivers/STM32F1xx_HAL_Driver/Src/stm32f1xx_hal_rcc.o
                0x080026c4                HAL_RCC_GetSysClockFreq
 .text.HAL_RCC_GetHCLKFreq
                0x0800276c       0x14 ./Drivers/STM32F1xx_HAL_Driver/Src/stm32f1xx_hal_rcc.o
                0x0800276c                HAL_RCC_GetHCLKFreq
 .text.HAL_RCC_GetPCLK1Freq
                0x08002780       0x28 ./Drivers/STM32F1xx_HAL_Driver/Src/stm32f1xx_hal_rcc.o
                0x08002780                HAL_RCC_GetPCLK1Freq
 .text.HAL_RCC_GetPCLK2Freq
                0x080027a8       0x28 ./Drivers/STM32F1xx_HAL_Driver/Src/stm32f1xx_hal_rcc.o
                0x080027a8                HAL_RCC_GetPCLK2Freq
 .text.HAL_RCC_GetClockConfig
                0x080027d0       0x60 ./Drivers/STM32F1xx_HAL_Driver/Src/stm32f1xx_hal_rcc.o
                0x080027d0                HAL_RCC_GetClockConfig
 .text.RCC_Delay
                0x08002830       0x3c ./Drivers/STM32F1xx_HAL_Driver/Src/stm32f1xx_hal_rcc.o
 .text.HAL_RCCEx_PeriphCLKConfig
                0x0800286c      0x16c ./Drivers/STM32F1xx_HAL_Driver/Src/stm32f1xx_hal_rcc_ex.o
                0x0800286c                HAL_RCCEx_PeriphCLKConfig
 .text.HAL_RCCEx_GetPeriphCLKFreq
                0x080029d8      0x16c ./Drivers/STM32F1xx_HAL_Driver/Src/stm32f1xx_hal_rcc_ex.o
                0x080029d8                HAL_RCCEx_GetPeriphCLKFreq
 .text.HAL_RTC_Init
                0x08002b44      0x118 ./Drivers/STM32F1xx_HAL_Driver/Src/stm32f1xx_hal_rtc.o
                0x08002b44                HAL_RTC_Init
 .text.HAL_RTC_SetTime
                0x08002c5c      0x12e ./Drivers/STM32F1xx_HAL_Driver/Src/stm32f1xx_hal_rtc.o
                0x08002c5c                HAL_RTC_SetTime
 *fill*         0x08002d8a        0x2 
 .text.HAL_RTC_GetTime
                0x08002d8c      0x1b0 ./Drivers/STM32F1xx_HAL_Driver/Src/stm32f1xx_hal_rtc.o
                0x08002d8c                HAL_RTC_GetTime
 .text.HAL_RTC_SetDate
                0x08002f3c      0x16c ./Drivers/STM32F1xx_HAL_Driver/Src/stm32f1xx_hal_rtc.o
                0x08002f3c                HAL_RTC_SetDate
 .text.HAL_RTC_WaitForSynchro
                0x080030a8       0x5a ./Drivers/STM32F1xx_HAL_Driver/Src/stm32f1xx_hal_rtc.o
                0x080030a8                HAL_RTC_WaitForSynchro
 .text.RTC_ReadTimeCounter
                0x08003102       0x60 ./Drivers/STM32F1xx_HAL_Driver/Src/stm32f1xx_hal_rtc.o
 .text.RTC_WriteTimeCounter
                0x08003162       0x4e ./Drivers/STM32F1xx_HAL_Driver/Src/stm32f1xx_hal_rtc.o
 .text.RTC_ReadAlarmCounter
                0x080031b0       0x32 ./Drivers/STM32F1xx_HAL_Driver/Src/stm32f1xx_hal_rtc.o
 .text.RTC_WriteAlarmCounter
                0x080031e2       0x4e ./Drivers/STM32F1xx_HAL_Driver/Src/stm32f1xx_hal_rtc.o
 .text.RTC_EnterInitMode
                0x08003230       0x50 ./Drivers/STM32F1xx_HAL_Driver/Src/stm32f1xx_hal_rtc.o
 .text.RTC_ExitInitMode
                0x08003280       0x50 ./Drivers/STM32F1xx_HAL_Driver/Src/stm32f1xx_hal_rtc.o
 .text.RTC_ByteToBcd2
                0x080032d0       0x3a ./Drivers/STM32F1xx_HAL_Driver/Src/stm32f1xx_hal_rtc.o
 .text.RTC_Bcd2ToByte
                0x0800330a       0x3a ./Drivers/STM32F1xx_HAL_Driver/Src/stm32f1xx_hal_rtc.o
 .text.RTC_DateUpdate
                0x08003344      0x152 ./Drivers/STM32F1xx_HAL_Driver/Src/stm32f1xx_hal_rtc.o
 *fill*         0x08003496        0x2 
 .text.RTC_IsLeapYear
                0x08003498       0x64 ./Drivers/STM32F1xx_HAL_Driver/Src/stm32f1xx_hal_rtc.o
 .text.RTC_WeekDayNum
                0x080034fc       0xf0 ./Drivers/STM32F1xx_HAL_Driver/Src/stm32f1xx_hal_rtc.o
 .text.HAL_TIM_Base_Init
                0x080035ec       0x9e ./Drivers/STM32F1xx_HAL_Driver/Src/stm32f1xx_hal_tim.o
                0x080035ec                HAL_TIM_Base_Init
 .text.HAL_TIM_Base_MspInit
                0x0800368a       0x12 ./Drivers/STM32F1xx_HAL_Driver/Src/stm32f1xx_hal_tim.o
                0x0800368a                HAL_TIM_Base_MspInit
 .text.HAL_TIM_Base_Start_IT
                0x0800369c       0xa4 ./Drivers/STM32F1xx_HAL_Driver/Src/stm32f1xx_hal_tim.o
                0x0800369c                HAL_TIM_Base_Start_IT
 .text.HAL_TIM_IRQHandler
                0x08003740      0x1e0 ./Drivers/STM32F1xx_HAL_Driver/Src/stm32f1xx_hal_tim.o
                0x08003740                HAL_TIM_IRQHandler
 .text.HAL_TIM_OC_DelayElapsedCallback
                0x08003920       0x12 ./Drivers/STM32F1xx_HAL_Driver/Src/stm32f1xx_hal_tim.o
                0x08003920                HAL_TIM_OC_DelayElapsedCallback
 .text.HAL_TIM_IC_CaptureCallback
                0x08003932       0x12 ./Drivers/STM32F1xx_HAL_Driver/Src/stm32f1xx_hal_tim.o
                0x08003932                HAL_TIM_IC_CaptureCallback
 .text.HAL_TIM_PWM_PulseFinishedCallback
                0x08003944       0x12 ./Drivers/STM32F1xx_HAL_Driver/Src/stm32f1xx_hal_tim.o
                0x08003944                HAL_TIM_PWM_PulseFinishedCallback
 .text.HAL_TIM_TriggerCallback
                0x08003956       0x12 ./Drivers/STM32F1xx_HAL_Driver/Src/stm32f1xx_hal_tim.o
                0x08003956                HAL_TIM_TriggerCallback
 .text.TIM_Base_SetConfig
                0x08003968       0xdc ./Drivers/STM32F1xx_HAL_Driver/Src/stm32f1xx_hal_tim.o
                0x08003968                TIM_Base_SetConfig
 .text.HAL_TIMEx_CommutCallback
                0x08003a44       0x12 ./Drivers/STM32F1xx_HAL_Driver/Src/stm32f1xx_hal_tim_ex.o
                0x08003a44                HAL_TIMEx_CommutCallback
 .text.HAL_TIMEx_BreakCallback
                0x08003a56       0x12 ./Drivers/STM32F1xx_HAL_Driver/Src/stm32f1xx_hal_tim_ex.o
                0x08003a56                HAL_TIMEx_BreakCallback
 .text.HAL_UART_Init
                0x08003a68       0xa0 ./Drivers/STM32F1xx_HAL_Driver/Src/stm32f1xx_hal_uart.o
                0x08003a68                HAL_UART_Init
 .text.HAL_UART_Transmit
                0x08003b08      0x116 ./Drivers/STM32F1xx_HAL_Driver/Src/stm32f1xx_hal_uart.o
                0x08003b08                HAL_UART_Transmit
 *fill*         0x08003c1e        0x2 
 .text.HAL_UART_IRQHandler
                0x08003c20      0x524 ./Drivers/STM32F1xx_HAL_Driver/Src/stm32f1xx_hal_uart.o
                0x08003c20                HAL_UART_IRQHandler
 .text.HAL_UART_TxCpltCallback
                0x08004144       0x12 ./Drivers/STM32F1xx_HAL_Driver/Src/stm32f1xx_hal_uart.o
                0x08004144                HAL_UART_TxCpltCallback
 .text.HAL_UART_RxCpltCallback
                0x08004156       0x12 ./Drivers/STM32F1xx_HAL_Driver/Src/stm32f1xx_hal_uart.o
                0x08004156                HAL_UART_RxCpltCallback
 .text.HAL_UART_ErrorCallback
                0x08004168       0x12 ./Drivers/STM32F1xx_HAL_Driver/Src/stm32f1xx_hal_uart.o
                0x08004168                HAL_UART_ErrorCallback
 .text.HAL_UARTEx_RxEventCallback
                0x0800417a       0x16 ./Drivers/STM32F1xx_HAL_Driver/Src/stm32f1xx_hal_uart.o
                0x0800417a                HAL_UARTEx_RxEventCallback
 .text.UART_WaitOnFlagUntilTimeout
                0x08004190       0xb2 ./Drivers/STM32F1xx_HAL_Driver/Src/stm32f1xx_hal_uart.o
 .text.UART_EndRxTransfer
                0x08004242       0xc4 ./Drivers/STM32F1xx_HAL_Driver/Src/stm32f1xx_hal_uart.o
 .text.UART_DMAAbortOnError
                0x08004306       0x28 ./Drivers/STM32F1xx_HAL_Driver/Src/stm32f1xx_hal_uart.o
 .text.UART_Transmit_IT
                0x0800432e       0x9e ./Drivers/STM32F1xx_HAL_Driver/Src/stm32f1xx_hal_uart.o
 .text.UART_EndTransmit_IT
                0x080043cc       0x30 ./Drivers/STM32F1xx_HAL_Driver/Src/stm32f1xx_hal_uart.o
 .text.UART_Receive_IT
                0x080043fc      0x17c ./Drivers/STM32F1xx_HAL_Driver/Src/stm32f1xx_hal_uart.o
 .text.UART_SetConfig
                0x08004578      0x11c ./Drivers/STM32F1xx_HAL_Driver/Src/stm32f1xx_hal_uart.o
 .text.vListInitialise
                0x08004694       0x3e ./common/ThirdParty/FreeRTOS/list.o
                0x08004694                vListInitialise
 .text.vListInitialiseItem
                0x080046d2       0x18 ./common/ThirdParty/FreeRTOS/list.o
                0x080046d2                vListInitialiseItem
 .text.vListInsertEnd
                0x080046ea       0x46 ./common/ThirdParty/FreeRTOS/list.o
                0x080046ea                vListInsertEnd
 .text.vListInsert
                0x08004730       0x70 ./common/ThirdParty/FreeRTOS/list.o
                0x08004730                vListInsert
 .text.uxListRemove
                0x080047a0       0x52 ./common/ThirdParty/FreeRTOS/list.o
                0x080047a0                uxListRemove
 *fill*         0x080047f2        0x2 
 .text.xQueueGenericReset
                0x080047f4       0xd4 ./common/ThirdParty/FreeRTOS/queue.o
                0x080047f4                xQueueGenericReset
 .text.xQueueGenericCreate
                0x080048c8       0xc4 ./common/ThirdParty/FreeRTOS/queue.o
                0x080048c8                xQueueGenericCreate
 .text.prvInitialiseNewQueue
                0x0800498c       0x3e ./common/ThirdParty/FreeRTOS/queue.o
 .text.prvInitialiseMutex
                0x080049ca       0x34 ./common/ThirdParty/FreeRTOS/queue.o
 .text.xQueueCreateMutex
                0x080049fe       0x30 ./common/ThirdParty/FreeRTOS/queue.o
                0x080049fe                xQueueCreateMutex
 *fill*         0x08004a2e        0x2 
 .text.xQueueGenericSend
                0x08004a30      0x204 ./common/ThirdParty/FreeRTOS/queue.o
                0x08004a30                xQueueGenericSend
 .text.xQueueSemaphoreTake
                0x08004c34      0x220 ./common/ThirdParty/FreeRTOS/queue.o
                0x08004c34                xQueueSemaphoreTake
 .text.prvGetDisinheritPriorityAfterTimeout
                0x08004e54       0x2e ./common/ThirdParty/FreeRTOS/queue.o
 .text.prvCopyDataToQueue
                0x08004e82       0xd4 ./common/ThirdParty/FreeRTOS/queue.o
 .text.prvUnlockQueue
                0x08004f56       0xa4 ./common/ThirdParty/FreeRTOS/queue.o
 .text.prvIsQueueEmpty
                0x08004ffa       0x2c ./common/ThirdParty/FreeRTOS/queue.o
 .text.prvIsQueueFull
                0x08005026       0x30 ./common/ThirdParty/FreeRTOS/queue.o
 .text.xTaskCreate
                0x08005056       0x82 ./common/ThirdParty/FreeRTOS/tasks.o
                0x08005056                xTaskCreate
 .text.prvInitialiseNewTask
                0x080050d8      0x14c ./common/ThirdParty/FreeRTOS/tasks.o
 .text.prvAddNewTaskToReadyList
                0x08005224       0xd4 ./common/ThirdParty/FreeRTOS/tasks.o
 .text.xTaskDelayUntil
                0x080052f8      0x104 ./common/ThirdParty/FreeRTOS/tasks.o
                0x080052f8                xTaskDelayUntil
 .text.vTaskStartScheduler
                0x080053fc       0xac ./common/ThirdParty/FreeRTOS/tasks.o
                0x080053fc                vTaskStartScheduler
 .text.vTaskSuspendAll
                0x080054a8       0x1c ./common/ThirdParty/FreeRTOS/tasks.o
                0x080054a8                vTaskSuspendAll
 .text.xTaskResumeAll
                0x080054c4      0x13c ./common/ThirdParty/FreeRTOS/tasks.o
                0x080054c4                xTaskResumeAll
 .text.xTaskGetTickCount
                0x08005600       0x1c ./common/ThirdParty/FreeRTOS/tasks.o
                0x08005600                xTaskGetTickCount
 .text.xTaskIncrementTick
                0x0800561c      0x158 ./common/ThirdParty/FreeRTOS/tasks.o
                0x0800561c                xTaskIncrementTick
 .text.vTaskSwitchContext
                0x08005774       0xc4 ./common/ThirdParty/FreeRTOS/tasks.o
                0x08005774                vTaskSwitchContext
 .text.vTaskPlaceOnEventList
                0x08005838       0x4c ./common/ThirdParty/FreeRTOS/tasks.o
                0x08005838                vTaskPlaceOnEventList
 .text.xTaskRemoveFromEventList
                0x08005884       0xc8 ./common/ThirdParty/FreeRTOS/tasks.o
                0x08005884                xTaskRemoveFromEventList
 .text.vTaskInternalSetTimeOutState
                0x0800594c       0x2c ./common/ThirdParty/FreeRTOS/tasks.o
                0x0800594c                vTaskInternalSetTimeOutState
 .text.xTaskCheckForTimeOut
                0x08005978       0xd0 ./common/ThirdParty/FreeRTOS/tasks.o
                0x08005978                xTaskCheckForTimeOut
 .text.vTaskMissedYield
                0x08005a48       0x18 ./common/ThirdParty/FreeRTOS/tasks.o
                0x08005a48                vTaskMissedYield
 .text.prvIdleTask
                0x08005a60       0x30 ./common/ThirdParty/FreeRTOS/tasks.o
 .text.prvInitialiseTaskLists
                0x08005a90       0x80 ./common/ThirdParty/FreeRTOS/tasks.o
 .text.prvCheckTasksWaitingTermination
                0x08005b10       0x5c ./common/ThirdParty/FreeRTOS/tasks.o
 .text.prvDeleteTCB
                0x08005b6c       0x2a ./common/ThirdParty/FreeRTOS/tasks.o
 *fill*         0x08005b96        0x2 
 .text.prvResetNextTaskUnblockTime
                0x08005b98       0x34 ./common/ThirdParty/FreeRTOS/tasks.o
 .text.xTaskGetSchedulerState
                0x08005bcc       0x3c ./common/ThirdParty/FreeRTOS/tasks.o
                0x08005bcc                xTaskGetSchedulerState
 .text.xTaskPriorityInherit
                0x08005c08       0xec ./common/ThirdParty/FreeRTOS/tasks.o
                0x08005c08                xTaskPriorityInherit
 .text.xTaskPriorityDisinherit
                0x08005cf4       0xf8 ./common/ThirdParty/FreeRTOS/tasks.o
                0x08005cf4                xTaskPriorityDisinherit
 .text.vTaskPriorityDisinheritAfterTimeout
                0x08005dec      0x120 ./common/ThirdParty/FreeRTOS/tasks.o
                0x08005dec                vTaskPriorityDisinheritAfterTimeout
 .text.pvTaskIncrementMutexHeldCount
                0x08005f0c       0x28 ./common/ThirdParty/FreeRTOS/tasks.o
                0x08005f0c                pvTaskIncrementMutexHeldCount
 .text.xTaskGenericNotifyWait
                0x08005f34      0x100 ./common/ThirdParty/FreeRTOS/tasks.o
                0x08005f34                xTaskGenericNotifyWait
 .text.xTaskGenericNotify
                0x08006034      0x1c8 ./common/ThirdParty/FreeRTOS/tasks.o
                0x08006034                xTaskGenericNotify
 .text.prvAddCurrentTaskToDelayedList
                0x080061fc       0xcc ./common/ThirdParty/FreeRTOS/tasks.o
 .text.pxPortInitialiseStack
                0x080062c8       0x58 ./common/ThirdParty/FreeRTOS/portable/GCC/ARM_CM3/port.o
                0x080062c8                pxPortInitialiseStack
 .text.prvTaskExitError
                0x08006320       0x58 ./common/ThirdParty/FreeRTOS/portable/GCC/ARM_CM3/port.o
 *fill*         0x08006378        0x8 
 .text.SVC_Handler
                0x08006380       0x28 ./common/ThirdParty/FreeRTOS/portable/GCC/ARM_CM3/port.o
                0x08006380                SVC_Handler
 .text.prvPortStartFirstTask
                0x080063a8       0x34 ./common/ThirdParty/FreeRTOS/portable/GCC/ARM_CM3/port.o
 .text.xPortStartScheduler
                0x080063dc       0x40 ./common/ThirdParty/FreeRTOS/portable/GCC/ARM_CM3/port.o
                0x080063dc                xPortStartScheduler
 .text.vPortEnterCritical
                0x0800641c       0x60 ./common/ThirdParty/FreeRTOS/portable/GCC/ARM_CM3/port.o
                0x0800641c                vPortEnterCritical
 .text.vPortExitCritical
                0x0800647c       0x54 ./common/ThirdParty/FreeRTOS/portable/GCC/ARM_CM3/port.o
                0x0800647c                vPortExitCritical
 .text.PendSV_Handler
                0x080064d0       0x48 ./common/ThirdParty/FreeRTOS/portable/GCC/ARM_CM3/port.o
                0x080064d0                PendSV_Handler
 .text.SysTick_Handler
                0x08006518       0x44 ./common/ThirdParty/FreeRTOS/portable/GCC/ARM_CM3/port.o
                0x08006518                SysTick_Handler
 .text.vPortSetupTimerInterrupt
                0x0800655c       0x44 ./common/ThirdParty/FreeRTOS/portable/GCC/ARM_CM3/port.o
                0x0800655c                vPortSetupTimerInterrupt
 .text.pvPortMalloc
                0x080065a0      0x1c4 ./common/ThirdParty/FreeRTOS/portable/MemMang/heap_4.o
                0x080065a0                pvPortMalloc
 .text.vPortFree
                0x08006764       0xc8 ./common/ThirdParty/FreeRTOS/portable/MemMang/heap_4.o
                0x08006764                vPortFree
 .text.prvHeapInit
                0x0800682c       0xc4 ./common/ThirdParty/FreeRTOS/portable/MemMang/heap_4.o
 .text.prvInsertBlockIntoFreeList
                0x080068f0       0xb0 ./common/ThirdParty/FreeRTOS/portable/MemMang/heap_4.o
 .text.memset   0x080069a0       0x10 C:/ST/STM32CubeIDE_1.16.1/STM32CubeIDE/plugins/com.st.stm32cube.ide.mcu.externaltools.gnu-tools-for-stm32.13.3.rel1.win32_1.0.0.202411081344/tools/bin/../lib/gcc/arm-none-eabi/13.3.1/../../../../arm-none-eabi/lib/thumb/v7-m/nofp\libc_nano.a(libc_a-memset.o)
                0x080069a0                memset
 .text._reclaim_reent
                0x080069b0       0xbc C:/ST/STM32CubeIDE_1.16.1/STM32CubeIDE/plugins/com.st.stm32cube.ide.mcu.externaltools.gnu-tools-for-stm32.13.3.rel1.win32_1.0.0.202411081344/tools/bin/../lib/gcc/arm-none-eabi/13.3.1/../../../../arm-none-eabi/lib/thumb/v7-m/nofp\libc_nano.a(libc_a-reent.o)
                0x080069b0                _reclaim_reent
 .text.__libc_init_array
                0x08006a6c       0x48 C:/ST/STM32CubeIDE_1.16.1/STM32CubeIDE/plugins/com.st.stm32cube.ide.mcu.externaltools.gnu-tools-for-stm32.13.3.rel1.win32_1.0.0.202411081344/tools/bin/../lib/gcc/arm-none-eabi/13.3.1/../../../../arm-none-eabi/lib/thumb/v7-m/nofp\libc_nano.a(libc_a-init.o)
                0x08006a6c                __libc_init_array
 .text.__retarget_lock_acquire_recursive
                0x08006ab4        0x2 C:/ST/STM32CubeIDE_1.16.1/STM32CubeIDE/plugins/com.st.stm32cube.ide.mcu.externaltools.gnu-tools-for-stm32.13.3.rel1.win32_1.0.0.202411081344/tools/bin/../lib/gcc/arm-none-eabi/13.3.1/../../../../arm-none-eabi/lib/thumb/v7-m/nofp\libc_nano.a(libc_a-lock.o)
                0x08006ab4                __retarget_lock_acquire_recursive
 .text.__retarget_lock_release_recursive
                0x08006ab6        0x2 C:/ST/STM32CubeIDE_1.16.1/STM32CubeIDE/plugins/com.st.stm32cube.ide.mcu.externaltools.gnu-tools-for-stm32.13.3.rel1.win32_1.0.0.202411081344/tools/bin/../lib/gcc/arm-none-eabi/13.3.1/../../../../arm-none-eabi/lib/thumb/v7-m/nofp\libc_nano.a(libc_a-lock.o)
                0x08006ab6                __retarget_lock_release_recursive
 .text.memcpy   0x08006ab8       0x1c C:/ST/STM32CubeIDE_1.16.1/STM32CubeIDE/plugins/com.st.stm32cube.ide.mcu.externaltools.gnu-tools-for-stm32.13.3.rel1.win32_1.0.0.202411081344/tools/bin/../lib/gcc/arm-none-eabi/13.3.1/../../../../arm-none-eabi/lib/thumb/v7-m/nofp\libc_nano.a(libc_a-memcpy-stub.o)
                0x08006ab8                memcpy
 .text._free_r  0x08006ad4       0x90 C:/ST/STM32CubeIDE_1.16.1/STM32CubeIDE/plugins/com.st.stm32cube.ide.mcu.externaltools.gnu-tools-for-stm32.13.3.rel1.win32_1.0.0.202411081344/tools/bin/../lib/gcc/arm-none-eabi/13.3.1/../../../../arm-none-eabi/lib/thumb/v7-m/nofp\libc_nano.a(libc_a-freer.o)
                0x08006ad4                _free_r
 .text.__malloc_lock
                0x08006b64        0xc C:/ST/STM32CubeIDE_1.16.1/STM32CubeIDE/plugins/com.st.stm32cube.ide.mcu.externaltools.gnu-tools-for-stm32.13.3.rel1.win32_1.0.0.202411081344/tools/bin/../lib/gcc/arm-none-eabi/13.3.1/../../../../arm-none-eabi/lib/thumb/v7-m/nofp\libc_nano.a(libc_a-mlock.o)
                0x08006b64                __malloc_lock
 .text.__malloc_unlock
                0x08006b70        0xc C:/ST/STM32CubeIDE_1.16.1/STM32CubeIDE/plugins/com.st.stm32cube.ide.mcu.externaltools.gnu-tools-for-stm32.13.3.rel1.win32_1.0.0.202411081344/tools/bin/../lib/gcc/arm-none-eabi/13.3.1/../../../../arm-none-eabi/lib/thumb/v7-m/nofp\libc_nano.a(libc_a-mlock.o)
                0x08006b70                __malloc_unlock
 *(.glue_7)
 .glue_7        0x08006b7c        0x0 linker stubs
 *(.glue_7t)
 .glue_7t       0x08006b7c        0x0 linker stubs
 *(.eh_frame)
 .eh_frame      0x08006b7c        0x0 C:/ST/STM32CubeIDE_1.16.1/STM32CubeIDE/plugins/com.st.stm32cube.ide.mcu.externaltools.gnu-tools-for-stm32.13.3.rel1.win32_1.0.0.202411081344/tools/bin/../lib/gcc/arm-none-eabi/13.3.1/thumb/v7-m/nofp/crtbegin.o
 *(.init)
 .init          0x08006b7c        0x4 C:/ST/STM32CubeIDE_1.16.1/STM32CubeIDE/plugins/com.st.stm32cube.ide.mcu.externaltools.gnu-tools-for-stm32.13.3.rel1.win32_1.0.0.202411081344/tools/bin/../lib/gcc/arm-none-eabi/13.3.1/thumb/v7-m/nofp/crti.o
                0x08006b7c                _init
 .init          0x08006b80        0x8 C:/ST/STM32CubeIDE_1.16.1/STM32CubeIDE/plugins/com.st.stm32cube.ide.mcu.externaltools.gnu-tools-for-stm32.13.3.rel1.win32_1.0.0.202411081344/tools/bin/../lib/gcc/arm-none-eabi/13.3.1/thumb/v7-m/nofp/crtn.o
 *(.fini)
 .fini          0x08006b88        0x4 C:/ST/STM32CubeIDE_1.16.1/STM32CubeIDE/plugins/com.st.stm32cube.ide.mcu.externaltools.gnu-tools-for-stm32.13.3.rel1.win32_1.0.0.202411081344/tools/bin/../lib/gcc/arm-none-eabi/13.3.1/thumb/v7-m/nofp/crti.o
                0x08006b88                _fini
 .fini          0x08006b8c        0x8 C:/ST/STM32CubeIDE_1.16.1/STM32CubeIDE/plugins/com.st.stm32cube.ide.mcu.externaltools.gnu-tools-for-stm32.13.3.rel1.win32_1.0.0.202411081344/tools/bin/../lib/gcc/arm-none-eabi/13.3.1/thumb/v7-m/nofp/crtn.o
                0x08006b94                        . = ALIGN (0x4)
                0x08006b94                        _etext = .

.vfp11_veneer   0x08006b94        0x0
 .vfp11_veneer  0x08006b94        0x0 linker stubs

.v4_bx          0x08006b94        0x0
 .v4_bx         0x08006b94        0x0 linker stubs

.iplt           0x08006b94        0x0
 .iplt          0x08006b94        0x0 C:/ST/STM32CubeIDE_1.16.1/STM32CubeIDE/plugins/com.st.stm32cube.ide.mcu.externaltools.gnu-tools-for-stm32.13.3.rel1.win32_1.0.0.202411081344/tools/bin/../lib/gcc/arm-none-eabi/13.3.1/thumb/v7-m/nofp/crtbegin.o

.rodata         0x08006b94       0xa8
                0x08006b94                        . = ALIGN (0x4)
 *(.rodata)
 .rodata        0x08006b94       0x59 ./Core/Src/main.o
 *fill*         0x08006bed        0x3 
 .rodata        0x08006bf0        0x5 ./common/ThirdParty/FreeRTOS/tasks.o
 *(.rodata*)
 *fill*         0x08006bf5        0x3 
 .rodata.AHBPrescTable
                0x08006bf8       0x10 ./Core/Src/system_stm32f1xx.o
                0x08006bf8                AHBPrescTable
 .rodata.APBPrescTable
                0x08006c08        0x8 ./Core/Src/system_stm32f1xx.o
                0x08006c08                APBPrescTable
 .rodata.aPLLMULFactorTable.1
                0x08006c10       0x10 ./Drivers/STM32F1xx_HAL_Driver/Src/stm32f1xx_hal_rcc.o
 .rodata.aPredivFactorTable.0
                0x08006c20        0x2 ./Drivers/STM32F1xx_HAL_Driver/Src/stm32f1xx_hal_rcc.o
 *fill*         0x08006c22        0x2 
 .rodata.aPLLMULFactorTable.1
                0x08006c24       0x10 ./Drivers/STM32F1xx_HAL_Driver/Src/stm32f1xx_hal_rcc_ex.o
 .rodata.aPredivFactorTable.0
                0x08006c34        0x2 ./Drivers/STM32F1xx_HAL_Driver/Src/stm32f1xx_hal_rcc_ex.o
 *fill*         0x08006c36        0x2 
 .rodata.uxTopUsedPriority
                0x08006c38        0x4 ./common/ThirdParty/FreeRTOS/tasks.o
                0x08006c38                uxTopUsedPriority
                0x08006c3c                        . = ALIGN (0x4)

.ARM.extab      0x08006c3c        0x0
                0x08006c3c                        . = ALIGN (0x4)
 *(.ARM.extab* .gnu.linkonce.armextab.*)
                0x08006c3c                        . = ALIGN (0x4)

.ARM            0x08006c3c        0x0
                0x08006c3c                        . = ALIGN (0x4)
                0x08006c3c                        __exidx_start = .
 *(.ARM.exidx*)
                0x08006c3c                        __exidx_end = .
                0x08006c3c                        . = ALIGN (0x4)

.preinit_array  0x08006c3c        0x0
                0x08006c3c                        . = ALIGN (0x4)
                0x08006c3c                        PROVIDE (__preinit_array_start = .)
 *(.preinit_array*)
                0x08006c3c                        PROVIDE (__preinit_array_end = .)
                0x08006c3c                        . = ALIGN (0x4)

.init_array     0x08006c3c        0x4
                0x08006c3c                        . = ALIGN (0x4)
                0x08006c3c                        PROVIDE (__init_array_start = .)
 *(SORT_BY_NAME(.init_array.*))
 *(.init_array*)
 .init_array    0x08006c3c        0x4 C:/ST/STM32CubeIDE_1.16.1/STM32CubeIDE/plugins/com.st.stm32cube.ide.mcu.externaltools.gnu-tools-for-stm32.13.3.rel1.win32_1.0.0.202411081344/tools/bin/../lib/gcc/arm-none-eabi/13.3.1/thumb/v7-m/nofp/crtbegin.o
                0x08006c40                        PROVIDE (__init_array_end = .)
                0x08006c40                        . = ALIGN (0x4)

.fini_array     0x08006c40        0x4
                0x08006c40                        . = ALIGN (0x4)
                [!provide]                        PROVIDE (__fini_array_start = .)
 *(SORT_BY_NAME(.fini_array.*))
 *(.fini_array*)
 .fini_array    0x08006c40        0x4 C:/ST/STM32CubeIDE_1.16.1/STM32CubeIDE/plugins/com.st.stm32cube.ide.mcu.externaltools.gnu-tools-for-stm32.13.3.rel1.win32_1.0.0.202411081344/tools/bin/../lib/gcc/arm-none-eabi/13.3.1/thumb/v7-m/nofp/crtbegin.o
                [!provide]                        PROVIDE (__fini_array_end = .)
                0x08006c44                        . = ALIGN (0x4)
                0x08006c44                        _sidata = LOADADDR (.data)

.rel.dyn        0x08006c44        0x0
 .rel.iplt      0x08006c44        0x0 C:/ST/STM32CubeIDE_1.16.1/STM32CubeIDE/plugins/com.st.stm32cube.ide.mcu.externaltools.gnu-tools-for-stm32.13.3.rel1.win32_1.0.0.202411081344/tools/bin/../lib/gcc/arm-none-eabi/13.3.1/thumb/v7-m/nofp/crtbegin.o

.data           0x20000000       0x7c load address 0x08006c44
                0x20000000                        . = ALIGN (0x4)
                0x20000000                        _sdata = .
 *(.data)
 *(.data*)
 .data.command1
                0x20000000        0x5 ./Core/Src/lcd.o
 *fill*         0x20000005        0x3 
 .data.command  0x20000008        0x6 ./Core/Src/lcd.o
 *fill*         0x2000000e        0x2 
 .data.time     0x20000010        0x9 ./Core/Src/main.o
                0x20000010                time
 *fill*         0x20000019        0x3 
 .data.SystemCoreClock
                0x2000001c        0x4 ./Core/Src/system_stm32f1xx.o
                0x2000001c                SystemCoreClock
 .data.uwTickPrio
                0x20000020        0x4 ./Drivers/STM32F1xx_HAL_Driver/Src/stm32f1xx_hal.o
                0x20000020                uwTickPrio
 .data.uwTickFreq
                0x20000024        0x1 ./Drivers/STM32F1xx_HAL_Driver/Src/stm32f1xx_hal.o
                0x20000024                uwTickFreq
 *fill*         0x20000025        0x3 
 .data.uxCriticalNesting
                0x20000028        0x4 ./common/ThirdParty/FreeRTOS/portable/GCC/ARM_CM3/port.o
 .data._impure_ptr
                0x2000002c        0x4 C:/ST/STM32CubeIDE_1.16.1/STM32CubeIDE/plugins/com.st.stm32cube.ide.mcu.externaltools.gnu-tools-for-stm32.13.3.rel1.win32_1.0.0.202411081344/tools/bin/../lib/gcc/arm-none-eabi/13.3.1/../../../../arm-none-eabi/lib/thumb/v7-m/nofp\libc_nano.a(libc_a-impure.o)
                0x2000002c                _impure_ptr
 .data._impure_data
                0x20000030       0x4c C:/ST/STM32CubeIDE_1.16.1/STM32CubeIDE/plugins/com.st.stm32cube.ide.mcu.externaltools.gnu-tools-for-stm32.13.3.rel1.win32_1.0.0.202411081344/tools/bin/../lib/gcc/arm-none-eabi/13.3.1/../../../../arm-none-eabi/lib/thumb/v7-m/nofp\libc_nano.a(libc_a-impure.o)
                0x20000030                _impure_data
 *(.RamFunc)
 *(.RamFunc*)
                0x2000007c                        . = ALIGN (0x4)
                0x2000007c                        _edata = .

.igot.plt       0x2000007c        0x0 load address 0x08006cc0
 .igot.plt      0x2000007c        0x0 C:/ST/STM32CubeIDE_1.16.1/STM32CubeIDE/plugins/com.st.stm32cube.ide.mcu.externaltools.gnu-tools-for-stm32.13.3.rel1.win32_1.0.0.202411081344/tools/bin/../lib/gcc/arm-none-eabi/13.3.1/thumb/v7-m/nofp/crtbegin.o
                0x2000007c                        . = ALIGN (0x4)

.bss            0x2000007c     0x2bc0 load address 0x08006cc0
                0x2000007c                        _sbss = .
                0x2000007c                        __bss_start__ = _sbss
 *(.bss)
 .bss           0x2000007c       0x1c C:/ST/STM32CubeIDE_1.16.1/STM32CubeIDE/plugins/com.st.stm32cube.ide.mcu.externaltools.gnu-tools-for-stm32.13.3.rel1.win32_1.0.0.202411081344/tools/bin/../lib/gcc/arm-none-eabi/13.3.1/thumb/v7-m/nofp/crtbegin.o
 *(.bss*)
 .bss.hi2c1     0x20000098       0x54 ./Core/Src/main.o
                0x20000098                hi2c1
 .bss.hrtc      0x200000ec       0x14 ./Core/Src/main.o
                0x200000ec                hrtc
 .bss.huart1    0x20000100       0x48 ./Core/Src/main.o
                0x20000100                huart1
 .bss.gTime     0x20000148        0x3 ./Core/Src/main.o
                0x20000148                gTime
 *fill*         0x2000014b        0x1 
 .bss.RTC_handle
                0x2000014c        0x4 ./Core/Src/main.o
                0x2000014c                RTC_handle
 .bss.RTC_ProceesData_handle
                0x20000150        0x4 ./Core/Src/main.o
                0x20000150                RTC_ProceesData_handle
 .bss.Uart_handle
                0x20000154        0x4 ./Core/Src/main.o
                0x20000154                Uart_handle
 .bss.Lcd_handle
                0x20000158        0x4 ./Core/Src/main.o
                0x20000158                Lcd_handle
 .bss.mutex_RTC_rawData
                0x2000015c        0x4 ./Core/Src/main.o
                0x2000015c                mutex_RTC_rawData
 .bss.mutex_Time
                0x20000160        0x4 ./Core/Src/main.o
                0x20000160                mutex_Time
 .bss.htim4     0x20000164       0x48 ./Core/Src/stm32f1xx_hal_timebase_tim.o
                0x20000164                htim4
 .bss.uwTick    0x200001ac        0x4 ./Drivers/STM32F1xx_HAL_Driver/Src/stm32f1xx_hal.o
                0x200001ac                uwTick
 .bss.pxCurrentTCB
                0x200001b0        0x4 ./common/ThirdParty/FreeRTOS/tasks.o
                0x200001b0                pxCurrentTCB
 .bss.pxReadyTasksLists
                0x200001b4       0x8c ./common/ThirdParty/FreeRTOS/tasks.o
 .bss.xDelayedTaskList1
                0x20000240       0x14 ./common/ThirdParty/FreeRTOS/tasks.o
 .bss.xDelayedTaskList2
                0x20000254       0x14 ./common/ThirdParty/FreeRTOS/tasks.o
 .bss.pxDelayedTaskList
                0x20000268        0x4 ./common/ThirdParty/FreeRTOS/tasks.o
 .bss.pxOverflowDelayedTaskList
                0x2000026c        0x4 ./common/ThirdParty/FreeRTOS/tasks.o
 .bss.xPendingReadyList
                0x20000270       0x14 ./common/ThirdParty/FreeRTOS/tasks.o
 .bss.xTasksWaitingTermination
                0x20000284       0x14 ./common/ThirdParty/FreeRTOS/tasks.o
 .bss.uxDeletedTasksWaitingCleanUp
                0x20000298        0x4 ./common/ThirdParty/FreeRTOS/tasks.o
 .bss.xSuspendedTaskList
                0x2000029c       0x14 ./common/ThirdParty/FreeRTOS/tasks.o
 .bss.uxCurrentNumberOfTasks
                0x200002b0        0x4 ./common/ThirdParty/FreeRTOS/tasks.o
 .bss.xTickCount
                0x200002b4        0x4 ./common/ThirdParty/FreeRTOS/tasks.o
 .bss.uxTopReadyPriority
                0x200002b8        0x4 ./common/ThirdParty/FreeRTOS/tasks.o
 .bss.xSchedulerRunning
                0x200002bc        0x4 ./common/ThirdParty/FreeRTOS/tasks.o
 .bss.xPendedTicks
                0x200002c0        0x4 ./common/ThirdParty/FreeRTOS/tasks.o
 .bss.xYieldPending
                0x200002c4        0x4 ./common/ThirdParty/FreeRTOS/tasks.o
 .bss.xNumOfOverflows
                0x200002c8        0x4 ./common/ThirdParty/FreeRTOS/tasks.o
 .bss.uxTaskNumber
                0x200002cc        0x4 ./common/ThirdParty/FreeRTOS/tasks.o
 .bss.xNextTaskUnblockTime
                0x200002d0        0x4 ./common/ThirdParty/FreeRTOS/tasks.o
 .bss.xIdleTaskHandle
                0x200002d4        0x4 ./common/ThirdParty/FreeRTOS/tasks.o
 .bss.uxSchedulerSuspended
                0x200002d8        0x4 ./common/ThirdParty/FreeRTOS/tasks.o
 .bss.ucHeap    0x200002dc     0x2800 ./common/ThirdParty/FreeRTOS/portable/MemMang/heap_4.o
 .bss.xStart    0x20002adc        0x8 ./common/ThirdParty/FreeRTOS/portable/MemMang/heap_4.o
 .bss.pxEnd     0x20002ae4        0x4 ./common/ThirdParty/FreeRTOS/portable/MemMang/heap_4.o
 .bss.xFreeBytesRemaining
                0x20002ae8        0x4 ./common/ThirdParty/FreeRTOS/portable/MemMang/heap_4.o
 .bss.xMinimumEverFreeBytesRemaining
                0x20002aec        0x4 ./common/ThirdParty/FreeRTOS/portable/MemMang/heap_4.o
 .bss.xNumberOfSuccessfulAllocations
                0x20002af0        0x4 ./common/ThirdParty/FreeRTOS/portable/MemMang/heap_4.o
 .bss.xNumberOfSuccessfulFrees
                0x20002af4        0x4 ./common/ThirdParty/FreeRTOS/portable/MemMang/heap_4.o
 .bss.xBlockAllocatedBit
                0x20002af8        0x4 ./common/ThirdParty/FreeRTOS/portable/MemMang/heap_4.o
 .bss.__sf      0x20002afc      0x138 C:/ST/STM32CubeIDE_1.16.1/STM32CubeIDE/plugins/com.st.stm32cube.ide.mcu.externaltools.gnu-tools-for-stm32.13.3.rel1.win32_1.0.0.202411081344/tools/bin/../lib/gcc/arm-none-eabi/13.3.1/../../../../arm-none-eabi/lib/thumb/v7-m/nofp\libc_nano.a(libc_a-findfp.o)
                0x20002afc                __sf
 .bss.__lock___malloc_recursive_mutex
                0x20002c34        0x1 C:/ST/STM32CubeIDE_1.16.1/STM32CubeIDE/plugins/com.st.stm32cube.ide.mcu.externaltools.gnu-tools-for-stm32.13.3.rel1.win32_1.0.0.202411081344/tools/bin/../lib/gcc/arm-none-eabi/13.3.1/../../../../arm-none-eabi/lib/thumb/v7-m/nofp\libc_nano.a(libc_a-lock.o)
                0x20002c34                __lock___malloc_recursive_mutex
 *fill*         0x20002c35        0x3 
 .bss.__malloc_free_list
                0x20002c38        0x4 C:/ST/STM32CubeIDE_1.16.1/STM32CubeIDE/plugins/com.st.stm32cube.ide.mcu.externaltools.gnu-tools-for-stm32.13.3.rel1.win32_1.0.0.202411081344/tools/bin/../lib/gcc/arm-none-eabi/13.3.1/../../../../arm-none-eabi/lib/thumb/v7-m/nofp\libc_nano.a(libc_a-mallocr.o)
                0x20002c38                __malloc_free_list
 *(COMMON)
                0x20002c3c                        . = ALIGN (0x4)
                0x20002c3c                        _ebss = .
                0x20002c3c                        __bss_end__ = _ebss

._user_heap_stack
                0x20002c3c      0x604 load address 0x08006cc0
                0x20002c40                        . = ALIGN (0x8)
 *fill*         0x20002c3c        0x4 
                0x20002c40                        PROVIDE (end = .)
                [!provide]                        PROVIDE (_end = .)
                0x20002e40                        . = (. + _Min_Heap_Size)
 *fill*         0x20002c40      0x200 
                0x20003240                        . = (. + _Min_Stack_Size)
 *fill*         0x20002e40      0x400 
                0x20003240                        . = ALIGN (0x8)

/DISCARD/
 libc.a(*)
 libm.a(*)
 libgcc.a(*)

.ARM.attributes
                0x00000000       0x29
 *(.ARM.attributes)
 .ARM.attributes
                0x00000000       0x1d C:/ST/STM32CubeIDE_1.16.1/STM32CubeIDE/plugins/com.st.stm32cube.ide.mcu.externaltools.gnu-tools-for-stm32.13.3.rel1.win32_1.0.0.202411081344/tools/bin/../lib/gcc/arm-none-eabi/13.3.1/thumb/v7-m/nofp/crti.o
 .ARM.attributes
                0x0000001d       0x2d C:/ST/STM32CubeIDE_1.16.1/STM32CubeIDE/plugins/com.st.stm32cube.ide.mcu.externaltools.gnu-tools-for-stm32.13.3.rel1.win32_1.0.0.202411081344/tools/bin/../lib/gcc/arm-none-eabi/13.3.1/thumb/v7-m/nofp/crtbegin.o
 .ARM.attributes
                0x0000004a       0x2d ./Core/Src/lcd.o
 .ARM.attributes
                0x00000077       0x2d ./Core/Src/main.o
 .ARM.attributes
                0x000000a4       0x2d ./Core/Src/stm32f1xx_hal_msp.o
 .ARM.attributes
                0x000000d1       0x2d ./Core/Src/stm32f1xx_hal_timebase_tim.o
 .ARM.attributes
                0x000000fe       0x2d ./Core/Src/stm32f1xx_it.o
 .ARM.attributes
                0x0000012b       0x2d ./Core/Src/system_stm32f1xx.o
 .ARM.attributes
                0x00000158       0x21 ./Core/Startup/startup_stm32f103c8tx.o
 .ARM.attributes
                0x00000179       0x2d ./Drivers/STM32F1xx_HAL_Driver/Src/stm32f1xx_hal.o
 .ARM.attributes
                0x000001a6       0x2d ./Drivers/STM32F1xx_HAL_Driver/Src/stm32f1xx_hal_cortex.o
 .ARM.attributes
                0x000001d3       0x2d ./Drivers/STM32F1xx_HAL_Driver/Src/stm32f1xx_hal_dma.o
 .ARM.attributes
                0x00000200       0x2d ./Drivers/STM32F1xx_HAL_Driver/Src/stm32f1xx_hal_gpio.o
 .ARM.attributes
                0x0000022d       0x2d ./Drivers/STM32F1xx_HAL_Driver/Src/stm32f1xx_hal_i2c.o
 .ARM.attributes
                0x0000025a       0x2d ./Drivers/STM32F1xx_HAL_Driver/Src/stm32f1xx_hal_pwr.o
 .ARM.attributes
                0x00000287       0x2d ./Drivers/STM32F1xx_HAL_Driver/Src/stm32f1xx_hal_rcc.o
 .ARM.attributes
                0x000002b4       0x2d ./Drivers/STM32F1xx_HAL_Driver/Src/stm32f1xx_hal_rcc_ex.o
 .ARM.attributes
                0x000002e1       0x2d ./Drivers/STM32F1xx_HAL_Driver/Src/stm32f1xx_hal_rtc.o
 .ARM.attributes
                0x0000030e       0x2d ./Drivers/STM32F1xx_HAL_Driver/Src/stm32f1xx_hal_tim.o
 .ARM.attributes
                0x0000033b       0x2d ./Drivers/STM32F1xx_HAL_Driver/Src/stm32f1xx_hal_tim_ex.o
 .ARM.attributes
                0x00000368       0x2d ./Drivers/STM32F1xx_HAL_Driver/Src/stm32f1xx_hal_uart.o
 .ARM.attributes
                0x00000395       0x2d ./common/ThirdParty/FreeRTOS/list.o
 .ARM.attributes
                0x000003c2       0x2d ./common/ThirdParty/FreeRTOS/queue.o
 .ARM.attributes
                0x000003ef       0x2d ./common/ThirdParty/FreeRTOS/tasks.o
 .ARM.attributes
                0x0000041c       0x2d ./common/ThirdParty/FreeRTOS/portable/GCC/ARM_CM3/port.o
 .ARM.attributes
                0x00000449       0x2d ./common/ThirdParty/FreeRTOS/portable/MemMang/heap_4.o
 .ARM.attributes
                0x00000476       0x2d C:/ST/STM32CubeIDE_1.16.1/STM32CubeIDE/plugins/com.st.stm32cube.ide.mcu.externaltools.gnu-tools-for-stm32.13.3.rel1.win32_1.0.0.202411081344/tools/bin/../lib/gcc/arm-none-eabi/13.3.1/../../../../arm-none-eabi/lib/thumb/v7-m/nofp\libc_nano.a(libc_a-findfp.o)
 .ARM.attributes
                0x000004a3       0x2d C:/ST/STM32CubeIDE_1.16.1/STM32CubeIDE/plugins/com.st.stm32cube.ide.mcu.externaltools.gnu-tools-for-stm32.13.3.rel1.win32_1.0.0.202411081344/tools/bin/../lib/gcc/arm-none-eabi/13.3.1/../../../../arm-none-eabi/lib/thumb/v7-m/nofp\libc_nano.a(libc_a-memset.o)
 .ARM.attributes
                0x000004d0       0x2d C:/ST/STM32CubeIDE_1.16.1/STM32CubeIDE/plugins/com.st.stm32cube.ide.mcu.externaltools.gnu-tools-for-stm32.13.3.rel1.win32_1.0.0.202411081344/tools/bin/../lib/gcc/arm-none-eabi/13.3.1/../../../../arm-none-eabi/lib/thumb/v7-m/nofp\libc_nano.a(libc_a-reent.o)
 .ARM.attributes
                0x000004fd       0x2d C:/ST/STM32CubeIDE_1.16.1/STM32CubeIDE/plugins/com.st.stm32cube.ide.mcu.externaltools.gnu-tools-for-stm32.13.3.rel1.win32_1.0.0.202411081344/tools/bin/../lib/gcc/arm-none-eabi/13.3.1/../../../../arm-none-eabi/lib/thumb/v7-m/nofp\libc_nano.a(libc_a-impure.o)
 .ARM.attributes
                0x0000052a       0x2d C:/ST/STM32CubeIDE_1.16.1/STM32CubeIDE/plugins/com.st.stm32cube.ide.mcu.externaltools.gnu-tools-for-stm32.13.3.rel1.win32_1.0.0.202411081344/tools/bin/../lib/gcc/arm-none-eabi/13.3.1/../../../../arm-none-eabi/lib/thumb/v7-m/nofp\libc_nano.a(libc_a-init.o)
 .ARM.attributes
                0x00000557       0x2d C:/ST/STM32CubeIDE_1.16.1/STM32CubeIDE/plugins/com.st.stm32cube.ide.mcu.externaltools.gnu-tools-for-stm32.13.3.rel1.win32_1.0.0.202411081344/tools/bin/../lib/gcc/arm-none-eabi/13.3.1/../../../../arm-none-eabi/lib/thumb/v7-m/nofp\libc_nano.a(libc_a-lock.o)
 .ARM.attributes
                0x00000584       0x2d C:/ST/STM32CubeIDE_1.16.1/STM32CubeIDE/plugins/com.st.stm32cube.ide.mcu.externaltools.gnu-tools-for-stm32.13.3.rel1.win32_1.0.0.202411081344/tools/bin/../lib/gcc/arm-none-eabi/13.3.1/../../../../arm-none-eabi/lib/thumb/v7-m/nofp\libc_nano.a(libc_a-memcpy-stub.o)
 .ARM.attributes
                0x000005b1       0x2d C:/ST/STM32CubeIDE_1.16.1/STM32CubeIDE/plugins/com.st.stm32cube.ide.mcu.externaltools.gnu-tools-for-stm32.13.3.rel1.win32_1.0.0.202411081344/tools/bin/../lib/gcc/arm-none-eabi/13.3.1/../../../../arm-none-eabi/lib/thumb/v7-m/nofp\libc_nano.a(libc_a-freer.o)
 .ARM.attributes
                0x000005de       0x2d C:/ST/STM32CubeIDE_1.16.1/STM32CubeIDE/plugins/com.st.stm32cube.ide.mcu.externaltools.gnu-tools-for-stm32.13.3.rel1.win32_1.0.0.202411081344/tools/bin/../lib/gcc/arm-none-eabi/13.3.1/../../../../arm-none-eabi/lib/thumb/v7-m/nofp\libc_nano.a(libc_a-mallocr.o)
 .ARM.attributes
                0x0000060b       0x2d C:/ST/STM32CubeIDE_1.16.1/STM32CubeIDE/plugins/com.st.stm32cube.ide.mcu.externaltools.gnu-tools-for-stm32.13.3.rel1.win32_1.0.0.202411081344/tools/bin/../lib/gcc/arm-none-eabi/13.3.1/../../../../arm-none-eabi/lib/thumb/v7-m/nofp\libc_nano.a(libc_a-mlock.o)
 .ARM.attributes
                0x00000638       0x1d C:/ST/STM32CubeIDE_1.16.1/STM32CubeIDE/plugins/com.st.stm32cube.ide.mcu.externaltools.gnu-tools-for-stm32.13.3.rel1.win32_1.0.0.202411081344/tools/bin/../lib/gcc/arm-none-eabi/13.3.1/thumb/v7-m/nofp/crtn.o
OUTPUT(rtos_DigitalClock1.elf elf32-littlearm)
LOAD linker stubs
LOAD C:/ST/STM32CubeIDE_1.16.1/STM32CubeIDE/plugins/com.st.stm32cube.ide.mcu.externaltools.gnu-tools-for-stm32.13.3.rel1.win32_1.0.0.202411081344/tools/bin/../lib/gcc/arm-none-eabi/13.3.1/../../../../arm-none-eabi/lib/thumb/v7-m/nofp\libc.a
LOAD C:/ST/STM32CubeIDE_1.16.1/STM32CubeIDE/plugins/com.st.stm32cube.ide.mcu.externaltools.gnu-tools-for-stm32.13.3.rel1.win32_1.0.0.202411081344/tools/bin/../lib/gcc/arm-none-eabi/13.3.1/../../../../arm-none-eabi/lib/thumb/v7-m/nofp\libm.a
LOAD C:/ST/STM32CubeIDE_1.16.1/STM32CubeIDE/plugins/com.st.stm32cube.ide.mcu.externaltools.gnu-tools-for-stm32.13.3.rel1.win32_1.0.0.202411081344/tools/bin/../lib/gcc/arm-none-eabi/13.3.1/thumb/v7-m/nofp\libgcc.a

.debug_info     0x00000000    0x15712
 .debug_info    0x00000000      0x7df ./Core/Src/lcd.o
 .debug_info    0x000007df     0x18ed ./Core/Src/main.o
 .debug_info    0x000020cc      0xecc ./Core/Src/stm32f1xx_hal_msp.o
 .debug_info    0x00002f98      0x9a8 ./Core/Src/stm32f1xx_hal_timebase_tim.o
 .debug_info    0x00003940      0x935 ./Core/Src/stm32f1xx_it.o
 .debug_info    0x00004275      0x222 ./Core/Src/system_stm32f1xx.o
 .debug_info    0x00004497       0x30 ./Core/Startup/startup_stm32f103c8tx.o
 .debug_info    0x000044c7      0x704 ./Drivers/STM32F1xx_HAL_Driver/Src/stm32f1xx_hal.o
 .debug_info    0x00004bcb      0xa87 ./Drivers/STM32F1xx_HAL_Driver/Src/stm32f1xx_hal_cortex.o
 .debug_info    0x00005652      0x6d2 ./Drivers/STM32F1xx_HAL_Driver/Src/stm32f1xx_hal_dma.o
 .debug_info    0x00005d24      0x5ab ./Drivers/STM32F1xx_HAL_Driver/Src/stm32f1xx_hal_gpio.o
 .debug_info    0x000062cf     0x2524 ./Drivers/STM32F1xx_HAL_Driver/Src/stm32f1xx_hal_i2c.o
 .debug_info    0x000087f3      0x628 ./Drivers/STM32F1xx_HAL_Driver/Src/stm32f1xx_hal_pwr.o
 .debug_info    0x00008e1b      0x7d5 ./Drivers/STM32F1xx_HAL_Driver/Src/stm32f1xx_hal_rcc.o
 .debug_info    0x000095f0      0x3c0 ./Drivers/STM32F1xx_HAL_Driver/Src/stm32f1xx_hal_rcc_ex.o
 .debug_info    0x000099b0      0xc73 ./Drivers/STM32F1xx_HAL_Driver/Src/stm32f1xx_hal_rtc.o
 .debug_info    0x0000a623     0x2959 ./Drivers/STM32F1xx_HAL_Driver/Src/stm32f1xx_hal_tim.o
 .debug_info    0x0000cf7c     0x149b ./Drivers/STM32F1xx_HAL_Driver/Src/stm32f1xx_hal_tim_ex.o
 .debug_info    0x0000e417     0x2eed ./Drivers/STM32F1xx_HAL_Driver/Src/stm32f1xx_hal_uart.o
 .debug_info    0x00011304      0x2af ./common/ThirdParty/FreeRTOS/list.o
 .debug_info    0x000115b3     0x156e ./common/ThirdParty/FreeRTOS/queue.o
 .debug_info    0x00012b21     0x22ef ./common/ThirdParty/FreeRTOS/tasks.o
 .debug_info    0x00014e10      0x42f ./common/ThirdParty/FreeRTOS/portable/GCC/ARM_CM3/port.o
 .debug_info    0x0001523f      0x4d3 ./common/ThirdParty/FreeRTOS/portable/MemMang/heap_4.o

.debug_abbrev   0x00000000     0x34d1
 .debug_abbrev  0x00000000      0x1c3 ./Core/Src/lcd.o
 .debug_abbrev  0x000001c3      0x3a5 ./Core/Src/main.o
 .debug_abbrev  0x00000568      0x1f8 ./Core/Src/stm32f1xx_hal_msp.o
 .debug_abbrev  0x00000760      0x1f3 ./Core/Src/stm32f1xx_hal_timebase_tim.o
 .debug_abbrev  0x00000953      0x19d ./Core/Src/stm32f1xx_it.o
 .debug_abbrev  0x00000af0      0x13f ./Core/Src/system_stm32f1xx.o
 .debug_abbrev  0x00000c2f       0x24 ./Core/Startup/startup_stm32f103c8tx.o
 .debug_abbrev  0x00000c53      0x201 ./Drivers/STM32F1xx_HAL_Driver/Src/stm32f1xx_hal.o
 .debug_abbrev  0x00000e54      0x2f8 ./Drivers/STM32F1xx_HAL_Driver/Src/stm32f1xx_hal_cortex.o
 .debug_abbrev  0x0000114c      0x20b ./Drivers/STM32F1xx_HAL_Driver/Src/stm32f1xx_hal_dma.o
 .debug_abbrev  0x00001357      0x1ca ./Drivers/STM32F1xx_HAL_Driver/Src/stm32f1xx_hal_gpio.o
 .debug_abbrev  0x00001521      0x2a3 ./Drivers/STM32F1xx_HAL_Driver/Src/stm32f1xx_hal_i2c.o
 .debug_abbrev  0x000017c4      0x1f6 ./Drivers/STM32F1xx_HAL_Driver/Src/stm32f1xx_hal_pwr.o
 .debug_abbrev  0x000019ba      0x2b3 ./Drivers/STM32F1xx_HAL_Driver/Src/stm32f1xx_hal_rcc.o
 .debug_abbrev  0x00001c6d      0x188 ./Drivers/STM32F1xx_HAL_Driver/Src/stm32f1xx_hal_rcc_ex.o
 .debug_abbrev  0x00001df5      0x23a ./Drivers/STM32F1xx_HAL_Driver/Src/stm32f1xx_hal_rtc.o
 .debug_abbrev  0x0000202f      0x277 ./Drivers/STM32F1xx_HAL_Driver/Src/stm32f1xx_hal_tim.o
 .debug_abbrev  0x000022a6      0x282 ./Drivers/STM32F1xx_HAL_Driver/Src/stm32f1xx_hal_tim_ex.o
 .debug_abbrev  0x00002528      0x2f8 ./Drivers/STM32F1xx_HAL_Driver/Src/stm32f1xx_hal_uart.o
 .debug_abbrev  0x00002820       0xf5 ./common/ThirdParty/FreeRTOS/list.o
 .debug_abbrev  0x00002915      0x322 ./common/ThirdParty/FreeRTOS/queue.o
 .debug_abbrev  0x00002c37      0x3d3 ./common/ThirdParty/FreeRTOS/tasks.o
 .debug_abbrev  0x0000300a      0x2a9 ./common/ThirdParty/FreeRTOS/portable/GCC/ARM_CM3/port.o
 .debug_abbrev  0x000032b3      0x21e ./common/ThirdParty/FreeRTOS/portable/MemMang/heap_4.o

.debug_aranges  0x00000000     0x1498
 .debug_aranges
                0x00000000       0x38 ./Core/Src/lcd.o
 .debug_aranges
                0x00000038       0x78 ./Core/Src/main.o
 .debug_aranges
                0x000000b0       0x50 ./Core/Src/stm32f1xx_hal_msp.o
 .debug_aranges
                0x00000100       0x30 ./Core/Src/stm32f1xx_hal_timebase_tim.o
 .debug_aranges
                0x00000130       0x60 ./Core/Src/stm32f1xx_it.o
 .debug_aranges
                0x00000190       0x28 ./Core/Src/system_stm32f1xx.o
 .debug_aranges
                0x000001b8       0x28 ./Core/Startup/startup_stm32f103c8tx.o
 .debug_aranges
                0x000001e0       0xe0 ./Drivers/STM32F1xx_HAL_Driver/Src/stm32f1xx_hal.o
 .debug_aranges
                0x000002c0      0x100 ./Drivers/STM32F1xx_HAL_Driver/Src/stm32f1xx_hal_cortex.o
 .debug_aranges
                0x000003c0       0x80 ./Drivers/STM32F1xx_HAL_Driver/Src/stm32f1xx_hal_dma.o
 .debug_aranges
                0x00000440       0x58 ./Drivers/STM32F1xx_HAL_Driver/Src/stm32f1xx_hal_gpio.o
 .debug_aranges
                0x00000498      0x2a8 ./Drivers/STM32F1xx_HAL_Driver/Src/stm32f1xx_hal_i2c.o
 .debug_aranges
                0x00000740       0xa8 ./Drivers/STM32F1xx_HAL_Driver/Src/stm32f1xx_hal_pwr.o
 .debug_aranges
                0x000007e8       0x90 ./Drivers/STM32F1xx_HAL_Driver/Src/stm32f1xx_hal_rcc.o
 .debug_aranges
                0x00000878       0x30 ./Drivers/STM32F1xx_HAL_Driver/Src/stm32f1xx_hal_rcc_ex.o
 .debug_aranges
                0x000008a8       0xf8 ./Drivers/STM32F1xx_HAL_Driver/Src/stm32f1xx_hal_rtc.o
 .debug_aranges
                0x000009a0      0x3d0 ./Drivers/STM32F1xx_HAL_Driver/Src/stm32f1xx_hal_tim.o
 .debug_aranges
                0x00000d70      0x168 ./Drivers/STM32F1xx_HAL_Driver/Src/stm32f1xx_hal_tim_ex.o
 .debug_aranges
                0x00000ed8      0x208 ./Drivers/STM32F1xx_HAL_Driver/Src/stm32f1xx_hal_uart.o
 .debug_aranges
                0x000010e0       0x40 ./common/ThirdParty/FreeRTOS/list.o
 .debug_aranges
                0x00001120       0xf8 ./common/ThirdParty/FreeRTOS/queue.o
 .debug_aranges
                0x00001218      0x1b8 ./common/ThirdParty/FreeRTOS/tasks.o
 .debug_aranges
                0x000013d0       0x70 ./common/ThirdParty/FreeRTOS/portable/GCC/ARM_CM3/port.o
 .debug_aranges
                0x00001440       0x58 ./common/ThirdParty/FreeRTOS/portable/MemMang/heap_4.o

.debug_rnglists
                0x00000000     0x102d
 .debug_rnglists
                0x00000000       0x28 ./Core/Src/lcd.o
 .debug_rnglists
                0x00000028       0x5b ./Core/Src/main.o
 .debug_rnglists
                0x00000083       0x38 ./Core/Src/stm32f1xx_hal_msp.o
 .debug_rnglists
                0x000000bb       0x20 ./Core/Src/stm32f1xx_hal_timebase_tim.o
 .debug_rnglists
                0x000000db       0x43 ./Core/Src/stm32f1xx_it.o
 .debug_rnglists
                0x0000011e       0x1a ./Core/Src/system_stm32f1xx.o
 .debug_rnglists
                0x00000138       0x19 ./Core/Startup/startup_stm32f103c8tx.o
 .debug_rnglists
                0x00000151       0xa3 ./Drivers/STM32F1xx_HAL_Driver/Src/stm32f1xx_hal.o
 .debug_rnglists
                0x000001f4       0xbb ./Drivers/STM32F1xx_HAL_Driver/Src/stm32f1xx_hal_cortex.o
 .debug_rnglists
                0x000002af       0x64 ./Drivers/STM32F1xx_HAL_Driver/Src/stm32f1xx_hal_dma.o
 .debug_rnglists
                0x00000313       0x3f ./Drivers/STM32F1xx_HAL_Driver/Src/stm32f1xx_hal_gpio.o
 .debug_rnglists
                0x00000352      0x23c ./Drivers/STM32F1xx_HAL_Driver/Src/stm32f1xx_hal_i2c.o
 .debug_rnglists
                0x0000058e       0x7a ./Drivers/STM32F1xx_HAL_Driver/Src/stm32f1xx_hal_pwr.o
 .debug_rnglists
                0x00000608       0x6c ./Drivers/STM32F1xx_HAL_Driver/Src/stm32f1xx_hal_rcc.o
 .debug_rnglists
                0x00000674       0x21 ./Drivers/STM32F1xx_HAL_Driver/Src/stm32f1xx_hal_rcc_ex.o
 .debug_rnglists
                0x00000695       0xc1 ./Drivers/STM32F1xx_HAL_Driver/Src/stm32f1xx_hal_rtc.o
 .debug_rnglists
                0x00000756      0x31a ./Drivers/STM32F1xx_HAL_Driver/Src/stm32f1xx_hal_tim.o
 .debug_rnglists
                0x00000a70      0x125 ./Drivers/STM32F1xx_HAL_Driver/Src/stm32f1xx_hal_tim_ex.o
 .debug_rnglists
                0x00000b95      0x1bc ./Drivers/STM32F1xx_HAL_Driver/Src/stm32f1xx_hal_uart.o
 .debug_rnglists
                0x00000d51       0x2b ./common/ThirdParty/FreeRTOS/list.o
 .debug_rnglists
                0x00000d7c       0xc1 ./common/ThirdParty/FreeRTOS/queue.o
 .debug_rnglists
                0x00000e3d      0x15f ./common/ThirdParty/FreeRTOS/tasks.o
 .debug_rnglists
                0x00000f9c       0x4f ./common/ThirdParty/FreeRTOS/portable/GCC/ARM_CM3/port.o
 .debug_rnglists
                0x00000feb       0x42 ./common/ThirdParty/FreeRTOS/portable/MemMang/heap_4.o

.debug_macro    0x00000000    0x19f40
 .debug_macro   0x00000000      0x1db ./Core/Src/lcd.o
 .debug_macro   0x000001db      0xacc ./Core/Src/lcd.o
 .debug_macro   0x00000ca7      0x227 ./Core/Src/lcd.o
 .debug_macro   0x00000ece       0x2e ./Core/Src/lcd.o
 .debug_macro   0x00000efc       0x22 ./Core/Src/lcd.o
 .debug_macro   0x00000f1e       0x22 ./Core/Src/lcd.o
 .debug_macro   0x00000f40       0x8e ./Core/Src/lcd.o
 .debug_macro   0x00000fce       0x51 ./Core/Src/lcd.o
 .debug_macro   0x0000101f      0x103 ./Core/Src/lcd.o
 .debug_macro   0x00001122       0x6a ./Core/Src/lcd.o
 .debug_macro   0x0000118c      0x1df ./Core/Src/lcd.o
 .debug_macro   0x0000136b       0x1c ./Core/Src/lcd.o
 .debug_macro   0x00001387       0x22 ./Core/Src/lcd.o
 .debug_macro   0x000013a9       0xbd ./Core/Src/lcd.o
 .debug_macro   0x00001466      0xd23 ./Core/Src/lcd.o
 .debug_macro   0x00002189     0xe09e ./Core/Src/lcd.o
 .debug_macro   0x00010227       0x6d ./Core/Src/lcd.o
 .debug_macro   0x00010294     0x34a2 ./Core/Src/lcd.o
 .debug_macro   0x00013736      0x190 ./Core/Src/lcd.o
 .debug_macro   0x000138c6       0x5c ./Core/Src/lcd.o
 .debug_macro   0x00013922      0x5bc ./Core/Src/lcd.o
 .debug_macro   0x00013ede      0x289 ./Core/Src/lcd.o
 .debug_macro   0x00014167      0x1cb ./Core/Src/lcd.o
 .debug_macro   0x00014332      0x114 ./Core/Src/lcd.o
 .debug_macro   0x00014446      0x1b2 ./Core/Src/lcd.o
 .debug_macro   0x000145f8       0x27 ./Core/Src/lcd.o
 .debug_macro   0x0001461f      0x136 ./Core/Src/lcd.o
 .debug_macro   0x00014755      0x1bc ./Core/Src/lcd.o
 .debug_macro   0x00014911       0x34 ./Core/Src/lcd.o
 .debug_macro   0x00014945       0x3c ./Core/Src/lcd.o
 .debug_macro   0x00014981       0x57 ./Core/Src/lcd.o
 .debug_macro   0x000149d8       0x87 ./Core/Src/lcd.o
 .debug_macro   0x00014a5f      0x240 ./Core/Src/lcd.o
 .debug_macro   0x00014c9f      0x287 ./Core/Src/lcd.o
 .debug_macro   0x00014f26      0x140 ./Core/Src/lcd.o
 .debug_macro   0x00015066      0x1ef ./Core/Src/lcd.o
 .debug_macro   0x00015255       0xeb ./Core/Src/lcd.o
 .debug_macro   0x00015340      0x8ed ./Core/Src/lcd.o
 .debug_macro   0x00015c2d      0x28e ./Core/Src/lcd.o
 .debug_macro   0x00015ebb       0x83 ./Core/Src/lcd.o
 .debug_macro   0x00015f3e      0x319 ./Core/Src/main.o
 .debug_macro   0x00016257      0x104 ./Core/Src/main.o
 .debug_macro   0x0001635b      0x15a ./Core/Src/main.o
 .debug_macro   0x000164b5       0xe4 ./Core/Src/main.o
 .debug_macro   0x00016599       0x1c ./Core/Src/main.o
 .debug_macro   0x000165b5       0x26 ./Core/Src/main.o
 .debug_macro   0x000165db       0x61 ./Core/Src/main.o
 .debug_macro   0x0001663c       0x24 ./Core/Src/main.o
 .debug_macro   0x00016660       0x43 ./Core/Src/main.o
 .debug_macro   0x000166a3       0x34 ./Core/Src/main.o
 .debug_macro   0x000166d7      0x370 ./Core/Src/main.o
 .debug_macro   0x00016a47       0x16 ./Core/Src/main.o
 .debug_macro   0x00016a5d       0x4a ./Core/Src/main.o
 .debug_macro   0x00016aa7       0x34 ./Core/Src/main.o
 .debug_macro   0x00016adb       0x10 ./Core/Src/main.o
 .debug_macro   0x00016aeb       0x58 ./Core/Src/main.o
 .debug_macro   0x00016b43       0x8e ./Core/Src/main.o
 .debug_macro   0x00016bd1       0x1c ./Core/Src/main.o
 .debug_macro   0x00016bed      0x185 ./Core/Src/main.o
 .debug_macro   0x00016d72       0x10 ./Core/Src/main.o
 .debug_macro   0x00016d82       0x3c ./Core/Src/main.o
 .debug_macro   0x00016dbe      0x4f7 ./Core/Src/main.o
 .debug_macro   0x000172b5       0xb5 ./Core/Src/main.o
 .debug_macro   0x0001736a      0x120 ./Core/Src/main.o
 .debug_macro   0x0001748a       0x80 ./Core/Src/main.o
 .debug_macro   0x0001750a       0x69 ./Core/Src/main.o
 .debug_macro   0x00017573      0x1cb ./Core/Src/stm32f1xx_hal_msp.o
 .debug_macro   0x0001773e      0x1c1 ./Core/Src/stm32f1xx_hal_timebase_tim.o
 .debug_macro   0x000178ff      0x1d5 ./Core/Src/stm32f1xx_it.o
 .debug_macro   0x00017ad4      0x1c1 ./Core/Src/system_stm32f1xx.o
 .debug_macro   0x00017c95      0x1e5 ./Drivers/STM32F1xx_HAL_Driver/Src/stm32f1xx_hal.o
 .debug_macro   0x00017e7a      0x1c1 ./Drivers/STM32F1xx_HAL_Driver/Src/stm32f1xx_hal_cortex.o
 .debug_macro   0x0001803b      0x1c1 ./Drivers/STM32F1xx_HAL_Driver/Src/stm32f1xx_hal_dma.o
 .debug_macro   0x000181fc      0x22c ./Drivers/STM32F1xx_HAL_Driver/Src/stm32f1xx_hal_gpio.o
 .debug_macro   0x00018428      0x20f ./Drivers/STM32F1xx_HAL_Driver/Src/stm32f1xx_hal_i2c.o
 .debug_macro   0x00018637      0x221 ./Drivers/STM32F1xx_HAL_Driver/Src/stm32f1xx_hal_pwr.o
 .debug_macro   0x00018858      0x1d3 ./Drivers/STM32F1xx_HAL_Driver/Src/stm32f1xx_hal_rcc.o
 .debug_macro   0x00018a2b      0x1c1 ./Drivers/STM32F1xx_HAL_Driver/Src/stm32f1xx_hal_rcc_ex.o
 .debug_macro   0x00018bec      0x1d0 ./Drivers/STM32F1xx_HAL_Driver/Src/stm32f1xx_hal_rtc.o
 .debug_macro   0x00018dbc      0x1c2 ./Drivers/STM32F1xx_HAL_Driver/Src/stm32f1xx_hal_tim.o
 .debug_macro   0x00018f7e      0x1c1 ./Drivers/STM32F1xx_HAL_Driver/Src/stm32f1xx_hal_tim_ex.o
 .debug_macro   0x0001913f      0x1c2 ./Drivers/STM32F1xx_HAL_Driver/Src/stm32f1xx_hal_uart.o
 .debug_macro   0x00019301      0x1a5 ./common/ThirdParty/FreeRTOS/list.o
 .debug_macro   0x000194a6      0x22e ./common/ThirdParty/FreeRTOS/queue.o
 .debug_macro   0x000196d4       0x16 ./common/ThirdParty/FreeRTOS/queue.o
 .debug_macro   0x000196ea       0x20 ./common/ThirdParty/FreeRTOS/queue.o
 .debug_macro   0x0001970a      0x28b ./common/ThirdParty/FreeRTOS/tasks.o
 .debug_macro   0x00019995       0x10 ./common/ThirdParty/FreeRTOS/tasks.o
 .debug_macro   0x000199a5      0x385 ./common/ThirdParty/FreeRTOS/portable/GCC/ARM_CM3/port.o
 .debug_macro   0x00019d2a       0x56 ./common/ThirdParty/FreeRTOS/portable/GCC/ARM_CM3/port.o
 .debug_macro   0x00019d80      0x1c0 ./common/ThirdParty/FreeRTOS/portable/MemMang/heap_4.o

.debug_line     0x00000000    0x191d9
 .debug_line    0x00000000      0x846 ./Core/Src/lcd.o
 .debug_line    0x00000846      0xcfa ./Core/Src/main.o
 .debug_line    0x00001540      0x81f ./Core/Src/stm32f1xx_hal_msp.o
 .debug_line    0x00001d5f      0x7c3 ./Core/Src/stm32f1xx_hal_timebase_tim.o
 .debug_line    0x00002522      0x7fd ./Core/Src/stm32f1xx_it.o
 .debug_line    0x00002d1f      0x7c3 ./Core/Src/system_stm32f1xx.o
 .debug_line    0x000034e2       0x78 ./Core/Startup/startup_stm32f103c8tx.o
 .debug_line    0x0000355a      0x9f4 ./Drivers/STM32F1xx_HAL_Driver/Src/stm32f1xx_hal.o
 .debug_line    0x00003f4e      0xbbe ./Drivers/STM32F1xx_HAL_Driver/Src/stm32f1xx_hal_cortex.o
 .debug_line    0x00004b0c      0xdfe ./Drivers/STM32F1xx_HAL_Driver/Src/stm32f1xx_hal_dma.o
 .debug_line    0x0000590a      0xa51 ./Drivers/STM32F1xx_HAL_Driver/Src/stm32f1xx_hal_gpio.o
 .debug_line    0x0000635b     0x3bf1 ./Drivers/STM32F1xx_HAL_Driver/Src/stm32f1xx_hal_i2c.o
 .debug_line    0x00009f4c      0x998 ./Drivers/STM32F1xx_HAL_Driver/Src/stm32f1xx_hal_pwr.o
 .debug_line    0x0000a8e4      0xead ./Drivers/STM32F1xx_HAL_Driver/Src/stm32f1xx_hal_rcc.o
 .debug_line    0x0000b791      0x95e ./Drivers/STM32F1xx_HAL_Driver/Src/stm32f1xx_hal_rcc_ex.o
 .debug_line    0x0000c0ef     0x1203 ./Drivers/STM32F1xx_HAL_Driver/Src/stm32f1xx_hal_rtc.o
 .debug_line    0x0000d2f2     0x34e2 ./Drivers/STM32F1xx_HAL_Driver/Src/stm32f1xx_hal_tim.o
 .debug_line    0x000107d4     0x18b8 ./Drivers/STM32F1xx_HAL_Driver/Src/stm32f1xx_hal_tim_ex.o
 .debug_line    0x0001208c     0x2510 ./Drivers/STM32F1xx_HAL_Driver/Src/stm32f1xx_hal_uart.o
 .debug_line    0x0001459c      0x7f7 ./common/ThirdParty/FreeRTOS/list.o
 .debug_line    0x00014d93     0x14dc ./common/ThirdParty/FreeRTOS/queue.o
 .debug_line    0x0001626f     0x198d ./common/ThirdParty/FreeRTOS/tasks.o
 .debug_line    0x00017bfc      0xbb3 ./common/ThirdParty/FreeRTOS/portable/GCC/ARM_CM3/port.o
 .debug_line    0x000187af      0xa2a ./common/ThirdParty/FreeRTOS/portable/MemMang/heap_4.o

.debug_str      0x00000000    0x97159
 .debug_str     0x00000000    0x97159 ./Core/Src/lcd.o
                              0x86f9a (size before relaxing)
 .debug_str     0x00097159    0x907bc ./Core/Src/main.o
 .debug_str     0x00097159    0x87629 ./Core/Src/stm32f1xx_hal_msp.o
 .debug_str     0x00097159    0x8737d ./Core/Src/stm32f1xx_hal_timebase_tim.o
 .debug_str     0x00097159    0x871d3 ./Core/Src/stm32f1xx_it.o
 .debug_str     0x00097159    0x86ab5 ./Core/Src/system_stm32f1xx.o
 .debug_str     0x00097159       0x95 ./Core/Startup/startup_stm32f103c8tx.o
 .debug_str     0x00097159    0x871e8 ./Drivers/STM32F1xx_HAL_Driver/Src/stm32f1xx_hal.o
 .debug_str     0x00097159    0x87134 ./Drivers/STM32F1xx_HAL_Driver/Src/stm32f1xx_hal_cortex.o
 .debug_str     0x00097159    0x86e5e ./Drivers/STM32F1xx_HAL_Driver/Src/stm32f1xx_hal_dma.o
 .debug_str     0x00097159    0x86e3b ./Drivers/STM32F1xx_HAL_Driver/Src/stm32f1xx_hal_gpio.o
 .debug_str     0x00097159    0x87b7c ./Drivers/STM32F1xx_HAL_Driver/Src/stm32f1xx_hal_i2c.o
 .debug_str     0x00097159    0x86fec ./Drivers/STM32F1xx_HAL_Driver/Src/stm32f1xx_hal_pwr.o
 .debug_str     0x00097159    0x86ee4 ./Drivers/STM32F1xx_HAL_Driver/Src/stm32f1xx_hal_rcc.o
 .debug_str     0x00097159    0x86c34 ./Drivers/STM32F1xx_HAL_Driver/Src/stm32f1xx_hal_rcc_ex.o
 .debug_str     0x00097159    0x86fc0 ./Drivers/STM32F1xx_HAL_Driver/Src/stm32f1xx_hal_rtc.o
 .debug_str     0x00097159    0x87ee6 ./Drivers/STM32F1xx_HAL_Driver/Src/stm32f1xx_hal_tim.o
 .debug_str     0x00097159    0x876f2 ./Drivers/STM32F1xx_HAL_Driver/Src/stm32f1xx_hal_tim_ex.o
 .debug_str     0x00097159    0x87555 ./Drivers/STM32F1xx_HAL_Driver/Src/stm32f1xx_hal_uart.o
 .debug_str     0x00097159     0xad74 ./common/ThirdParty/FreeRTOS/list.o
 .debug_str     0x00097159     0xd0ce ./common/ThirdParty/FreeRTOS/queue.o
 .debug_str     0x00097159     0xdf16 ./common/ThirdParty/FreeRTOS/tasks.o
 .debug_str     0x00097159    0x8edac ./common/ThirdParty/FreeRTOS/portable/GCC/ARM_CM3/port.o
 .debug_str     0x00097159     0xc23d ./common/ThirdParty/FreeRTOS/portable/MemMang/heap_4.o

.comment        0x00000000       0x43
 .comment       0x00000000       0x43 ./Core/Src/lcd.o
                                 0x44 (size before relaxing)
 .comment       0x00000043       0x44 ./Core/Src/main.o
 .comment       0x00000043       0x44 ./Core/Src/stm32f1xx_hal_msp.o
 .comment       0x00000043       0x44 ./Core/Src/stm32f1xx_hal_timebase_tim.o
 .comment       0x00000043       0x44 ./Core/Src/stm32f1xx_it.o
 .comment       0x00000043       0x44 ./Core/Src/system_stm32f1xx.o
 .comment       0x00000043       0x44 ./Drivers/STM32F1xx_HAL_Driver/Src/stm32f1xx_hal.o
 .comment       0x00000043       0x44 ./Drivers/STM32F1xx_HAL_Driver/Src/stm32f1xx_hal_cortex.o
 .comment       0x00000043       0x44 ./Drivers/STM32F1xx_HAL_Driver/Src/stm32f1xx_hal_dma.o
 .comment       0x00000043       0x44 ./Drivers/STM32F1xx_HAL_Driver/Src/stm32f1xx_hal_gpio.o
 .comment       0x00000043       0x44 ./Drivers/STM32F1xx_HAL_Driver/Src/stm32f1xx_hal_i2c.o
 .comment       0x00000043       0x44 ./Drivers/STM32F1xx_HAL_Driver/Src/stm32f1xx_hal_pwr.o
 .comment       0x00000043       0x44 ./Drivers/STM32F1xx_HAL_Driver/Src/stm32f1xx_hal_rcc.o
 .comment       0x00000043       0x44 ./Drivers/STM32F1xx_HAL_Driver/Src/stm32f1xx_hal_rcc_ex.o
 .comment       0x00000043       0x44 ./Drivers/STM32F1xx_HAL_Driver/Src/stm32f1xx_hal_rtc.o
 .comment       0x00000043       0x44 ./Drivers/STM32F1xx_HAL_Driver/Src/stm32f1xx_hal_tim.o
 .comment       0x00000043       0x44 ./Drivers/STM32F1xx_HAL_Driver/Src/stm32f1xx_hal_tim_ex.o
 .comment       0x00000043       0x44 ./Drivers/STM32F1xx_HAL_Driver/Src/stm32f1xx_hal_uart.o
 .comment       0x00000043       0x44 ./common/ThirdParty/FreeRTOS/list.o
 .comment       0x00000043       0x44 ./common/ThirdParty/FreeRTOS/queue.o
 .comment       0x00000043       0x44 ./common/ThirdParty/FreeRTOS/tasks.o
 .comment       0x00000043       0x44 ./common/ThirdParty/FreeRTOS/portable/GCC/ARM_CM3/port.o
 .comment       0x00000043       0x44 ./common/ThirdParty/FreeRTOS/portable/MemMang/heap_4.o

.debug_frame    0x00000000     0x590c
 .debug_frame   0x00000000       0xac ./Core/Src/lcd.o
 .debug_frame   0x000000ac      0x190 ./Core/Src/main.o
 .debug_frame   0x0000023c      0x114 ./Core/Src/stm32f1xx_hal_msp.o
 .debug_frame   0x00000350       0x74 ./Core/Src/stm32f1xx_hal_timebase_tim.o
 .debug_frame   0x000003c4       0xfc ./Core/Src/stm32f1xx_it.o
 .debug_frame   0x000004c0       0x58 ./Core/Src/system_stm32f1xx.o
 .debug_frame   0x00000518      0x334 ./Drivers/STM32F1xx_HAL_Driver/Src/stm32f1xx_hal.o
 .debug_frame   0x0000084c      0x428 ./Drivers/STM32F1xx_HAL_Driver/Src/stm32f1xx_hal_cortex.o
 .debug_frame   0x00000c74      0x208 ./Drivers/STM32F1xx_HAL_Driver/Src/stm32f1xx_hal_dma.o
 .debug_frame   0x00000e7c      0x14c ./Drivers/STM32F1xx_HAL_Driver/Src/stm32f1xx_hal_gpio.o
 .debug_frame   0x00000fc8      0xc84 ./Drivers/STM32F1xx_HAL_Driver/Src/stm32f1xx_hal_i2c.o
 .debug_frame   0x00001c4c      0x270 ./Drivers/STM32F1xx_HAL_Driver/Src/stm32f1xx_hal_pwr.o
 .debug_frame   0x00001ebc      0x218 ./Drivers/STM32F1xx_HAL_Driver/Src/stm32f1xx_hal_rcc.o
 .debug_frame   0x000020d4       0x80 ./Drivers/STM32F1xx_HAL_Driver/Src/stm32f1xx_hal_rcc_ex.o
 .debug_frame   0x00002154      0x434 ./Drivers/STM32F1xx_HAL_Driver/Src/stm32f1xx_hal_rtc.o
 .debug_frame   0x00002588     0x11b8 ./Drivers/STM32F1xx_HAL_Driver/Src/stm32f1xx_hal_tim.o
 .debug_frame   0x00003740      0x638 ./Drivers/STM32F1xx_HAL_Driver/Src/stm32f1xx_hal_tim_ex.o
 .debug_frame   0x00003d78      0x944 ./Drivers/STM32F1xx_HAL_Driver/Src/stm32f1xx_hal_uart.o
 .debug_frame   0x000046bc       0xd8 ./common/ThirdParty/FreeRTOS/list.o
 .debug_frame   0x00004794      0x424 ./common/ThirdParty/FreeRTOS/queue.o
 .debug_frame   0x00004bb8      0x768 ./common/ThirdParty/FreeRTOS/tasks.o
 .debug_frame   0x00005320      0x168 ./common/ThirdParty/FreeRTOS/portable/GCC/ARM_CM3/port.o
 .debug_frame   0x00005488      0x12c ./common/ThirdParty/FreeRTOS/portable/MemMang/heap_4.o
 .debug_frame   0x000055b4      0x144 C:/ST/STM32CubeIDE_1.16.1/STM32CubeIDE/plugins/com.st.stm32cube.ide.mcu.externaltools.gnu-tools-for-stm32.13.3.rel1.win32_1.0.0.202411081344/tools/bin/../lib/gcc/arm-none-eabi/13.3.1/../../../../arm-none-eabi/lib/thumb/v7-m/nofp\libc_nano.a(libc_a-findfp.o)
 .debug_frame   0x000056f8       0x20 C:/ST/STM32CubeIDE_1.16.1/STM32CubeIDE/plugins/com.st.stm32cube.ide.mcu.externaltools.gnu-tools-for-stm32.13.3.rel1.win32_1.0.0.202411081344/tools/bin/../lib/gcc/arm-none-eabi/13.3.1/../../../../arm-none-eabi/lib/thumb/v7-m/nofp\libc_nano.a(libc_a-memset.o)
 .debug_frame   0x00005718       0x38 C:/ST/STM32CubeIDE_1.16.1/STM32CubeIDE/plugins/com.st.stm32cube.ide.mcu.externaltools.gnu-tools-for-stm32.13.3.rel1.win32_1.0.0.202411081344/tools/bin/../lib/gcc/arm-none-eabi/13.3.1/../../../../arm-none-eabi/lib/thumb/v7-m/nofp\libc_nano.a(libc_a-reent.o)
 .debug_frame   0x00005750       0x2c C:/ST/STM32CubeIDE_1.16.1/STM32CubeIDE/plugins/com.st.stm32cube.ide.mcu.externaltools.gnu-tools-for-stm32.13.3.rel1.win32_1.0.0.202411081344/tools/bin/../lib/gcc/arm-none-eabi/13.3.1/../../../../arm-none-eabi/lib/thumb/v7-m/nofp\libc_nano.a(libc_a-init.o)
 .debug_frame   0x0000577c       0xb0 C:/ST/STM32CubeIDE_1.16.1/STM32CubeIDE/plugins/com.st.stm32cube.ide.mcu.externaltools.gnu-tools-for-stm32.13.3.rel1.win32_1.0.0.202411081344/tools/bin/../lib/gcc/arm-none-eabi/13.3.1/../../../../arm-none-eabi/lib/thumb/v7-m/nofp\libc_nano.a(libc_a-lock.o)
 .debug_frame   0x0000582c       0x28 C:/ST/STM32CubeIDE_1.16.1/STM32CubeIDE/plugins/com.st.stm32cube.ide.mcu.externaltools.gnu-tools-for-stm32.13.3.rel1.win32_1.0.0.202411081344/tools/bin/../lib/gcc/arm-none-eabi/13.3.1/../../../../arm-none-eabi/lib/thumb/v7-m/nofp\libc_nano.a(libc_a-memcpy-stub.o)
 .debug_frame   0x00005854       0x38 C:/ST/STM32CubeIDE_1.16.1/STM32CubeIDE/plugins/com.st.stm32cube.ide.mcu.externaltools.gnu-tools-for-stm32.13.3.rel1.win32_1.0.0.202411081344/tools/bin/../lib/gcc/arm-none-eabi/13.3.1/../../../../arm-none-eabi/lib/thumb/v7-m/nofp\libc_nano.a(libc_a-freer.o)
 .debug_frame   0x0000588c       0x50 C:/ST/STM32CubeIDE_1.16.1/STM32CubeIDE/plugins/com.st.stm32cube.ide.mcu.externaltools.gnu-tools-for-stm32.13.3.rel1.win32_1.0.0.202411081344/tools/bin/../lib/gcc/arm-none-eabi/13.3.1/../../../../arm-none-eabi/lib/thumb/v7-m/nofp\libc_nano.a(libc_a-mallocr.o)
 .debug_frame   0x000058dc       0x30 C:/ST/STM32CubeIDE_1.16.1/STM32CubeIDE/plugins/com.st.stm32cube.ide.mcu.externaltools.gnu-tools-for-stm32.13.3.rel1.win32_1.0.0.202411081344/tools/bin/../lib/gcc/arm-none-eabi/13.3.1/../../../../arm-none-eabi/lib/thumb/v7-m/nofp\libc_nano.a(libc_a-mlock.o)

.debug_line_str
                0x00000000       0x79
 .debug_line_str
                0x00000000       0x79 ./Core/Startup/startup_stm32f103c8tx.o
