Archive member included to satisfy reference by file (symbol)

C:/ST/STM32CubeIDE_1.16.1/STM32CubeIDE/plugins/com.st.stm32cube.ide.mcu.externaltools.gnu-tools-for-stm32.13.3.rel1.win32_1.0.0.202411081344/tools/bin/../lib/gcc/arm-none-eabi/13.3.1/../../../../arm-none-eabi/lib/thumb/v7-m/nofp\libc_nano.a(libc_a-exit.o)
                              C:/ST/STM32CubeIDE_1.16.1/STM32CubeIDE/plugins/com.st.stm32cube.ide.mcu.externaltools.gnu-tools-for-stm32.13.3.rel1.win32_1.0.0.202411081344/tools/bin/../lib/gcc/arm-none-eabi/13.3.1/../../../../arm-none-eabi/lib/thumb/v7-m/nofp/crt0.o (exit)
C:/ST/STM32CubeIDE_1.16.1/STM32CubeIDE/plugins/com.st.stm32cube.ide.mcu.externaltools.gnu-tools-for-stm32.13.3.rel1.win32_1.0.0.202411081344/tools/bin/../lib/gcc/arm-none-eabi/13.3.1/../../../../arm-none-eabi/lib/thumb/v7-m/nofp\libc_nano.a(libc_a-findfp.o)
                              ./ThirdParty/tasks.o (__sf)
C:/ST/STM32CubeIDE_1.16.1/STM32CubeIDE/plugins/com.st.stm32cube.ide.mcu.externaltools.gnu-tools-for-stm32.13.3.rel1.win32_1.0.0.202411081344/tools/bin/../lib/gcc/arm-none-eabi/13.3.1/../../../../arm-none-eabi/lib/thumb/v7-m/nofp\libc_nano.a(libc_a-fwalk.o)
                              C:/ST/STM32CubeIDE_1.16.1/STM32CubeIDE/plugins/com.st.stm32cube.ide.mcu.externaltools.gnu-tools-for-stm32.13.3.rel1.win32_1.0.0.202411081344/tools/bin/../lib/gcc/arm-none-eabi/13.3.1/../../../../arm-none-eabi/lib/thumb/v7-m/nofp\libc_nano.a(libc_a-findfp.o) (_fwalk_sglue)
C:/ST/STM32CubeIDE_1.16.1/STM32CubeIDE/plugins/com.st.stm32cube.ide.mcu.externaltools.gnu-tools-for-stm32.13.3.rel1.win32_1.0.0.202411081344/tools/bin/../lib/gcc/arm-none-eabi/13.3.1/../../../../arm-none-eabi/lib/thumb/v7-m/nofp\libc_nano.a(libc_a-stdio.o)
                              C:/ST/STM32CubeIDE_1.16.1/STM32CubeIDE/plugins/com.st.stm32cube.ide.mcu.externaltools.gnu-tools-for-stm32.13.3.rel1.win32_1.0.0.202411081344/tools/bin/../lib/gcc/arm-none-eabi/13.3.1/../../../../arm-none-eabi/lib/thumb/v7-m/nofp\libc_nano.a(libc_a-findfp.o) (__sread)
C:/ST/STM32CubeIDE_1.16.1/STM32CubeIDE/plugins/com.st.stm32cube.ide.mcu.externaltools.gnu-tools-for-stm32.13.3.rel1.win32_1.0.0.202411081344/tools/bin/../lib/gcc/arm-none-eabi/13.3.1/../../../../arm-none-eabi/lib/thumb/v7-m/nofp\libc_nano.a(libc_a-memset.o)
                              C:/ST/STM32CubeIDE_1.16.1/STM32CubeIDE/plugins/com.st.stm32cube.ide.mcu.externaltools.gnu-tools-for-stm32.13.3.rel1.win32_1.0.0.202411081344/tools/bin/../lib/gcc/arm-none-eabi/13.3.1/../../../../arm-none-eabi/lib/thumb/v7-m/nofp/crt0.o (memset)
C:/ST/STM32CubeIDE_1.16.1/STM32CubeIDE/plugins/com.st.stm32cube.ide.mcu.externaltools.gnu-tools-for-stm32.13.3.rel1.win32_1.0.0.202411081344/tools/bin/../lib/gcc/arm-none-eabi/13.3.1/../../../../arm-none-eabi/lib/thumb/v7-m/nofp\libc_nano.a(libc_a-closer.o)
                              C:/ST/STM32CubeIDE_1.16.1/STM32CubeIDE/plugins/com.st.stm32cube.ide.mcu.externaltools.gnu-tools-for-stm32.13.3.rel1.win32_1.0.0.202411081344/tools/bin/../lib/gcc/arm-none-eabi/13.3.1/../../../../arm-none-eabi/lib/thumb/v7-m/nofp\libc_nano.a(libc_a-stdio.o) (_close_r)
C:/ST/STM32CubeIDE_1.16.1/STM32CubeIDE/plugins/com.st.stm32cube.ide.mcu.externaltools.gnu-tools-for-stm32.13.3.rel1.win32_1.0.0.202411081344/tools/bin/../lib/gcc/arm-none-eabi/13.3.1/../../../../arm-none-eabi/lib/thumb/v7-m/nofp\libc_nano.a(libc_a-reent.o)
                              ./ThirdParty/tasks.o (_reclaim_reent)
C:/ST/STM32CubeIDE_1.16.1/STM32CubeIDE/plugins/com.st.stm32cube.ide.mcu.externaltools.gnu-tools-for-stm32.13.3.rel1.win32_1.0.0.202411081344/tools/bin/../lib/gcc/arm-none-eabi/13.3.1/../../../../arm-none-eabi/lib/thumb/v7-m/nofp\libc_nano.a(libc_a-impure.o)
                              ./ThirdParty/tasks.o (_impure_ptr)
C:/ST/STM32CubeIDE_1.16.1/STM32CubeIDE/plugins/com.st.stm32cube.ide.mcu.externaltools.gnu-tools-for-stm32.13.3.rel1.win32_1.0.0.202411081344/tools/bin/../lib/gcc/arm-none-eabi/13.3.1/../../../../arm-none-eabi/lib/thumb/v7-m/nofp\libc_nano.a(libc_a-lseekr.o)
                              C:/ST/STM32CubeIDE_1.16.1/STM32CubeIDE/plugins/com.st.stm32cube.ide.mcu.externaltools.gnu-tools-for-stm32.13.3.rel1.win32_1.0.0.202411081344/tools/bin/../lib/gcc/arm-none-eabi/13.3.1/../../../../arm-none-eabi/lib/thumb/v7-m/nofp\libc_nano.a(libc_a-stdio.o) (_lseek_r)
C:/ST/STM32CubeIDE_1.16.1/STM32CubeIDE/plugins/com.st.stm32cube.ide.mcu.externaltools.gnu-tools-for-stm32.13.3.rel1.win32_1.0.0.202411081344/tools/bin/../lib/gcc/arm-none-eabi/13.3.1/../../../../arm-none-eabi/lib/thumb/v7-m/nofp\libc_nano.a(libc_a-readr.o)
                              C:/ST/STM32CubeIDE_1.16.1/STM32CubeIDE/plugins/com.st.stm32cube.ide.mcu.externaltools.gnu-tools-for-stm32.13.3.rel1.win32_1.0.0.202411081344/tools/bin/../lib/gcc/arm-none-eabi/13.3.1/../../../../arm-none-eabi/lib/thumb/v7-m/nofp\libc_nano.a(libc_a-stdio.o) (_read_r)
[...]
Memory Configuration

Name             Origin             Length             Attributes
RAM              0x20000000         0x00005000         xrw
FLASH            0x08000000         0x00010000         xr
*default*        0x00000000         0xffffffff

Linker script and memory map

LOAD C:/ST/STM32CubeIDE_1.16.1/STM32CubeIDE/plugins/com.st.stm32cube.ide.mcu.externaltools.gnu-tools-for-stm32.13.3.rel1.win32_1.0.0.202411081344/tools/bin/../lib/gcc/arm-none-eabi/13.3.1/thumb/v7-m/nofp/crti.o
LOAD C:/ST/STM32CubeIDE_1.16.1/STM32CubeIDE/plugins/com.st.stm32cube.ide.mcu.externaltools.gnu-tools-for-stm32.13.3.rel1.win32_1.0.0.202411081344/tools/bin/../lib/gcc/arm-none-eabi/13.3.1/thumb/v7-m/nofp/crtbegin.o
LOAD C:/ST/STM32CubeIDE_1.16.1/STM32CubeIDE/plugins/com.st.stm32cube.ide.mcu.externaltools.gnu-tools-for-stm32.13.3.rel1.win32_1.0.0.202411081344/tools/bin/../lib/gcc/arm-none-eabi/13.3.1/../../../../arm-none-eabi/lib/thumb/v7-m/nofp/crt0.o
LOAD ./Core/Src/main.o
LOAD ./Core/Src/stm32f1xx_hal_msp.o
LOAD ./Core/Src/stm32f1xx_hal_timebase_tim.o
LOAD ./Core/Src/stm32f1xx_it.o
LOAD ./Core/Src/syscalls.o
LOAD ./Core/Src/system_stm32f1xx.o
LOAD ./Core/Startup/startup_stm32f103c8tx.o
LOAD ./Drivers/STM32F1xx_HAL_Driver/Src/stm32f1xx_hal.o
LOAD ./Drivers/STM32F1xx_HAL_Driver/Src/stm32f1xx_hal_cortex.o
LOAD ./Drivers/STM32F1xx_HAL_Driver/Src/stm32f1xx_hal_dma.o
LOAD ./Drivers/STM32F1xx_HAL_Driver/Src/stm32f1xx_hal_exti.o
LOAD ./Drivers/STM32F1xx_HAL_Driver/Src/stm32f1xx_hal_flash.o
LOAD ./Drivers/STM32F1xx_HAL_Driver/Src/stm32f1xx_hal_flash_ex.o
LOAD ./Drivers/STM32F1xx_HAL_Driver/Src/stm32f1xx_hal_gpio.o
LOAD ./Drivers/STM32F1xx_HAL_Driver/Src/stm32f1xx_hal_gpio_ex.o
LOAD ./Drivers/STM32F1xx_HAL_Driver/Src/stm32f1xx_hal_pwr.o
LOAD ./Drivers/STM32F1xx_HAL_Driver/Src/stm32f1xx_hal_rcc.o
LOAD ./Drivers/STM32F1xx_HAL_Driver/Src/stm32f1xx_hal_rcc_ex.o
LOAD ./Drivers/STM32F1xx_HAL_Driver/Src/stm32f1xx_hal_tim.o
LOAD ./Drivers/STM32F1xx_HAL_Driver/Src/stm32f1xx_hal_tim_ex.o
LOAD ./ThirdParty/croutine.o
LOAD ./ThirdParty/event_groups.o
LOAD ./ThirdParty/list.o
LOAD ./ThirdParty/queue.o
LOAD ./ThirdParty/stream_buffer.o
LOAD ./ThirdParty/tasks.o
LOAD ./ThirdParty/timers.o
LOAD ./ThirdParty/portable/GCC/ARM_CM3/port.o
LOAD ./ThirdParty/portable/MemMang/heap_4.o
START GROUP
LOAD C:/ST/STM32CubeIDE_1.16.1/STM32CubeIDE/plugins/com.st.stm32cube.ide.mcu.externaltools.gnu-tools-for-stm32.13.3.rel1.win32_1.0.0.202411081344/tools/bin/../lib/gcc/arm-none-eabi/13.3.1/../../../../arm-none-eabi/lib/thumb/v7-m/nofp\libc_nano.a
LOAD C:/ST/STM32CubeIDE_1.16.1/STM32CubeIDE/plugins/com.st.stm32cube.ide.mcu.externaltools.gnu-tools-for-stm32.13.3.rel1.win32_1.0.0.202411081344/tools/bin/../lib/gcc/arm-none-eabi/13.3.1/../../../../arm-none-eabi/lib/thumb/v7-m/nofp\libm.a
END GROUP
START GROUP
LOAD C:/ST/STM32CubeIDE_1.16.1/STM32CubeIDE/plugins/com.st.stm32cube.ide.mcu.externaltools.gnu-tools-for-stm32.13.3.rel1.win32_1.0.0.202411081344/tools/bin/../lib/gcc/arm-none-eabi/13.3.1/thumb/v7-m/nofp\libgcc.a
LOAD C:/ST/STM32CubeIDE_1.16.1/STM32CubeIDE/plugins/com.st.stm32cube.ide.mcu.externaltools.gnu-tools-for-stm32.13.3.rel1.win32_1.0.0.202411081344/tools/bin/../lib/gcc/arm-none-eabi/13.3.1/../../../../arm-none-eabi/lib/thumb/v7-m/nofp\libc_nano.a
END GROUP
START GROUP
LOAD C:/ST/STM32CubeIDE_1.16.1/STM32CubeIDE/plugins/com.st.stm32cube.ide.mcu.externaltools.gnu-tools-for-stm32.13.3.rel1.win32_1.0.0.202411081344/tools/bin/../lib/gcc/arm-none-eabi/13.3.1/thumb/v7-m/nofp\libgcc.a
LOAD C:/ST/STM32CubeIDE_1.16.1/STM32CubeIDE/plugins/com.st.stm32cube.ide.mcu.externaltools.gnu-tools-for-stm32.13.3.rel1.win32_1.0.0.202411081344/tools/bin/../lib/gcc/arm-none-eabi/13.3.1/../../../../arm-none-eabi/lib/thumb/v7-m/nofp\libc_nano.a
LOAD C:/ST/STM32CubeIDE_1.16.1/STM32CubeIDE/plugins/com.st.stm32cube.ide.mcu.externaltools.gnu-tools-for-stm32.13.3.rel1.win32_1.0.0.202411081344/tools/bin/../lib/gcc/arm-none-eabi/13.3.1/../../../../arm-none-eabi/lib/thumb/v7-m/nofp\libnosys.a
END GROUP
START GROUP
LOAD C:/ST/STM32CubeIDE_1.16.1/STM32CubeIDE/plugins/com.st.stm32cube.ide.mcu.externaltools.gnu-tools-for-stm32.13.3.rel1.win32_1.0.0.202411081344/tools/bin/../lib/gcc/arm-none-eabi/13.3.1/thumb/v7-m/nofp\libgcc.a
LOAD C:/ST/STM32CubeIDE_1.16.1/STM32CubeIDE/plugins/com.st.stm32cube.ide.mcu.externaltools.gnu-tools-for-stm32.13.3.rel1.win32_1.0.0.202411081344/tools/bin/../lib/gcc/arm-none-eabi/13.3.1/../../../../arm-none-eabi/lib/thumb/v7-m/nofp\libc_nano.a
LOAD C:/ST/STM32CubeIDE_1.16.1/STM32CubeIDE/plugins/com.st.stm32cube.ide.mcu.externaltools.gnu-tools-for-stm32.13.3.rel1.win32_1.0.0.202411081344/tools/bin/../lib/gcc/arm-none-eabi/13.3.1/../../../../arm-none-eabi/lib/thumb/v7-m/nofp\libnosys.a
END GROUP
LOAD C:/ST/STM32CubeIDE_1.16.1/STM32CubeIDE/plugins/com.st.stm32cube.ide.mcu.externaltools.gnu-tools-for-stm32.13.3.rel1.win32_1.0.0.202411081344/tools/bin/../lib/gcc/arm-none-eabi/13.3.1/thumb/v7-m/nofp/crtend.o
LOAD C:/ST/STM32CubeIDE_1.16.1/STM32CubeIDE/plugins/com.st.stm32cube.ide.mcu.externaltools.gnu-tools-for-stm32.13.3.rel1.win32_1.0.0.202411081344/tools/bin/../lib/gcc/arm-none-eabi/13.3.1/thumb/v7-m/nofp/crtn.o
                0x20005000                        _estack = (ORIGIN (RAM) + LENGTH (RAM))
                0x00000200                        _Min_Heap_Size = 0x200
                0x00000400                        _Min_Stack_Size = 0x400

.isr_vector     0x08000000      0x10c
                0x08000000                        . = ALIGN (0x4)
 *(.isr_vector)
 .isr_vector    0x08000000      0x10c ./Core/Startup/startup_stm32f103c8tx.o
                0x08000000                g_pfnVectors
                0x0800010c                        . = ALIGN (0x4)

.text           0x08000110     0x2aa8
                0x08000110                        . = ALIGN (0x4)
 *(.text)
 .text          0x08000110       0x40 C:/ST/STM32CubeIDE_1.16.1/STM32CubeIDE/plugins/com.st.stm32cube.ide.mcu.externaltools.gnu-tools-for-stm32.13.3.rel1.win32_1.0.0.202411081344/tools/bin/../lib/gcc/arm-none-eabi/13.3.1/thumb/v7-m/nofp/crtbegin.o
 *(.text*)
 .text.main     0x08000150       0xe0 ./Core/Src/main.o
                0x08000150                main
 .text.SystemClock_Config
                0x08000230       0x76 ./Core/Src/main.o
                0x08000230                SystemClock_Config
 *fill*         0x080002a6        0x2 
 .text.MX_GPIO_Init
                0x080002a8       0x9c ./Core/Src/main.o
 .text.task1_handler
                0x08000344       0x20 ./Core/Src/main.o
                0x08000344                task1_handler
 .text.task2_handler
                0x08000364       0x20 ./Core/Src/main.o
                0x08000364                task2_handler
 .text.task3_handler
                0x08000384       0x20 ./Core/Src/main.o
                0x08000384                task3_handler
 .text.HAL_TIM_PeriodElapsedCallback
                0x080003a4       0x24 ./Core/Src/main.o
                0x080003a4                HAL_TIM_PeriodElapsedCallback
 .text.Error_Handler
                0x080003c8        0xc ./Core/Src/main.o
                0x080003c8                Error_Handler
 .text.HAL_MspInit
                0x080003d4       0x64 ./Core/Src/stm32f1xx_hal_msp.o
                0x080003d4                HAL_MspInit
 .text.HAL_InitTick
                0x08000438       0xfc ./Core/Src/stm32f1xx_hal_timebase_tim.o
                0x08000438                HAL_InitTick
 .text.NMI_Handler
                0x08000534        0x8 ./Core/Src/stm32f1xx_it.o
                0x08000534                NMI_Handler
 .text.HardFault_Handler
                0x0800053c        0x8 ./Core/Src/stm32f1xx_it.o
                0x0800053c                HardFault_Handler
 .text.MemManage_Handler
                0x08000544        0x8 ./Core/Src/stm32f1xx_it.o
                0x08000544                MemManage_Handler
 .text.BusFault_Handler
                0x0800054c        0x8 ./Core/Src/stm32f1xx_it.o
                0x0800054c                BusFault_Handler
 .text.UsageFault_Handler
                0x08000554        0x8 ./Core/Src/stm32f1xx_it.o
                0x08000554                UsageFault_Handler
 .text.DebugMon_Handler
                0x0800055c        0xc ./Core/Src/stm32f1xx_it.o
                0x0800055c                DebugMon_Handler
 .text.TIM4_IRQHandler
                0x08000568       0x14 ./Core/Src/stm32f1xx_it.o
                0x08000568                TIM4_IRQHandler
 .text.SystemInit
                0x0800057c        0xc ./Core/Src/system_stm32f1xx.o
                0x0800057c                SystemInit
 .text.Reset_Handler
                0x08000588       0x48 ./Core/Startup/startup_stm32f103c8tx.o
                0x08000588                Reset_Handler
 .text.Default_Handler
                0x080005d0        0x2 ./Core/Startup/startup_stm32f103c8tx.o
                0x080005d0                RTC_Alarm_IRQHandler
                0x080005d0                EXTI2_IRQHandler
                0x080005d0                TIM1_CC_IRQHandler
                0x080005d0                PVD_IRQHandler
                0x080005d0                EXTI3_IRQHandler
                0x080005d0                EXTI0_IRQHandler
                0x080005d0                I2C2_EV_IRQHandler
                0x080005d0                ADC1_2_IRQHandler
                0x080005d0                SPI1_IRQHandler
                0x080005d0                TAMPER_IRQHandler
                0x080005d0                DMA1_Channel4_IRQHandler
                0x080005d0                USART3_IRQHandler
                0x080005d0                RTC_IRQHandler
                0x080005d0                DMA1_Channel7_IRQHandler
                0x080005d0                CAN1_RX1_IRQHandler
                0x080005d0                I2C1_EV_IRQHandler
                0x080005d0                DMA1_Channel6_IRQHandler
                0x080005d0                TIM3_IRQHandler
                0x080005d0                RCC_IRQHandler
                0x080005d0                TIM1_TRG_COM_IRQHandler
                0x080005d0                DMA1_Channel1_IRQHandler
                0x080005d0                Default_Handler
                0x080005d0                EXTI15_10_IRQHandler
                0x080005d0                EXTI9_5_IRQHandler
                0x080005d0                SPI2_IRQHandler
                0x080005d0                DMA1_Channel5_IRQHandler
                0x080005d0                EXTI4_IRQHandler
                0x080005d0                USB_LP_CAN1_RX0_IRQHandler
                0x080005d0                USB_HP_CAN1_TX_IRQHandler
                0x080005d0                DMA1_Channel3_IRQHandler
                0x080005d0                TIM1_UP_IRQHandler
                0x080005d0                WWDG_IRQHandler
                0x080005d0                TIM2_IRQHandler
                0x080005d0                TIM1_BRK_IRQHandler
                0x080005d0                EXTI1_IRQHandler
                0x080005d0                USART2_IRQHandler
                0x080005d0                I2C2_ER_IRQHandler
                0x080005d0                DMA1_Channel2_IRQHandler
                0x080005d0                CAN1_SCE_IRQHandler
                0x080005d0                FLASH_IRQHandler
                0x080005d0                USART1_IRQHandler
                0x080005d0                I2C1_ER_IRQHandler
                0x080005d0                USBWakeUp_IRQHandler
 *fill*         0x080005d2        0x2 
 .text.HAL_Init
                0x080005d4       0x2c ./Drivers/STM32F1xx_HAL_Driver/Src/stm32f1xx_hal.o
                0x080005d4                HAL_Init
 .text.HAL_IncTick
                0x08000600       0x24 ./Drivers/STM32F1xx_HAL_Driver/Src/stm32f1xx_hal.o
                0x08000600                HAL_IncTick
 .text.HAL_GetTick
                0x08000624       0x14 ./Drivers/STM32F1xx_HAL_Driver/Src/stm32f1xx_hal.o
                0x08000624                HAL_GetTick
 .text.__NVIC_SetPriorityGrouping
                0x08000638       0x48 ./Drivers/STM32F1xx_HAL_Driver/Src/stm32f1xx_hal_cortex.o
 .text.__NVIC_GetPriorityGrouping
                0x08000680       0x1c ./Drivers/STM32F1xx_HAL_Driver/Src/stm32f1xx_hal_cortex.o
 .text.__NVIC_EnableIRQ
                0x0800069c       0x38 ./Drivers/STM32F1xx_HAL_Driver/Src/stm32f1xx_hal_cortex.o
 .text.__NVIC_SetPriority
                0x080006d4       0x54 ./Drivers/STM32F1xx_HAL_Driver/Src/stm32f1xx_hal_cortex.o
 .text.NVIC_EncodePriority
                0x08000728       0x64 ./Drivers/STM32F1xx_HAL_Driver/Src/stm32f1xx_hal_cortex.o
 .text.HAL_NVIC_SetPriorityGrouping
                0x0800078c       0x16 ./Drivers/STM32F1xx_HAL_Driver/Src/stm32f1xx_hal_cortex.o
                0x0800078c                HAL_NVIC_SetPriorityGrouping
 .text.HAL_NVIC_SetPriority
                0x080007a2       0x38 ./Drivers/STM32F1xx_HAL_Driver/Src/stm32f1xx_hal_cortex.o
                0x080007a2                HAL_NVIC_SetPriority
 .text.HAL_NVIC_EnableIRQ
                0x080007da       0x1c ./Drivers/STM32F1xx_HAL_Driver/Src/stm32f1xx_hal_cortex.o
                0x080007da                HAL_NVIC_EnableIRQ
 *fill*         0x080007f6        0x2 
 .text.HAL_GPIO_Init
                0x080007f8      0x308 ./Drivers/STM32F1xx_HAL_Driver/Src/stm32f1xx_hal_gpio.o
                0x080007f8                HAL_GPIO_Init
 .text.HAL_GPIO_WritePin
                0x08000b00       0x30 ./Drivers/STM32F1xx_HAL_Driver/Src/stm32f1xx_hal_gpio.o
                0x08000b00                HAL_GPIO_WritePin
 .text.HAL_GPIO_TogglePin
                0x08000b30       0x32 ./Drivers/STM32F1xx_HAL_Driver/Src/stm32f1xx_hal_gpio.o
                0x08000b30                HAL_GPIO_TogglePin
 *fill*         0x08000b62        0x2 
 .text.HAL_RCC_OscConfig
                0x08000b64      0x504 ./Drivers/STM32F1xx_HAL_Driver/Src/stm32f1xx_hal_rcc.o
                0x08000b64                HAL_RCC_OscConfig
 .text.HAL_RCC_ClockConfig
                0x08001068      0x1d4 ./Drivers/STM32F1xx_HAL_Driver/Src/stm32f1xx_hal_rcc.o
                0x08001068                HAL_RCC_ClockConfig
 .text.HAL_RCC_GetSysClockFreq
                0x0800123c       0xa8 ./Drivers/STM32F1xx_HAL_Driver/Src/stm32f1xx_hal_rcc.o
                0x0800123c                HAL_RCC_GetSysClockFreq
 .text.HAL_RCC_GetHCLKFreq
                0x080012e4       0x14 ./Drivers/STM32F1xx_HAL_Driver/Src/stm32f1xx_hal_rcc.o
                0x080012e4                HAL_RCC_GetHCLKFreq
 .text.HAL_RCC_GetPCLK1Freq
                0x080012f8       0x28 ./Drivers/STM32F1xx_HAL_Driver/Src/stm32f1xx_hal_rcc.o
                0x080012f8                HAL_RCC_GetPCLK1Freq
 .text.HAL_RCC_GetClockConfig
                0x08001320       0x60 ./Drivers/STM32F1xx_HAL_Driver/Src/stm32f1xx_hal_rcc.o
                0x08001320                HAL_RCC_GetClockConfig
 .text.RCC_Delay
                0x08001380       0x3c ./Drivers/STM32F1xx_HAL_Driver/Src/stm32f1xx_hal_rcc.o
 .text.HAL_TIM_Base_Init
                0x080013bc       0x9e ./Drivers/STM32F1xx_HAL_Driver/Src/stm32f1xx_hal_tim.o
                0x080013bc                HAL_TIM_Base_Init
 .text.HAL_TIM_Base_MspInit
                0x0800145a       0x12 ./Drivers/STM32F1xx_HAL_Driver/Src/stm32f1xx_hal_tim.o
                0x0800145a                HAL_TIM_Base_MspInit
 .text.HAL_TIM_Base_Start_IT
                0x0800146c       0xa4 ./Drivers/STM32F1xx_HAL_Driver/Src/stm32f1xx_hal_tim.o
                0x0800146c                HAL_TIM_Base_Start_IT
 .text.HAL_TIM_IRQHandler
                0x08001510      0x1e0 ./Drivers/STM32F1xx_HAL_Driver/Src/stm32f1xx_hal_tim.o
                0x08001510                HAL_TIM_IRQHandler
 .text.HAL_TIM_OC_DelayElapsedCallback
                0x080016f0       0x12 ./Drivers/STM32F1xx_HAL_Driver/Src/stm32f1xx_hal_tim.o
                0x080016f0                HAL_TIM_OC_DelayElapsedCallback
 .text.HAL_TIM_IC_CaptureCallback
                0x08001702       0x12 ./Drivers/STM32F1xx_HAL_Driver/Src/stm32f1xx_hal_tim.o
                0x08001702                HAL_TIM_IC_CaptureCallback
 .text.HAL_TIM_PWM_PulseFinishedCallback
                0x08001714       0x12 ./Drivers/STM32F1xx_HAL_Driver/Src/stm32f1xx_hal_tim.o
                0x08001714                HAL_TIM_PWM_PulseFinishedCallback
 .text.HAL_TIM_TriggerCallback
                0x08001726       0x12 ./Drivers/STM32F1xx_HAL_Driver/Src/stm32f1xx_hal_tim.o
                0x08001726                HAL_TIM_TriggerCallback
 .text.TIM_Base_SetConfig
                0x08001738       0xdc ./Drivers/STM32F1xx_HAL_Driver/Src/stm32f1xx_hal_tim.o
                0x08001738                TIM_Base_SetConfig
 .text.HAL_TIMEx_CommutCallback
                0x08001814       0x12 ./Drivers/STM32F1xx_HAL_Driver/Src/stm32f1xx_hal_tim_ex.o
                0x08001814                HAL_TIMEx_CommutCallback
 .text.HAL_TIMEx_BreakCallback
                0x08001826       0x12 ./Drivers/STM32F1xx_HAL_Driver/Src/stm32f1xx_hal_tim_ex.o
                0x08001826                HAL_TIMEx_BreakCallback
 .text.vListInitialise
                0x08001838       0x3e ./ThirdParty/list.o
                0x08001838                vListInitialise
 .text.vListInitialiseItem
                0x08001876       0x18 ./ThirdParty/list.o
                0x08001876                vListInitialiseItem
 .text.vListInsertEnd
                0x0800188e       0x46 ./ThirdParty/list.o
                0x0800188e                vListInsertEnd
 .text.vListInsert
                0x080018d4       0x70 ./ThirdParty/list.o
                0x080018d4                vListInsert
 .text.uxListRemove
                0x08001944       0x52 ./ThirdParty/list.o
                0x08001944                uxListRemove
 .text.xTaskCreate
                0x08001996       0x82 ./ThirdParty/tasks.o
                0x08001996                xTaskCreate
 .text.prvInitialiseNewTask
                0x08001a18      0x14c ./ThirdParty/tasks.o
 .text.prvAddNewTaskToReadyList
                0x08001b64       0xd4 ./ThirdParty/tasks.o
 .text.vTaskDelay
                0x08001c38       0x6c ./ThirdParty/tasks.o
                0x08001c38                vTaskDelay
 .text.vTaskStartScheduler
                0x08001ca4       0xac ./ThirdParty/tasks.o
                0x08001ca4                vTaskStartScheduler
 .text.vTaskSuspendAll
                0x08001d50       0x1c ./ThirdParty/tasks.o
                0x08001d50                vTaskSuspendAll
 .text.xTaskResumeAll
                0x08001d6c      0x13c ./ThirdParty/tasks.o
                0x08001d6c                xTaskResumeAll
 .text.xTaskIncrementTick
                0x08001ea8      0x174 ./ThirdParty/tasks.o
                0x08001ea8                xTaskIncrementTick
 .text.vTaskSwitchContext
                0x0800201c       0xc4 ./ThirdParty/tasks.o
                0x0800201c                vTaskSwitchContext
 .text.prvIdleTask
                0x080020e0       0x30 ./ThirdParty/tasks.o
 .text.prvInitialiseTaskLists
                0x08002110       0x80 ./ThirdParty/tasks.o
 .text.prvCheckTasksWaitingTermination
                0x08002190       0x5c ./ThirdParty/tasks.o
 .text.prvDeleteTCB
                0x080021ec       0x2a ./ThirdParty/tasks.o
 *fill*         0x08002216        0x2 
 .text.prvResetNextTaskUnblockTime
                0x08002218       0x34 ./ThirdParty/tasks.o
 .text.prvAddCurrentTaskToDelayedList
                0x0800224c       0xcc ./ThirdParty/tasks.o
 .text.pxPortInitialiseStack
                0x08002318       0x58 ./ThirdParty/portable/GCC/ARM_CM3/port.o
                0x08002318                pxPortInitialiseStack
 .text.prvTaskExitError
                0x08002370       0x58 ./ThirdParty/portable/GCC/ARM_CM3/port.o
 *fill*         0x080023c8        0x8 
 .text.SVC_Handler
                0x080023d0       0x28 ./ThirdParty/portable/GCC/ARM_CM3/port.o
                0x080023d0                SVC_Handler
 .text.prvPortStartFirstTask
                0x080023f8       0x24 ./ThirdParty/portable/GCC/ARM_CM3/port.o
 .text.xPortStartScheduler
                0x0800241c       0x40 ./ThirdParty/portable/GCC/ARM_CM3/port.o
                0x0800241c                xPortStartScheduler
 .text.vPortEnterCritical
                0x0800245c       0x60 ./ThirdParty/portable/GCC/ARM_CM3/port.o
                0x0800245c                vPortEnterCritical
 .text.vPortExitCritical
                0x080024bc       0x54 ./ThirdParty/portable/GCC/ARM_CM3/port.o
                0x080024bc                vPortExitCritical
 .text.PendSV_Handler
                0x08002510       0x48 ./ThirdParty/portable/GCC/ARM_CM3/port.o
                0x08002510                PendSV_Handler
 .text.SysTick_Handler
                0x08002558       0x44 ./ThirdParty/portable/GCC/ARM_CM3/port.o
                0x08002558                SysTick_Handler
 .text.vPortSetupTimerInterrupt
                0x0800259c       0x44 ./ThirdParty/portable/GCC/ARM_CM3/port.o
                0x0800259c                vPortSetupTimerInterrupt
 .text.pvPortMalloc
                0x080025e0      0x1c4 ./ThirdParty/portable/MemMang/heap_4.o
                0x080025e0                pvPortMalloc
 .text.vPortFree
                0x080027a4       0xc8 ./ThirdParty/portable/MemMang/heap_4.o
                0x080027a4                vPortFree
 .text.prvHeapInit
                0x0800286c       0xc4 ./ThirdParty/portable/MemMang/heap_4.o
 .text.prvInsertBlockIntoFreeList
                0x08002930       0xb0 ./ThirdParty/portable/MemMang/heap_4.o
 .text.memset   0x080029e0       0x10 C:/ST/STM32CubeIDE_1.16.1/STM32CubeIDE/plugins/com.st.stm32cube.ide.mcu.externaltools.gnu-tools-for-stm32.13.3.rel1.win32_1.0.0.202411081344/tools/bin/../lib/gcc/arm-none-eabi/13.3.1/../../../../arm-none-eabi/lib/thumb/v7-m/nofp\libc_nano.a(libc_a-memset.o)
                0x080029e0                memset
 .text._reclaim_reent
                0x080029f0       0xbc C:/ST/STM32CubeIDE_1.16.1/STM32CubeIDE/plugins/com.st.stm32cube.ide.mcu.externaltools.gnu-tools-for-stm32.13.3.rel1.win32_1.0.0.202411081344/tools/bin/../lib/gcc/arm-none-eabi/13.3.1/../../../../arm-none-eabi/lib/thumb/v7-m/nofp\libc_nano.a(libc_a-reent.o)
                0x080029f0                _reclaim_reent
 .text.__libc_init_array
                0x08002aac       0x48 C:/ST/STM32CubeIDE_1.16.1/STM32CubeIDE/plugins/com.st.stm32cube.ide.mcu.externaltools.gnu-tools-for-stm32.13.3.rel1.win32_1.0.0.202411081344/tools/bin/../lib/gcc/arm-none-eabi/13.3.1/../../../../arm-none-eabi/lib/thumb/v7-m/nofp\libc_nano.a(libc_a-init.o)
                0x08002aac                __libc_init_array
 .text.__retarget_lock_acquire_recursive
                0x08002af4        0x2 C:/ST/STM32CubeIDE_1.16.1/STM32CubeIDE/plugins/com.st.stm32cube.ide.mcu.externaltools.gnu-tools-for-stm32.13.3.rel1.win32_1.0.0.202411081344/tools/bin/../lib/gcc/arm-none-eabi/13.3.1/../../../../arm-none-eabi/lib/thumb/v7-m/nofp\libc_nano.a(libc_a-lock.o)
                0x08002af4                __retarget_lock_acquire_recursive
 .text.__retarget_lock_release_recursive
                0x08002af6        0x2 C:/ST/STM32CubeIDE_1.16.1/STM32CubeIDE/plugins/com.st.stm32cube.ide.mcu.externaltools.gnu-tools-for-stm32.13.3.rel1.win32_1.0.0.202411081344/tools/bin/../lib/gcc/arm-none-eabi/13.3.1/../../../../arm-none-eabi/lib/thumb/v7-m/nofp\libc_nano.a(libc_a-lock.o)
                0x08002af6                __retarget_lock_release_recursive
 .text._free_r  0x08002af8       0x90 C:/ST/STM32CubeIDE_1.16.1/STM32CubeIDE/plugins/com.st.stm32cube.ide.mcu.externaltools.gnu-tools-for-stm32.13.3.rel1.win32_1.0.0.202411081344/tools/bin/../lib/gcc/arm-none-eabi/13.3.1/../../../../arm-none-eabi/lib/thumb/v7-m/nofp\libc_nano.a(libc_a-freer.o)
                0x08002af8                _free_r
 .text.__malloc_lock
                0x08002b88        0xc C:/ST/STM32CubeIDE_1.16.1/STM32CubeIDE/plugins/com.st.stm32cube.ide.mcu.externaltools.gnu-tools-for-stm32.13.3.rel1.win32_1.0.0.202411081344/tools/bin/../lib/gcc/arm-none-eabi/13.3.1/../../../../arm-none-eabi/lib/thumb/v7-m/nofp\libc_nano.a(libc_a-mlock.o)
                0x08002b88                __malloc_lock
 .text.__malloc_unlock
                0x08002b94        0xc C:/ST/STM32CubeIDE_1.16.1/STM32CubeIDE/plugins/com.st.stm32cube.ide.mcu.externaltools.gnu-tools-for-stm32.13.3.rel1.win32_1.0.0.202411081344/tools/bin/../lib/gcc/arm-none-eabi/13.3.1/../../../../arm-none-eabi/lib/thumb/v7-m/nofp\libc_nano.a(libc_a-mlock.o)
                0x08002b94                __malloc_unlock
 *(.glue_7)
 .glue_7        0x08002ba0        0x0 linker stubs
 *(.glue_7t)
 .glue_7t       0x08002ba0        0x0 linker stubs
 *(.eh_frame)
 .eh_frame      0x08002ba0        0x0 C:/ST/STM32CubeIDE_1.16.1/STM32CubeIDE/plugins/com.st.stm32cube.ide.mcu.externaltools.gnu-tools-for-stm32.13.3.rel1.win32_1.0.0.202411081344/tools/bin/../lib/gcc/arm-none-eabi/13.3.1/thumb/v7-m/nofp/crtbegin.o
 *(.init)
 .init          0x08002ba0        0x4 C:/ST/STM32CubeIDE_1.16.1/STM32CubeIDE/plugins/com.st.stm32cube.ide.mcu.externaltools.gnu-tools-for-stm32.13.3.rel1.win32_1.0.0.202411081344/tools/bin/../lib/gcc/arm-none-eabi/13.3.1/thumb/v7-m/nofp/crti.o
                0x08002ba0                _init
 .init          0x08002ba4        0x8 C:/ST/STM32CubeIDE_1.16.1/STM32CubeIDE/plugins/com.st.stm32cube.ide.mcu.externaltools.gnu-tools-for-stm32.13.3.rel1.win32_1.0.0.202411081344/tools/bin/../lib/gcc/arm-none-eabi/13.3.1/thumb/v7-m/nofp/crtn.o
 *(.fini)
 .fini          0x08002bac        0x4 C:/ST/STM32CubeIDE_1.16.1/STM32CubeIDE/plugins/com.st.stm32cube.ide.mcu.externaltools.gnu-tools-for-stm32.13.3.rel1.win32_1.0.0.202411081344/tools/bin/../lib/gcc/arm-none-eabi/13.3.1/thumb/v7-m/nofp/crti.o
                0x08002bac                _fini
 .fini          0x08002bb0        0x8 C:/ST/STM32CubeIDE_1.16.1/STM32CubeIDE/plugins/com.st.stm32cube.ide.mcu.externaltools.gnu-tools-for-stm32.13.3.rel1.win32_1.0.0.202411081344/tools/bin/../lib/gcc/arm-none-eabi/13.3.1/thumb/v7-m/nofp/crtn.o
                0x08002bb8                        . = ALIGN (0x4)
                0x08002bb8                        _etext = .

.vfp11_veneer   0x08002bb8        0x0
 .vfp11_veneer  0x08002bb8        0x0 linker stubs

.v4_bx          0x08002bb8        0x0
 .v4_bx         0x08002bb8        0x0 linker stubs

.iplt           0x08002bb8        0x0
 .iplt          0x08002bb8        0x0 C:/ST/STM32CubeIDE_1.16.1/STM32CubeIDE/plugins/com.st.stm32cube.ide.mcu.externaltools.gnu-tools-for-stm32.13.3.rel1.win32_1.0.0.202411081344/tools/bin/../lib/gcc/arm-none-eabi/13.3.1/thumb/v7-m/nofp/crtbegin.o

.rodata         0x08002bb8       0x50
                0x08002bb8                        . = ALIGN (0x4)
 *(.rodata)
 .rodata        0x08002bb8       0x16 ./Core/Src/main.o
 *fill*         0x08002bce        0x2 
 .rodata        0x08002bd0        0x5 ./ThirdParty/tasks.o
 *(.rodata*)
 *fill*         0x08002bd5        0x3 
 .rodata.AHBPrescTable
                0x08002bd8       0x10 ./Core/Src/system_stm32f1xx.o
                0x08002bd8                AHBPrescTable
 .rodata.APBPrescTable
                0x08002be8        0x8 ./Core/Src/system_stm32f1xx.o
                0x08002be8                APBPrescTable
 .rodata.aPLLMULFactorTable.1
                0x08002bf0       0x10 ./Drivers/STM32F1xx_HAL_Driver/Src/stm32f1xx_hal_rcc.o
 .rodata.aPredivFactorTable.0
                0x08002c00        0x2 ./Drivers/STM32F1xx_HAL_Driver/Src/stm32f1xx_hal_rcc.o
 *fill*         0x08002c02        0x2 
 .rodata.uxTopUsedPriority
                0x08002c04        0x4 ./ThirdParty/tasks.o
                0x08002c04                uxTopUsedPriority
                0x08002c08                        . = ALIGN (0x4)

.ARM.extab      0x08002c08        0x0
                0x08002c08                        . = ALIGN (0x4)
 *(.ARM.extab* .gnu.linkonce.armextab.*)
                0x08002c08                        . = ALIGN (0x4)

.ARM            0x08002c08        0x0
                0x08002c08                        . = ALIGN (0x4)
                0x08002c08                        __exidx_start = .
 *(.ARM.exidx*)
                0x08002c08                        __exidx_end = .
                0x08002c08                        . = ALIGN (0x4)

.preinit_array  0x08002c08        0x0
                0x08002c08                        . = ALIGN (0x4)
                0x08002c08                        PROVIDE (__preinit_array_start = .)
 *(.preinit_array*)
                0x08002c08                        PROVIDE (__preinit_array_end = .)
                0x08002c08                        . = ALIGN (0x4)

.init_array     0x08002c08        0x4
                0x08002c08                        . = ALIGN (0x4)
                0x08002c08                        PROVIDE (__init_array_start = .)
 *(SORT_BY_NAME(.init_array.*))
 *(.init_array*)
 .init_array    0x08002c08        0x4 C:/ST/STM32CubeIDE_1.16.1/STM32CubeIDE/plugins/com.st.stm32cube.ide.mcu.externaltools.gnu-tools-for-stm32.13.3.rel1.win32_1.0.0.202411081344/tools/bin/../lib/gcc/arm-none-eabi/13.3.1/thumb/v7-m/nofp/crtbegin.o
                0x08002c0c                        PROVIDE (__init_array_end = .)
                0x08002c0c                        . = ALIGN (0x4)

.fini_array     0x08002c0c        0x4
                0x08002c0c                        . = ALIGN (0x4)
                [!provide]                        PROVIDE (__fini_array_start = .)
 *(SORT_BY_NAME(.fini_array.*))
 *(.fini_array*)
 .fini_array    0x08002c0c        0x4 C:/ST/STM32CubeIDE_1.16.1/STM32CubeIDE/plugins/com.st.stm32cube.ide.mcu.externaltools.gnu-tools-for-stm32.13.3.rel1.win32_1.0.0.202411081344/tools/bin/../lib/gcc/arm-none-eabi/13.3.1/thumb/v7-m/nofp/crtbegin.o
                [!provide]                        PROVIDE (__fini_array_end = .)
                0x08002c10                        . = ALIGN (0x4)
                0x08002c10                        _sidata = LOADADDR (.data)

.rel.dyn        0x08002c10        0x0
 .rel.iplt      0x08002c10        0x0 C:/ST/STM32CubeIDE_1.16.1/STM32CubeIDE/plugins/com.st.stm32cube.ide.mcu.externaltools.gnu-tools-for-stm32.13.3.rel1.win32_1.0.0.202411081344/tools/bin/../lib/gcc/arm-none-eabi/13.3.1/thumb/v7-m/nofp/crtbegin.o

.data           0x20000000       0x60 load address 0x08002c10
                0x20000000                        . = ALIGN (0x4)
                0x20000000                        _sdata = .
 *(.data)
 *(.data*)
 .data.SystemCoreClock
                0x20000000        0x4 ./Core/Src/system_stm32f1xx.o
                0x20000000                SystemCoreClock
 .data.uwTickPrio
                0x20000004        0x4 ./Drivers/STM32F1xx_HAL_Driver/Src/stm32f1xx_hal.o
                0x20000004                uwTickPrio
 .data.uwTickFreq
                0x20000008        0x1 ./Drivers/STM32F1xx_HAL_Driver/Src/stm32f1xx_hal.o
                0x20000008                uwTickFreq
 *fill*         0x20000009        0x3 
 .data.uxCriticalNesting
                0x2000000c        0x4 ./ThirdParty/portable/GCC/ARM_CM3/port.o
 .data._impure_ptr
                0x20000010        0x4 C:/ST/STM32CubeIDE_1.16.1/STM32CubeIDE/plugins/com.st.stm32cube.ide.mcu.externaltools.gnu-tools-for-stm32.13.3.rel1.win32_1.0.0.202411081344/tools/bin/../lib/gcc/arm-none-eabi/13.3.1/../../../../arm-none-eabi/lib/thumb/v7-m/nofp\libc_nano.a(libc_a-impure.o)
                0x20000010                _impure_ptr
 .data._impure_data
                0x20000014       0x4c C:/ST/STM32CubeIDE_1.16.1/STM32CubeIDE/plugins/com.st.stm32cube.ide.mcu.externaltools.gnu-tools-for-stm32.13.3.rel1.win32_1.0.0.202411081344/tools/bin/../lib/gcc/arm-none-eabi/13.3.1/../../../../arm-none-eabi/lib/thumb/v7-m/nofp\libc_nano.a(libc_a-impure.o)
                0x20000014                _impure_data
 *(.RamFunc)
 *(.RamFunc*)
                0x20000060                        . = ALIGN (0x4)
                0x20000060                        _edata = .

.igot.plt       0x20000060        0x0 load address 0x08002c70
 .igot.plt      0x20000060        0x0 C:/ST/STM32CubeIDE_1.16.1/STM32CubeIDE/plugins/com.st.stm32cube.ide.mcu.externaltools.gnu-tools-for-stm32.13.3.rel1.win32_1.0.0.202411081344/tools/bin/../lib/gcc/arm-none-eabi/13.3.1/thumb/v7-m/nofp/crtbegin.o
                0x20000060                        . = ALIGN (0x4)

.bss            0x20000060      0xef4 load address 0x08002c70
                0x20000060                        _sbss = .
                0x20000060                        __bss_start__ = _sbss
 *(.bss)
 .bss           0x20000060       0x1c C:/ST/STM32CubeIDE_1.16.1/STM32CubeIDE/plugins/com.st.stm32cube.ide.mcu.externaltools.gnu-tools-for-stm32.13.3.rel1.win32_1.0.0.202411081344/tools/bin/../lib/gcc/arm-none-eabi/13.3.1/thumb/v7-m/nofp/crtbegin.o
 *(.bss*)
 .bss.htim4     0x2000007c       0x48 ./Core/Src/stm32f1xx_hal_timebase_tim.o
                0x2000007c                htim4
 .bss.uwTick    0x200000c4        0x4 ./Drivers/STM32F1xx_HAL_Driver/Src/stm32f1xx_hal.o
                0x200000c4                uwTick
 .bss.pxCurrentTCB
                0x200000c8        0x4 ./ThirdParty/tasks.o
                0x200000c8                pxCurrentTCB
 .bss.pxReadyTasksLists
                0x200000cc       0x8c ./ThirdParty/tasks.o
 .bss.xDelayedTaskList1
                0x20000158       0x14 ./ThirdParty/tasks.o
 .bss.xDelayedTaskList2
                0x2000016c       0x14 ./ThirdParty/tasks.o
 .bss.pxDelayedTaskList
                0x20000180        0x4 ./ThirdParty/tasks.o
 .bss.pxOverflowDelayedTaskList
                0x20000184        0x4 ./ThirdParty/tasks.o
 .bss.xPendingReadyList
                0x20000188       0x14 ./ThirdParty/tasks.o
 .bss.xTasksWaitingTermination
                0x2000019c       0x14 ./ThirdParty/tasks.o
 .bss.uxDeletedTasksWaitingCleanUp
                0x200001b0        0x4 ./ThirdParty/tasks.o
 .bss.xSuspendedTaskList
                0x200001b4       0x14 ./ThirdParty/tasks.o
 .bss.uxCurrentNumberOfTasks
                0x200001c8        0x4 ./ThirdParty/tasks.o
 .bss.xTickCount
                0x200001cc        0x4 ./ThirdParty/tasks.o
 .bss.uxTopReadyPriority
                0x200001d0        0x4 ./ThirdParty/tasks.o
 .bss.xSchedulerRunning
                0x200001d4        0x4 ./ThirdParty/tasks.o
 .bss.xPendedTicks
                0x200001d8        0x4 ./ThirdParty/tasks.o
 .bss.xYieldPending
                0x200001dc        0x4 ./ThirdParty/tasks.o
 .bss.xNumOfOverflows
                0x200001e0        0x4 ./ThirdParty/tasks.o
 .bss.uxTaskNumber
                0x200001e4        0x4 ./ThirdParty/tasks.o
 .bss.xNextTaskUnblockTime
                0x200001e8        0x4 ./ThirdParty/tasks.o
 .bss.xIdleTaskHandle
                0x200001ec        0x4 ./ThirdParty/tasks.o
 .bss.uxSchedulerSuspended
                0x200001f0        0x4 ./ThirdParty/tasks.o
 .bss.ucHeap    0x200001f4      0xc00 ./ThirdParty/portable/MemMang/heap_4.o
 .bss.xStart    0x20000df4        0x8 ./ThirdParty/portable/MemMang/heap_4.o
 .bss.pxEnd     0x20000dfc        0x4 ./ThirdParty/portable/MemMang/heap_4.o
 .bss.xFreeBytesRemaining
                0x20000e00        0x4 ./ThirdParty/portable/MemMang/heap_4.o
 .bss.xMinimumEverFreeBytesRemaining
                0x20000e04        0x4 ./ThirdParty/portable/MemMang/heap_4.o
 .bss.xNumberOfSuccessfulAllocations
                0x20000e08        0x4 ./ThirdParty/portable/MemMang/heap_4.o
 .bss.xNumberOfSuccessfulFrees
                0x20000e0c        0x4 ./ThirdParty/portable/MemMang/heap_4.o
 .bss.xBlockAllocatedBit
                0x20000e10        0x4 ./ThirdParty/portable/MemMang/heap_4.o
 .bss.__sf      0x20000e14      0x138 C:/ST/STM32CubeIDE_1.16.1/STM32CubeIDE/plugins/com.st.stm32cube.ide.mcu.externaltools.gnu-tools-for-stm32.13.3.rel1.win32_1.0.0.202411081344/tools/bin/../lib/gcc/arm-none-eabi/13.3.1/../../../../arm-none-eabi/lib/thumb/v7-m/nofp\libc_nano.a(libc_a-findfp.o)
                0x20000e14                __sf
 .bss.__lock___malloc_recursive_mutex
                0x20000f4c        0x1 C:/ST/STM32CubeIDE_1.16.1/STM32CubeIDE/plugins/com.st.stm32cube.ide.mcu.externaltools.gnu-tools-for-stm32.13.3.rel1.win32_1.0.0.202411081344/tools/bin/../lib/gcc/arm-none-eabi/13.3.1/../../../../arm-none-eabi/lib/thumb/v7-m/nofp\libc_nano.a(libc_a-lock.o)
                0x20000f4c                __lock___malloc_recursive_mutex
 *fill*         0x20000f4d        0x3 
 .bss.__malloc_free_list
                0x20000f50        0x4 C:/ST/STM32CubeIDE_1.16.1/STM32CubeIDE/plugins/com.st.stm32cube.ide.mcu.externaltools.gnu-tools-for-stm32.13.3.rel1.win32_1.0.0.202411081344/tools/bin/../lib/gcc/arm-none-eabi/13.3.1/../../../../arm-none-eabi/lib/thumb/v7-m/nofp\libc_nano.a(libc_a-mallocr.o)
                0x20000f50                __malloc_free_list
 *(COMMON)
                0x20000f54                        . = ALIGN (0x4)
                0x20000f54                        _ebss = .
                0x20000f54                        __bss_end__ = _ebss

._user_heap_stack
                0x20000f54      0x604 load address 0x08002c70
                0x20000f58                        . = ALIGN (0x8)
 *fill*         0x20000f54        0x4 
                0x20000f58                        PROVIDE (end = .)
                [!provide]                        PROVIDE (_end = .)
                0x20001158                        . = (. + _Min_Heap_Size)
 *fill*         0x20000f58      0x200 
                0x20001558                        . = (. + _Min_Stack_Size)
 *fill*         0x20001158      0x400 
                0x20001558                        . = ALIGN (0x8)

/DISCARD/
 libc.a(*)
 libm.a(*)
 libgcc.a(*)

.ARM.attributes
                0x00000000       0x29
 *(.ARM.attributes)
 .ARM.attributes
                0x00000000       0x1d C:/ST/STM32CubeIDE_1.16.1/STM32CubeIDE/plugins/com.st.stm32cube.ide.mcu.externaltools.gnu-tools-for-stm32.13.3.rel1.win32_1.0.0.202411081344/tools/bin/../lib/gcc/arm-none-eabi/13.3.1/thumb/v7-m/nofp/crti.o
 .ARM.attributes
                0x0000001d       0x2d C:/ST/STM32CubeIDE_1.16.1/STM32CubeIDE/plugins/com.st.stm32cube.ide.mcu.externaltools.gnu-tools-for-stm32.13.3.rel1.win32_1.0.0.202411081344/tools/bin/../lib/gcc/arm-none-eabi/13.3.1/thumb/v7-m/nofp/crtbegin.o
 .ARM.attributes
                0x0000004a       0x2d ./Core/Src/main.o
 .ARM.attributes
                0x00000077       0x2d ./Core/Src/stm32f1xx_hal_msp.o
 .ARM.attributes
                0x000000a4       0x2d ./Core/Src/stm32f1xx_hal_timebase_tim.o
 .ARM.attributes
                0x000000d1       0x2d ./Core/Src/stm32f1xx_it.o
 .ARM.attributes
                0x000000fe       0x2d ./Core/Src/system_stm32f1xx.o
 .ARM.attributes
                0x0000012b       0x21 ./Core/Startup/startup_stm32f103c8tx.o
 .ARM.attributes
                0x0000014c       0x2d ./Drivers/STM32F1xx_HAL_Driver/Src/stm32f1xx_hal.o
 .ARM.attributes
                0x00000179       0x2d ./Drivers/STM32F1xx_HAL_Driver/Src/stm32f1xx_hal_cortex.o
 .ARM.attributes
                0x000001a6       0x2d ./Drivers/STM32F1xx_HAL_Driver/Src/stm32f1xx_hal_gpio.o
 .ARM.attributes
                0x000001d3       0x2d ./Drivers/STM32F1xx_HAL_Driver/Src/stm32f1xx_hal_rcc.o
 .ARM.attributes
                0x00000200       0x2d ./Drivers/STM32F1xx_HAL_Driver/Src/stm32f1xx_hal_tim.o
 .ARM.attributes
                0x0000022d       0x2d ./Drivers/STM32F1xx_HAL_Driver/Src/stm32f1xx_hal_tim_ex.o
 .ARM.attributes
                0x0000025a       0x2d ./ThirdParty/list.o
 .ARM.attributes
                0x00000287       0x2d ./ThirdParty/tasks.o
 .ARM.attributes
                0x000002b4       0x2d ./ThirdParty/portable/GCC/ARM_CM3/port.o
 .ARM.attributes
                0x000002e1       0x2d ./ThirdParty/portable/MemMang/heap_4.o
 .ARM.attributes
                0x0000030e       0x2d C:/ST/STM32CubeIDE_1.16.1/STM32CubeIDE/plugins/com.st.stm32cube.ide.mcu.externaltools.gnu-tools-for-stm32.13.3.rel1.win32_1.0.0.202411081344/tools/bin/../lib/gcc/arm-none-eabi/13.3.1/../../../../arm-none-eabi/lib/thumb/v7-m/nofp\libc_nano.a(libc_a-findfp.o)
 .ARM.attributes
                0x0000033b       0x2d C:/ST/STM32CubeIDE_1.16.1/STM32CubeIDE/plugins/com.st.stm32cube.ide.mcu.externaltools.gnu-tools-for-stm32.13.3.rel1.win32_1.0.0.202411081344/tools/bin/../lib/gcc/arm-none-eabi/13.3.1/../../../../arm-none-eabi/lib/thumb/v7-m/nofp\libc_nano.a(libc_a-memset.o)
 .ARM.attributes
                0x00000368       0x2d C:/ST/STM32CubeIDE_1.16.1/STM32CubeIDE/plugins/com.st.stm32cube.ide.mcu.externaltools.gnu-tools-for-stm32.13.3.rel1.win32_1.0.0.202411081344/tools/bin/../lib/gcc/arm-none-eabi/13.3.1/../../../../arm-none-eabi/lib/thumb/v7-m/nofp\libc_nano.a(libc_a-reent.o)
 .ARM.attributes
                0x00000395       0x2d C:/ST/STM32CubeIDE_1.16.1/STM32CubeIDE/plugins/com.st.stm32cube.ide.mcu.externaltools.gnu-tools-for-stm32.13.3.rel1.win32_1.0.0.202411081344/tools/bin/../lib/gcc/arm-none-eabi/13.3.1/../../../../arm-none-eabi/lib/thumb/v7-m/nofp\libc_nano.a(libc_a-impure.o)
 .ARM.attributes
                0x000003c2       0x2d C:/ST/STM32CubeIDE_1.16.1/STM32CubeIDE/plugins/com.st.stm32cube.ide.mcu.externaltools.gnu-tools-for-stm32.13.3.rel1.win32_1.0.0.202411081344/tools/bin/../lib/gcc/arm-none-eabi/13.3.1/../../../../arm-none-eabi/lib/thumb/v7-m/nofp\libc_nano.a(libc_a-init.o)
 .ARM.attributes
                0x000003ef       0x2d C:/ST/STM32CubeIDE_1.16.1/STM32CubeIDE/plugins/com.st.stm32cube.ide.mcu.externaltools.gnu-tools-for-stm32.13.3.rel1.win32_1.0.0.202411081344/tools/bin/../lib/gcc/arm-none-eabi/13.3.1/../../../../arm-none-eabi/lib/thumb/v7-m/nofp\libc_nano.a(libc_a-lock.o)
 .ARM.attributes
                0x0000041c       0x2d C:/ST/STM32CubeIDE_1.16.1/STM32CubeIDE/plugins/com.st.stm32cube.ide.mcu.externaltools.gnu-tools-for-stm32.13.3.rel1.win32_1.0.0.202411081344/tools/bin/../lib/gcc/arm-none-eabi/13.3.1/../../../../arm-none-eabi/lib/thumb/v7-m/nofp\libc_nano.a(libc_a-freer.o)
 .ARM.attributes
                0x00000449       0x2d C:/ST/STM32CubeIDE_1.16.1/STM32CubeIDE/plugins/com.st.stm32cube.ide.mcu.externaltools.gnu-tools-for-stm32.13.3.rel1.win32_1.0.0.202411081344/tools/bin/../lib/gcc/arm-none-eabi/13.3.1/../../../../arm-none-eabi/lib/thumb/v7-m/nofp\libc_nano.a(libc_a-mallocr.o)
 .ARM.attributes
                0x00000476       0x2d C:/ST/STM32CubeIDE_1.16.1/STM32CubeIDE/plugins/com.st.stm32cube.ide.mcu.externaltools.gnu-tools-for-stm32.13.3.rel1.win32_1.0.0.202411081344/tools/bin/../lib/gcc/arm-none-eabi/13.3.1/../../../../arm-none-eabi/lib/thumb/v7-m/nofp\libc_nano.a(libc_a-mlock.o)
 .ARM.attributes
                0x000004a3       0x1d C:/ST/STM32CubeIDE_1.16.1/STM32CubeIDE/plugins/com.st.stm32cube.ide.mcu.externaltools.gnu-tools-for-stm32.13.3.rel1.win32_1.0.0.202411081344/tools/bin/../lib/gcc/arm-none-eabi/13.3.1/thumb/v7-m/nofp/crtn.o
OUTPUT(c2_5_rtos_3led_blink.elf elf32-littlearm)
LOAD linker stubs
LOAD C:/ST/STM32CubeIDE_1.16.1/STM32CubeIDE/plugins/com.st.stm32cube.ide.mcu.externaltools.gnu-tools-for-stm32.13.3.rel1.win32_1.0.0.202411081344/tools/bin/../lib/gcc/arm-none-eabi/13.3.1/../../../../arm-none-eabi/lib/thumb/v7-m/nofp\libc.a
LOAD C:/ST/STM32CubeIDE_1.16.1/STM32CubeIDE/plugins/com.st.stm32cube.ide.mcu.externaltools.gnu-tools-for-stm32.13.3.rel1.win32_1.0.0.202411081344/tools/bin/../lib/gcc/arm-none-eabi/13.3.1/../../../../arm-none-eabi/lib/thumb/v7-m/nofp\libm.a
LOAD C:/ST/STM32CubeIDE_1.16.1/STM32CubeIDE/plugins/com.st.stm32cube.ide.mcu.externaltools.gnu-tools-for-stm32.13.3.rel1.win32_1.0.0.202411081344/tools/bin/../lib/gcc/arm-none-eabi/13.3.1/thumb/v7-m/nofp\libgcc.a

.debug_info     0x00000000     0xaa73
 .debug_info    0x00000000      0xc21 ./Core/Src/main.o
 .debug_info    0x00000c21      0x1f1 ./Core/Src/stm32f1xx_hal_msp.o
 .debug_info    0x00000e12      0x9a8 ./Core/Src/stm32f1xx_hal_timebase_tim.o
 .debug_info    0x000017ba      0x66a ./Core/Src/stm32f1xx_it.o
 .debug_info    0x00001e24      0x222 ./Core/Src/system_stm32f1xx.o
 .debug_info    0x00002046       0x30 ./Core/Startup/startup_stm32f103c8tx.o
 .debug_info    0x00002076      0x704 ./Drivers/STM32F1xx_HAL_Driver/Src/stm32f1xx_hal.o
 .debug_info    0x0000277a      0xa87 ./Drivers/STM32F1xx_HAL_Driver/Src/stm32f1xx_hal_cortex.o
 .debug_info    0x00003201      0x5ab ./Drivers/STM32F1xx_HAL_Driver/Src/stm32f1xx_hal_gpio.o
 .debug_info    0x000037ac      0x7d5 ./Drivers/STM32F1xx_HAL_Driver/Src/stm32f1xx_hal_rcc.o
 .debug_info    0x00003f81     0x2959 ./Drivers/STM32F1xx_HAL_Driver/Src/stm32f1xx_hal_tim.o
 .debug_info    0x000068da     0x149b ./Drivers/STM32F1xx_HAL_Driver/Src/stm32f1xx_hal_tim_ex.o
 .debug_info    0x00007d75      0x2af ./ThirdParty/list.o
 .debug_info    0x00008024     0x2219 ./ThirdParty/tasks.o
 .debug_info    0x0000a23d      0x363 ./ThirdParty/portable/GCC/ARM_CM3/port.o
 .debug_info    0x0000a5a0      0x4d3 ./ThirdParty/portable/MemMang/heap_4.o

.debug_abbrev   0x00000000     0x1ffb
 .debug_abbrev  0x00000000      0x2c5 ./Core/Src/main.o
 .debug_abbrev  0x000002c5       0xdb ./Core/Src/stm32f1xx_hal_msp.o
 .debug_abbrev  0x000003a0      0x1f3 ./Core/Src/stm32f1xx_hal_timebase_tim.o
 .debug_abbrev  0x00000593      0x17c ./Core/Src/stm32f1xx_it.o
 .debug_abbrev  0x0000070f      0x13f ./Core/Src/system_stm32f1xx.o
 .debug_abbrev  0x0000084e       0x24 ./Core/Startup/startup_stm32f103c8tx.o
 .debug_abbrev  0x00000872      0x201 ./Drivers/STM32F1xx_HAL_Driver/Src/stm32f1xx_hal.o
 .debug_abbrev  0x00000a73      0x2f8 ./Drivers/STM32F1xx_HAL_Driver/Src/stm32f1xx_hal_cortex.o
 .debug_abbrev  0x00000d6b      0x1ca ./Drivers/STM32F1xx_HAL_Driver/Src/stm32f1xx_hal_gpio.o
 .debug_abbrev  0x00000f35      0x2b3 ./Drivers/STM32F1xx_HAL_Driver/Src/stm32f1xx_hal_rcc.o
 .debug_abbrev  0x000011e8      0x277 ./Drivers/STM32F1xx_HAL_Driver/Src/stm32f1xx_hal_tim.o
 .debug_abbrev  0x0000145f      0x282 ./Drivers/STM32F1xx_HAL_Driver/Src/stm32f1xx_hal_tim_ex.o
 .debug_abbrev  0x000016e1       0xf5 ./ThirdParty/list.o
 .debug_abbrev  0x000017d6      0x3d3 ./ThirdParty/tasks.o
 .debug_abbrev  0x00001ba9      0x234 ./ThirdParty/portable/GCC/ARM_CM3/port.o
 .debug_abbrev  0x00001ddd      0x21e ./ThirdParty/portable/MemMang/heap_4.o

.debug_aranges  0x00000000      0xc00
 .debug_aranges
                0x00000000       0x58 ./Core/Src/main.o
 .debug_aranges
                0x00000058       0x20 ./Core/Src/stm32f1xx_hal_msp.o
 .debug_aranges
                0x00000078       0x30 ./Core/Src/stm32f1xx_hal_timebase_tim.o
 .debug_aranges
                0x000000a8       0x50 ./Core/Src/stm32f1xx_it.o
 .debug_aranges
                0x000000f8       0x28 ./Core/Src/system_stm32f1xx.o
 .debug_aranges
                0x00000120       0x28 ./Core/Startup/startup_stm32f103c8tx.o
 .debug_aranges
                0x00000148       0xe0 ./Drivers/STM32F1xx_HAL_Driver/Src/stm32f1xx_hal.o
 .debug_aranges
                0x00000228      0x100 ./Drivers/STM32F1xx_HAL_Driver/Src/stm32f1xx_hal_cortex.o
 .debug_aranges
                0x00000328       0x58 ./Drivers/STM32F1xx_HAL_Driver/Src/stm32f1xx_hal_gpio.o
 .debug_aranges
                0x00000380       0x90 ./Drivers/STM32F1xx_HAL_Driver/Src/stm32f1xx_hal_rcc.o
 .debug_aranges
                0x00000410      0x3d0 ./Drivers/STM32F1xx_HAL_Driver/Src/stm32f1xx_hal_tim.o
 .debug_aranges
                0x000007e0      0x168 ./Drivers/STM32F1xx_HAL_Driver/Src/stm32f1xx_hal_tim_ex.o
 .debug_aranges
                0x00000948       0x40 ./ThirdParty/list.o
 .debug_aranges
                0x00000988      0x1b0 ./ThirdParty/tasks.o
 .debug_aranges
                0x00000b38       0x70 ./ThirdParty/portable/GCC/ARM_CM3/port.o
 .debug_aranges
                0x00000ba8       0x58 ./ThirdParty/portable/MemMang/heap_4.o

.debug_rnglists
                0x00000000      0x938
 .debug_rnglists
                0x00000000       0x3f ./Core/Src/main.o
 .debug_rnglists
                0x0000003f       0x13 ./Core/Src/stm32f1xx_hal_msp.o
 .debug_rnglists
                0x00000052       0x20 ./Core/Src/stm32f1xx_hal_timebase_tim.o
 .debug_rnglists
                0x00000072       0x37 ./Core/Src/stm32f1xx_it.o
 .debug_rnglists
                0x000000a9       0x1a ./Core/Src/system_stm32f1xx.o
 .debug_rnglists
                0x000000c3       0x19 ./Core/Startup/startup_stm32f103c8tx.o
 .debug_rnglists
                0x000000dc       0xa3 ./Drivers/STM32F1xx_HAL_Driver/Src/stm32f1xx_hal.o
 .debug_rnglists
                0x0000017f       0xbb ./Drivers/STM32F1xx_HAL_Driver/Src/stm32f1xx_hal_cortex.o
 .debug_rnglists
                0x0000023a       0x3f ./Drivers/STM32F1xx_HAL_Driver/Src/stm32f1xx_hal_gpio.o
 .debug_rnglists
                0x00000279       0x6c ./Drivers/STM32F1xx_HAL_Driver/Src/stm32f1xx_hal_rcc.o
 .debug_rnglists
                0x000002e5      0x31a ./Drivers/STM32F1xx_HAL_Driver/Src/stm32f1xx_hal_tim.o
 .debug_rnglists
                0x000005ff      0x125 ./Drivers/STM32F1xx_HAL_Driver/Src/stm32f1xx_hal_tim_ex.o
 .debug_rnglists
                0x00000724       0x2b ./ThirdParty/list.o
 .debug_rnglists
                0x0000074f      0x158 ./ThirdParty/tasks.o
 .debug_rnglists
                0x000008a7       0x4f ./ThirdParty/portable/GCC/ARM_CM3/port.o
 .debug_rnglists
                0x000008f6       0x42 ./ThirdParty/portable/MemMang/heap_4.o

.debug_macro    0x00000000    0x1832e
 .debug_macro   0x00000000      0x2bb ./Core/Src/main.o
 .debug_macro   0x000002bb      0xacc ./Core/Src/main.o
 .debug_macro   0x00000d87      0x215 ./Core/Src/main.o
 .debug_macro   0x00000f9c       0x2e ./Core/Src/main.o
 .debug_macro   0x00000fca       0x22 ./Core/Src/main.o
 .debug_macro   0x00000fec       0x22 ./Core/Src/main.o
 .debug_macro   0x0000100e       0x8e ./Core/Src/main.o
 .debug_macro   0x0000109c       0x51 ./Core/Src/main.o
 .debug_macro   0x000010ed      0x103 ./Core/Src/main.o
 .debug_macro   0x000011f0       0x6a ./Core/Src/main.o
 .debug_macro   0x0000125a      0x1df ./Core/Src/main.o
 .debug_macro   0x00001439       0x1c ./Core/Src/main.o
 .debug_macro   0x00001455       0x22 ./Core/Src/main.o
 .debug_macro   0x00001477       0xbd ./Core/Src/main.o
 .debug_macro   0x00001534      0xd23 ./Core/Src/main.o
 .debug_macro   0x00002257     0xe09e ./Core/Src/main.o
 .debug_macro   0x000102f5       0x6d ./Core/Src/main.o
 .debug_macro   0x00010362     0x34a2 ./Core/Src/main.o
 .debug_macro   0x00013804      0x190 ./Core/Src/main.o
 .debug_macro   0x00013994       0x5c ./Core/Src/main.o
 .debug_macro   0x000139f0      0x5bc ./Core/Src/main.o
 .debug_macro   0x00013fac      0x289 ./Core/Src/main.o
 .debug_macro   0x00014235      0x1cb ./Core/Src/main.o
 .debug_macro   0x00014400      0x114 ./Core/Src/main.o
 .debug_macro   0x00014514      0x1b2 ./Core/Src/main.o
 .debug_macro   0x000146c6       0x27 ./Core/Src/main.o
 .debug_macro   0x000146ed      0x136 ./Core/Src/main.o
 .debug_macro   0x00014823      0x1bc ./Core/Src/main.o
 .debug_macro   0x000149df       0x34 ./Core/Src/main.o
 .debug_macro   0x00014a13       0x3c ./Core/Src/main.o
 .debug_macro   0x00014a4f       0x57 ./Core/Src/main.o
 .debug_macro   0x00014aa6       0x87 ./Core/Src/main.o
 .debug_macro   0x00014b2d      0x240 ./Core/Src/main.o
 .debug_macro   0x00014d6d      0x140 ./Core/Src/main.o
 .debug_macro   0x00014ead      0x8ed ./Core/Src/main.o
 .debug_macro   0x0001579a       0x83 ./Core/Src/main.o
 .debug_macro   0x0001581d       0xf1 ./Core/Src/main.o
 .debug_macro   0x0001590e      0x15a ./Core/Src/main.o
 .debug_macro   0x00015a68       0xe4 ./Core/Src/main.o
 .debug_macro   0x00015b4c       0x1c ./Core/Src/main.o
 .debug_macro   0x00015b68       0x26 ./Core/Src/main.o
 .debug_macro   0x00015b8e       0x61 ./Core/Src/main.o
 .debug_macro   0x00015bef       0x24 ./Core/Src/main.o
 .debug_macro   0x00015c13       0x43 ./Core/Src/main.o
 .debug_macro   0x00015c56       0x34 ./Core/Src/main.o
 .debug_macro   0x00015c8a      0x370 ./Core/Src/main.o
 .debug_macro   0x00015ffa       0x16 ./Core/Src/main.o
 .debug_macro   0x00016010       0x4a ./Core/Src/main.o
 .debug_macro   0x0001605a       0x34 ./Core/Src/main.o
 .debug_macro   0x0001608e       0x10 ./Core/Src/main.o
 .debug_macro   0x0001609e       0x58 ./Core/Src/main.o
 .debug_macro   0x000160f6       0x8e ./Core/Src/main.o
 .debug_macro   0x00016184       0x1c ./Core/Src/main.o
 .debug_macro   0x000161a0      0x185 ./Core/Src/main.o
 .debug_macro   0x00016325       0x10 ./Core/Src/main.o
 .debug_macro   0x00016335       0x3c ./Core/Src/main.o
 .debug_macro   0x00016371      0x50c ./Core/Src/main.o
 .debug_macro   0x0001687d       0xb5 ./Core/Src/main.o
 .debug_macro   0x00016932      0x120 ./Core/Src/main.o
 .debug_macro   0x00016a52      0x1a3 ./Core/Src/stm32f1xx_hal_msp.o
 .debug_macro   0x00016bf5      0x199 ./Core/Src/stm32f1xx_hal_timebase_tim.o
 .debug_macro   0x00016d8e      0x1ad ./Core/Src/stm32f1xx_it.o
 .debug_macro   0x00016f3b      0x199 ./Core/Src/system_stm32f1xx.o
 .debug_macro   0x000170d4      0x1bd ./Drivers/STM32F1xx_HAL_Driver/Src/stm32f1xx_hal.o
 .debug_macro   0x00017291      0x199 ./Drivers/STM32F1xx_HAL_Driver/Src/stm32f1xx_hal_cortex.o
 .debug_macro   0x0001742a      0x204 ./Drivers/STM32F1xx_HAL_Driver/Src/stm32f1xx_hal_gpio.o
 .debug_macro   0x0001762e      0x1ab ./Drivers/STM32F1xx_HAL_Driver/Src/stm32f1xx_hal_rcc.o
 .debug_macro   0x000177d9      0x19a ./Drivers/STM32F1xx_HAL_Driver/Src/stm32f1xx_hal_tim.o
 .debug_macro   0x00017973      0x199 ./Drivers/STM32F1xx_HAL_Driver/Src/stm32f1xx_hal_tim_ex.o
 .debug_macro   0x00017b0c      0x1a5 ./ThirdParty/list.o
 .debug_macro   0x00017cb1      0x28b ./ThirdParty/tasks.o
 .debug_macro   0x00017f3c       0x10 ./ThirdParty/tasks.o
 .debug_macro   0x00017f4c      0x222 ./ThirdParty/portable/GCC/ARM_CM3/port.o
 .debug_macro   0x0001816e      0x1c0 ./ThirdParty/portable/MemMang/heap_4.o

.debug_line     0x00000000     0xd5ab
 .debug_line    0x00000000      0xabd ./Core/Src/main.o
 .debug_line    0x00000abd      0x6e5 ./Core/Src/stm32f1xx_hal_msp.o
 .debug_line    0x000011a2      0x763 ./Core/Src/stm32f1xx_hal_timebase_tim.o
 .debug_line    0x00001905      0x76d ./Core/Src/stm32f1xx_it.o
 .debug_line    0x00002072      0x763 ./Core/Src/system_stm32f1xx.o
 .debug_line    0x000027d5       0x78 ./Core/Startup/startup_stm32f103c8tx.o
 .debug_line    0x0000284d      0x994 ./Drivers/STM32F1xx_HAL_Driver/Src/stm32f1xx_hal.o
 .debug_line    0x000031e1      0xb5e ./Drivers/STM32F1xx_HAL_Driver/Src/stm32f1xx_hal_cortex.o
 .debug_line    0x00003d3f      0x9f1 ./Drivers/STM32F1xx_HAL_Driver/Src/stm32f1xx_hal_gpio.o
 .debug_line    0x00004730      0xe4d ./Drivers/STM32F1xx_HAL_Driver/Src/stm32f1xx_hal_rcc.o
 .debug_line    0x0000557d     0x3482 ./Drivers/STM32F1xx_HAL_Driver/Src/stm32f1xx_hal_tim.o
 .debug_line    0x000089ff     0x1858 ./Drivers/STM32F1xx_HAL_Driver/Src/stm32f1xx_hal_tim_ex.o
 .debug_line    0x0000a257      0x7c5 ./ThirdParty/list.o
 .debug_line    0x0000aa1c     0x18cd ./ThirdParty/tasks.o
 .debug_line    0x0000c2e9      0x8ca ./ThirdParty/portable/GCC/ARM_CM3/port.o
 .debug_line    0x0000cbb3      0x9f8 ./ThirdParty/portable/MemMang/heap_4.o

.debug_str      0x00000000    0x8e842
 .debug_str     0x00000000    0x8e842 ./Core/Src/main.o
                              0x89f67 (size before relaxing)
 .debug_str     0x0008e842    0x81b3a ./Core/Src/stm32f1xx_hal_msp.o
 .debug_str     0x0008e842    0x8242d ./Core/Src/stm32f1xx_hal_timebase_tim.o
 .debug_str     0x0008e842    0x82009 ./Core/Src/stm32f1xx_it.o
 .debug_str     0x0008e842    0x81b65 ./Core/Src/system_stm32f1xx.o
 .debug_str     0x0008e842       0x8e ./Core/Startup/startup_stm32f103c8tx.o
 .debug_str     0x0008e842    0x82298 ./Drivers/STM32F1xx_HAL_Driver/Src/stm32f1xx_hal.o
 .debug_str     0x0008e842    0x821e4 ./Drivers/STM32F1xx_HAL_Driver/Src/stm32f1xx_hal_cortex.o
 .debug_str     0x0008e842    0x81eeb ./Drivers/STM32F1xx_HAL_Driver/Src/stm32f1xx_hal_gpio.o
 .debug_str     0x0008e842    0x81f94 ./Drivers/STM32F1xx_HAL_Driver/Src/stm32f1xx_hal_rcc.o
 .debug_str     0x0008e842    0x82f96 ./Drivers/STM32F1xx_HAL_Driver/Src/stm32f1xx_hal_tim.o
 .debug_str     0x0008e842    0x827a2 ./Drivers/STM32F1xx_HAL_Driver/Src/stm32f1xx_hal_tim_ex.o
 .debug_str     0x0008e842     0xad2e ./ThirdParty/list.o
 .debug_str     0x0008e842     0xde91 ./ThirdParty/tasks.o
 .debug_str     0x0008e842     0xc3f5 ./ThirdParty/portable/GCC/ARM_CM3/port.o
 .debug_str     0x0008e842     0xc1f7 ./ThirdParty/portable/MemMang/heap_4.o

.comment        0x00000000       0x43
 .comment       0x00000000       0x43 ./Core/Src/main.o
                                 0x44 (size before relaxing)
 .comment       0x00000043       0x44 ./Core/Src/stm32f1xx_hal_msp.o
 .comment       0x00000043       0x44 ./Core/Src/stm32f1xx_hal_timebase_tim.o
 .comment       0x00000043       0x44 ./Core/Src/stm32f1xx_it.o
 .comment       0x00000043       0x44 ./Core/Src/system_stm32f1xx.o
 .comment       0x00000043       0x44 ./Drivers/STM32F1xx_HAL_Driver/Src/stm32f1xx_hal.o
 .comment       0x00000043       0x44 ./Drivers/STM32F1xx_HAL_Driver/Src/stm32f1xx_hal_cortex.o
 .comment       0x00000043       0x44 ./Drivers/STM32F1xx_HAL_Driver/Src/stm32f1xx_hal_gpio.o
 .comment       0x00000043       0x44 ./Drivers/STM32F1xx_HAL_Driver/Src/stm32f1xx_hal_rcc.o
 .comment       0x00000043       0x44 ./Drivers/STM32F1xx_HAL_Driver/Src/stm32f1xx_hal_tim.o
 .comment       0x00000043       0x44 ./Drivers/STM32F1xx_HAL_Driver/Src/stm32f1xx_hal_tim_ex.o
 .comment       0x00000043       0x44 ./ThirdParty/list.o
 .comment       0x00000043       0x44 ./ThirdParty/tasks.o
 .comment       0x00000043       0x44 ./ThirdParty/portable/GCC/ARM_CM3/port.o
 .comment       0x00000043       0x44 ./ThirdParty/portable/MemMang/heap_4.o

.debug_frame    0x00000000     0x336c
 .debug_frame   0x00000000      0x114 ./Core/Src/main.o
 .debug_frame   0x00000114       0x38 ./Core/Src/stm32f1xx_hal_msp.o
 .debug_frame   0x0000014c       0x74 ./Core/Src/stm32f1xx_hal_timebase_tim.o
 .debug_frame   0x000001c0       0xc4 ./Core/Src/stm32f1xx_it.o
 .debug_frame   0x00000284       0x58 ./Core/Src/system_stm32f1xx.o
 .debug_frame   0x000002dc      0x334 ./Drivers/STM32F1xx_HAL_Driver/Src/stm32f1xx_hal.o
 .debug_frame   0x00000610      0x428 ./Drivers/STM32F1xx_HAL_Driver/Src/stm32f1xx_hal_cortex.o
 .debug_frame   0x00000a38      0x14c ./Drivers/STM32F1xx_HAL_Driver/Src/stm32f1xx_hal_gpio.o
 .debug_frame   0x00000b84      0x218 ./Drivers/STM32F1xx_HAL_Driver/Src/stm32f1xx_hal_rcc.o
 .debug_frame   0x00000d9c     0x11b8 ./Drivers/STM32F1xx_HAL_Driver/Src/stm32f1xx_hal_tim.o
 .debug_frame   0x00001f54      0x638 ./Drivers/STM32F1xx_HAL_Driver/Src/stm32f1xx_hal_tim_ex.o
 .debug_frame   0x0000258c       0xd8 ./ThirdParty/list.o
 .debug_frame   0x00002664      0x744 ./ThirdParty/tasks.o
 .debug_frame   0x00002da8      0x168 ./ThirdParty/portable/GCC/ARM_CM3/port.o
 .debug_frame   0x00002f10      0x12c ./ThirdParty/portable/MemMang/heap_4.o
 .debug_frame   0x0000303c      0x144 C:/ST/STM32CubeIDE_1.16.1/STM32CubeIDE/plugins/com.st.stm32cube.ide.mcu.externaltools.gnu-tools-for-stm32.13.3.rel1.win32_1.0.0.202411081344/tools/bin/../lib/gcc/arm-none-eabi/13.3.1/../../../../arm-none-eabi/lib/thumb/v7-m/nofp\libc_nano.a(libc_a-findfp.o)
 .debug_frame   0x00003180       0x20 C:/ST/STM32CubeIDE_1.16.1/STM32CubeIDE/plugins/com.st.stm32cube.ide.mcu.externaltools.gnu-tools-for-stm32.13.3.rel1.win32_1.0.0.202411081344/tools/bin/../lib/gcc/arm-none-eabi/13.3.1/../../../../arm-none-eabi/lib/thumb/v7-m/nofp\libc_nano.a(libc_a-memset.o)
 .debug_frame   0x000031a0       0x38 C:/ST/STM32CubeIDE_1.16.1/STM32CubeIDE/plugins/com.st.stm32cube.ide.mcu.externaltools.gnu-tools-for-stm32.13.3.rel1.win32_1.0.0.202411081344/tools/bin/../lib/gcc/arm-none-eabi/13.3.1/../../../../arm-none-eabi/lib/thumb/v7-m/nofp\libc_nano.a(libc_a-reent.o)
 .debug_frame   0x000031d8       0x2c C:/ST/STM32CubeIDE_1.16.1/STM32CubeIDE/plugins/com.st.stm32cube.ide.mcu.externaltools.gnu-tools-for-stm32.13.3.rel1.win32_1.0.0.202411081344/tools/bin/../lib/gcc/arm-none-eabi/13.3.1/../../../../arm-none-eabi/lib/thumb/v7-m/nofp\libc_nano.a(libc_a-init.o)
 .debug_frame   0x00003204       0xb0 C:/ST/STM32CubeIDE_1.16.1/STM32CubeIDE/plugins/com.st.stm32cube.ide.mcu.externaltools.gnu-tools-for-stm32.13.3.rel1.win32_1.0.0.202411081344/tools/bin/../lib/gcc/arm-none-eabi/13.3.1/../../../../arm-none-eabi/lib/thumb/v7-m/nofp\libc_nano.a(libc_a-lock.o)
 .debug_frame   0x000032b4       0x38 C:/ST/STM32CubeIDE_1.16.1/STM32CubeIDE/plugins/com.st.stm32cube.ide.mcu.externaltools.gnu-tools-for-stm32.13.3.rel1.win32_1.0.0.202411081344/tools/bin/../lib/gcc/arm-none-eabi/13.3.1/../../../../arm-none-eabi/lib/thumb/v7-m/nofp\libc_nano.a(libc_a-freer.o)
 .debug_frame   0x000032ec       0x50 C:/ST/STM32CubeIDE_1.16.1/STM32CubeIDE/plugins/com.st.stm32cube.ide.mcu.externaltools.gnu-tools-for-stm32.13.3.rel1.win32_1.0.0.202411081344/tools/bin/../lib/gcc/arm-none-eabi/13.3.1/../../../../arm-none-eabi/lib/thumb/v7-m/nofp\libc_nano.a(libc_a-mallocr.o)
 .debug_frame   0x0000333c       0x30 C:/ST/STM32CubeIDE_1.16.1/STM32CubeIDE/plugins/com.st.stm32cube.ide.mcu.externaltools.gnu-tools-for-stm32.13.3.rel1.win32_1.0.0.202411081344/tools/bin/../lib/gcc/arm-none-eabi/13.3.1/../../../../arm-none-eabi/lib/thumb/v7-m/nofp\libc_nano.a(libc_a-mlock.o)

.debug_line_str
                0x00000000       0x72
 .debug_line_str
                0x00000000       0x72 ./Core/Startup/startup_stm32f103c8tx.o
