D:/emcog/rtos/common/ThirdParty/FreeRtos/portable/GCC/ARM_CM3/port.c:174:15:pxPortInitialiseStack	24	static
D:/emcog/rtos/common/ThirdParty/FreeRtos/portable/GCC/ARM_CM3/port.c:194:13:prvTaskExitError	24	static,ignoring_inline_asm
D:/emcog/rtos/common/ThirdParty/FreeRtos/portable/GCC/ARM_CM3/port.c:220:6:SVC_Handler	0	static,ignoring_inline_asm
D:/emcog/rtos/common/ThirdParty/FreeRtos/portable/GCC/ARM_CM3/port.c:240:13:prvPortStartFirstTask	0	static,ignoring_inline_asm
D:/emcog/rtos/common/ThirdParty/FreeRtos/portable/GCC/ARM_CM3/port.c:262:12:xPortStartScheduler	8	static
D:/emcog/rtos/common/ThirdParty/FreeRtos/portable/GCC/ARM_CM3/port.c:360:6:vPortEndScheduler	16	static,ignoring_inline_asm
D:/emcog/rtos/common/ThirdParty/FreeRtos/portable/GCC/ARM_CM3/port.c:368:6:vPortEnterCritical	16	static,ignoring_inline_asm
D:/emcog/rtos/common/ThirdParty/FreeRtos/portable/GCC/ARM_CM3/port.c:385:6:vPortExitCritical	16	static,ignoring_inline_asm
D:/emcog/rtos/common/ThirdParty/FreeRtos/portable/GCC/ARM_CM3/port.c:397:6:PendSV_Handler	0	static,ignoring_inline_asm
D:/emcog/rtos/common/ThirdParty/FreeRtos/portable/GCC/ARM_CM3/port.c:434:6:SysTick_Handler	16	static,ignoring_inline_asm
D:/emcog/rtos/common/ThirdParty/FreeRtos/portable/GCC/ARM_CM3/port.c:628:32:vPortSetupTimerInterrupt	4	static
